Component: ARM Compiler 5.05 update 1 (build 106) Tool: armlink [4d0efa]

==============================================================================

Section Cross References

    startup_stm32f10x_cl.o(STACK) refers (Special) to heapauxi.o(.text) for __use_two_region_memory
    startup_stm32f10x_cl.o(HEAP) refers (Special) to heapauxi.o(.text) for __use_two_region_memory
    startup_stm32f10x_cl.o(RESET) refers (Special) to heapauxi.o(.text) for __use_two_region_memory
    startup_stm32f10x_cl.o(RESET) refers to startup_stm32f10x_cl.o(STACK) for __initial_sp
    startup_stm32f10x_cl.o(RESET) refers to startup_stm32f10x_cl.o(.text) for Reset_Handler
    startup_stm32f10x_cl.o(RESET) refers to stm32f10x_it.o(i.NMI_Handler) for NMI_Handler
    startup_stm32f10x_cl.o(RESET) refers to stm32f10x_it.o(i.HardFault_Handler) for HardFault_Handler
    startup_stm32f10x_cl.o(RESET) refers to stm32f10x_it.o(i.MemManage_Handler) for MemManage_Handler
    startup_stm32f10x_cl.o(RESET) refers to stm32f10x_it.o(i.BusFault_Handler) for BusFault_Handler
    startup_stm32f10x_cl.o(RESET) refers to stm32f10x_it.o(i.UsageFault_Handler) for UsageFault_Handler
    startup_stm32f10x_cl.o(RESET) refers to stm32f10x_it.o(i.SVC_Handler) for SVC_Handler
    startup_stm32f10x_cl.o(RESET) refers to stm32f10x_it.o(i.DebugMon_Handler) for DebugMon_Handler
    startup_stm32f10x_cl.o(RESET) refers to stm32f10x_it.o(i.PendSV_Handler) for PendSV_Handler
    startup_stm32f10x_cl.o(RESET) refers to stm32f10x_it.o(i.SysTick_Handler) for SysTick_Handler
    startup_stm32f10x_cl.o(RESET) refers to uartcom2.o(i.DMA1_Channel6_IRQHandler) for DMA1_Channel6_IRQHandler
    startup_stm32f10x_cl.o(RESET) refers to uartcom2.o(i.DMA1_Channel7_IRQHandler) for DMA1_Channel7_IRQHandler
    startup_stm32f10x_cl.o(RESET) refers to timer3.o(i.TIM3_IRQHandler) for TIM3_IRQHandler
    startup_stm32f10x_cl.o(RESET) refers to uartcom2.o(i.USART2_IRQHandler) for USART2_IRQHandler
    startup_stm32f10x_cl.o(RESET) refers to dp83848.o(i.ETH_IRQHandler) for ETH_IRQHandler
    startup_stm32f10x_cl.o(.text) refers (Special) to heapauxi.o(.text) for __use_two_region_memory
    startup_stm32f10x_cl.o(.text) refers to system_stm32f10x.o(i.SystemInit) for SystemInit
    startup_stm32f10x_cl.o(.text) refers to __main.o(!!!main) for __main
    startup_stm32f10x_cl.o(.text) refers to startup_stm32f10x_cl.o(HEAP) for Heap_Mem
    startup_stm32f10x_cl.o(.text) refers to startup_stm32f10x_cl.o(STACK) for Stack_Mem
    stm32f10x_adc.o(i.ADC_DeInit) refers to stm32f10x_rcc.o(i.RCC_APB2PeriphResetCmd) for RCC_APB2PeriphResetCmd
    stm32f10x_bkp.o(i.BKP_DeInit) refers to stm32f10x_rcc.o(i.RCC_BackupResetCmd) for RCC_BackupResetCmd
    stm32f10x_can.o(i.CAN_DeInit) refers to stm32f10x_rcc.o(i.RCC_APB1PeriphResetCmd) for RCC_APB1PeriphResetCmd
    stm32f10x_can.o(i.CAN_GetITStatus) refers to stm32f10x_can.o(i.CheckITStatus) for CheckITStatus
    stm32f10x_cec.o(i.CEC_DeInit) refers to stm32f10x_rcc.o(i.RCC_APB1PeriphResetCmd) for RCC_APB1PeriphResetCmd
    stm32f10x_dac.o(i.DAC_DeInit) refers to stm32f10x_rcc.o(i.RCC_APB1PeriphResetCmd) for RCC_APB1PeriphResetCmd
    stm32f10x_flash.o(i.FLASH_EnableWriteProtection) refers to stm32f10x_flash.o(i.FLASH_WaitForLastOperation) for FLASH_WaitForLastOperation
    stm32f10x_flash.o(i.FLASH_EraseAllBank1Pages) refers to stm32f10x_flash.o(i.FLASH_WaitForLastBank1Operation) for FLASH_WaitForLastBank1Operation
    stm32f10x_flash.o(i.FLASH_EraseAllPages) refers to stm32f10x_flash.o(i.FLASH_WaitForLastOperation) for FLASH_WaitForLastOperation
    stm32f10x_flash.o(i.FLASH_EraseOptionBytes) refers to stm32f10x_flash.o(i.FLASH_GetReadOutProtectionStatus) for FLASH_GetReadOutProtectionStatus
    stm32f10x_flash.o(i.FLASH_EraseOptionBytes) refers to stm32f10x_flash.o(i.FLASH_WaitForLastOperation) for FLASH_WaitForLastOperation
    stm32f10x_flash.o(i.FLASH_ErasePage) refers to stm32f10x_flash.o(i.FLASH_WaitForLastOperation) for FLASH_WaitForLastOperation
    stm32f10x_flash.o(i.FLASH_ProgramHalfWord) refers to stm32f10x_flash.o(i.FLASH_WaitForLastOperation) for FLASH_WaitForLastOperation
    stm32f10x_flash.o(i.FLASH_ProgramOptionByteData) refers to stm32f10x_flash.o(i.FLASH_WaitForLastOperation) for FLASH_WaitForLastOperation
    stm32f10x_flash.o(i.FLASH_ProgramWord) refers to stm32f10x_flash.o(i.FLASH_WaitForLastOperation) for FLASH_WaitForLastOperation
    stm32f10x_flash.o(i.FLASH_ReadOutProtection) refers to stm32f10x_flash.o(i.FLASH_WaitForLastOperation) for FLASH_WaitForLastOperation
    stm32f10x_flash.o(i.FLASH_UserOptionByteConfig) refers to stm32f10x_flash.o(i.FLASH_WaitForLastOperation) for FLASH_WaitForLastOperation
    stm32f10x_flash.o(i.FLASH_WaitForLastBank1Operation) refers to stm32f10x_flash.o(i.FLASH_GetBank1Status) for FLASH_GetBank1Status
    stm32f10x_flash.o(i.FLASH_WaitForLastOperation) refers to stm32f10x_flash.o(i.FLASH_GetBank1Status) for FLASH_GetBank1Status
[...]
    i.tcp_recved                             0x08006ee0   Section        0  tcp.o(i.tcp_recved)
    i.tcp_rexmit                             0x08006f40   Section        0  tcp_out.o(i.tcp_rexmit)
    i.tcp_rexmit_fast                        0x08006f9a   Section        0  tcp_out.o(i.tcp_rexmit_fast)
    i.tcp_rexmit_rto                         0x0800700a   Section        0  tcp_out.o(i.tcp_rexmit_rto)
    i.tcp_rst                                0x08007044   Section        0  tcp_out.o(i.tcp_rst)
    i.tcp_seg_free                           0x080070ca   Section        0  tcp.o(i.tcp_seg_free)
    i.tcp_segs_free                          0x080070e4   Section        0  tcp.o(i.tcp_segs_free)
    i.tcp_send_empty_ack                     0x080070fc   Section        0  tcp_out.o(i.tcp_send_empty_ack)
    i.tcp_send_fin                           0x0800714a   Section        0  tcp_out.o(i.tcp_send_fin)
    i.tcp_sent                               0x08007194   Section        0  tcp.o(i.tcp_sent)
    i.tcp_slowtmr                            0x080071a8   Section        0  tcp.o(i.tcp_slowtmr)
    i.tcp_timer_needed                       0x08007530   Section        0  timers.o(i.tcp_timer_needed)
    i.tcp_timewait_input                     0x08007568   Section        0  tcp_in.o(i.tcp_timewait_input)
    tcp_timewait_input                       0x08007569   Thumb Code   140  tcp_in.o(i.tcp_timewait_input)
    i.tcp_tmr                                0x08007614   Section        0  tcp.o(i.tcp_tmr)
    i.tcp_update_rcv_ann_wnd                 0x08007638   Section        0  tcp.o(i.tcp_update_rcv_ann_wnd)
    i.tcp_write                              0x08007690   Section        0  tcp_out.o(i.tcp_write)
    i.tcp_write_checks                       0x08007a76   Section        0  tcp_out.o(i.tcp_write_checks)
    tcp_write_checks                         0x08007a77   Thumb Code   136  tcp_out.o(i.tcp_write_checks)
    i.tcp_zero_window_probe                  0x08007afe   Section        0  tcp_out.o(i.tcp_zero_window_probe)
    i.tcpip_tcp_timer                        0x08007ba4   Section        0  timers.o(i.tcpip_tcp_timer)
    tcpip_tcp_timer                          0x08007ba5   Thumb Code    40  timers.o(i.tcpip_tcp_timer)
    i.udp_init                               0x08007bdc   Section        0  udp.o(i.udp_init)
    i.udp_input                              0x08007be0   Section        0  udp.o(i.udp_input)
    .constdata                               0x08007d84   Section      100  dp83848.o(.constdata)
    .constdata                               0x08007de8   Section       12  etharp.o(.constdata)
    .constdata                               0x08007df4   Section        8  ip_addr.o(.constdata)
    .constdata                               0x08007dfc   Section       40  memp.o(.constdata)
    memp_sizes                               0x08007dfc   Data          20  memp.o(.constdata)
    memp_num                                 0x08007e10   Data          20  memp.o(.constdata)
    .constdata                               0x08007e24   Section       80  tcp.o(.constdata)
    .conststring                             0x08007e74   Section      117  tcp.o(.conststring)
    .data                                    0x20000000   Section       20  stm32f10x_rcc.o(.data)
    APBAHBPrescTable                         0x20000000   Data          16  stm32f10x_rcc.o(.data)
    ADCPrescTable                            0x20000010   Data           4  stm32f10x_rcc.o(.data)
    .data                                    0x20000014   Section       16  stm32_eth.o(.data)
    .data                                    0x20000024   Section        3  uartcom2.o(.data)
    sCom2SendFlag                            0x20000024   Data           1  uartcom2.o(.data)
    sCom2SendLen                             0x20000025   Data           1  uartcom2.o(.data)
    sCom2ReadFlag                            0x20000026   Data           1  uartcom2.o(.data)
    .data                                    0x20000028   Section      142  dp83848.o(.data)
    LwipTime                                 0x20000028   Data           4  dp83848.o(.data)
    ArpTimeIndex                             0x2000002c   Data           4  dp83848.o(.data)
    TcpTimeIndex                             0x20000030   Data           4  dp83848.o(.data)
    ClientTimeIndex                          0x20000034   Data           4  dp83848.o(.data)
    MacAddr                                  0x20000038   Data           6  dp83848.o(.data)
    hostName                                 0x2000003e   Data         100  dp83848.o(.data)
    ipAddr                                   0x200000a2   Data           4  dp83848.o(.data)
    subnetMask                               0x200000a6   Data           4  dp83848.o(.data)
    gateway                                  0x200000aa   Data           4  dp83848.o(.data)
    tcpLocalPort                             0x200000ae   Data           2  dp83848.o(.data)
    serverIpAddr                             0x200000b0   Data           4  dp83848.o(.data)
    serverPort                               0x200000b4   Data           2  dp83848.o(.data)
    .data                                    0x200000b8   Section        8  tcpclient.o(.data)
    .data                                    0x200000c0   Section        1  etharp.o(.data)
    etharp_cached_entry                      0x200000c0   Data           1  etharp.o(.data)
    .data                                    0x200000c4   Section       18  ip.o(.data)
    ip_id                                    0x200000d4   Data           2  ip.o(.data)
    .data                                    0x200000d8   Section        6  ip_frag.o(.data)
    reassdatagrams                           0x200000d8   Data           4  ip_frag.o(.data)
    ip_reass_pbufcount                       0x200000dc   Data           2  ip_frag.o(.data)
    .data                                    0x200000e0   Section       12  mem.o(.data)
    ram                                      0x200000e0   Data           4  mem.o(.data)
    ram_end                                  0x200000e4   Data           4  mem.o(.data)
    lfree                                    0x200000e8   Data           4  mem.o(.data)
    .data                                    0x200000ec   Section        9  netif.o(.data)
    netif_num                                0x200000f4   Data           1  netif.o(.data)
    .data                                    0x200000f8   Section        4  raw.o(.data)
    raw_pcbs                                 0x200000f8   Data           4  raw.o(.data)
    .data                                    0x200000fc   Section       36  tcp.o(.data)
    tcp_port                                 0x200000fc   Data           2  tcp.o(.data)
    tcp_timer                                0x20000119   Data           1  tcp.o(.data)
    tcp_timer_ctr                            0x2000011a   Data           1  tcp.o(.data)
    iss                                      0x2000011c   Data           4  tcp.o(.data)
    .data                                    0x20000120   Section       32  tcp_in.o(.data)
    tcphdr                                   0x20000120   Data           4  tcp_in.o(.data)
    iphdr                                    0x20000124   Data           4  tcp_in.o(.data)
    seqno                                    0x20000128   Data           4  tcp_in.o(.data)
    ackno                                    0x2000012c   Data           4  tcp_in.o(.data)
    flags                                    0x20000130   Data           1  tcp_in.o(.data)
    tcplen                                   0x20000132   Data           2  tcp_in.o(.data)
    recv_flags                               0x20000134   Data           1  tcp_in.o(.data)
    recv_data                                0x20000138   Data           4  tcp_in.o(.data)
    .data                                    0x20000140   Section       12  timers.o(.data)
    next_timeout                             0x20000140   Data           4  timers.o(.data)
    timeouts_last_time                       0x20000144   Data           4  timers.o(.data)
    tcpip_tcp_timer_active                   0x20000148   Data           4  timers.o(.data)
    .data                                    0x2000014c   Section        8  udp.o(.data)
    udp_port                                 0x2000014c   Data           2  udp.o(.data)
    .bss                                     0x20000154   Section      150  uartcom2.o(.bss)
    sCom2TxDmaBuf                            0x20000154   Data         100  uartcom2.o(.bss)
    sCom2RxBuf                               0x200001b8   Data          50  uartcom2.o(.bss)
    .bss                                     0x200001ec   Section       52  dp83848.o(.bss)
    .bss                                     0x20000220   Section      200  etharp.o(.bss)
    arp_table                                0x20000220   Data         200  etharp.o(.bss)
    .bss                                     0x200002e8   Section    15360  ethernetif.o(.bss)
    .bss                                     0x20003ee8   Section    16020  mem.o(.bss)
    .bss                                     0x20007d7c   Section    13603  memp.o(.bss)
    memp_tab                                 0x20007d7c   Data          40  memp.o(.bss)
    memp_memory                              0x20007da4   Data       13563  memp.o(.bss)
    .bss                                     0x2000b2a0   Section       16  tcp_in.o(.bss)
    inseg                                    0x2000b2a0   Data          16  tcp_in.o(.bss)
    .bss                                     0x2000b2b0   Section       96  libspace.o(.bss)
    HEAP                                     0x2000b310   Section      512  startup_stm32f10x_cl.o(HEAP)
    Heap_Mem                                 0x2000b310   Data         512  startup_stm32f10x_cl.o(HEAP)
    STACK                                    0x2000b510   Section     1024  startup_stm32f10x_cl.o(STACK)
    Stack_Mem                                0x2000b510   Data        1024  startup_stm32f10x_cl.o(STACK)
    __initial_sp                             0x2000b910   Data           0  startup_stm32f10x_cl.o(STACK)

    Global Symbols

    Symbol Name                              Value     Ov Type        Size  Object(Section)

    BuildAttributes$$THM_ISAv4$P$D$K$B$S$PE$A:L22UL41UL21$X:L11$S22US41US21$IEEE1$IW$USESV6$~STKCKD$USESV7$~SHL$OSPACE$ROPI$EBA8$UX$STANDARDLIB$REQ8$PRES8$EABIv2 0x00000000   Number         0  anon$$obj.o ABSOLUTE
    __ARM_use_no_argv                        0x00000000   Number         0  main.o ABSOLUTE
    __ARM_exceptions_init                     - Undefined Weak Reference
    __alloca_initialize                       - Undefined Weak Reference
    __arm_preinit_                            - Undefined Weak Reference
    __cpp_initialize__aeabi_                  - Undefined Weak Reference
    __cxa_finalize                            - Undefined Weak Reference
    __rt_locale                               - Undefined Weak Reference
    __sigvec_lookup                           - Undefined Weak Reference
    _atexit_init                              - Undefined Weak Reference
    _call_atexit_fns                          - Undefined Weak Reference
    _clock_init                               - Undefined Weak Reference
    _fp_trap_init                             - Undefined Weak Reference
    _fp_trap_shutdown                         - Undefined Weak Reference
    _get_lc_collate                           - Undefined Weak Reference
    _get_lc_ctype                             - Undefined Weak Reference
    _get_lc_monetary                          - Undefined Weak Reference
    _get_lc_numeric                           - Undefined Weak Reference
    _get_lc_time                              - Undefined Weak Reference
    _getenv_init                              - Undefined Weak Reference
    _handle_redirection                       - Undefined Weak Reference
    _init_alloc                               - Undefined Weak Reference
    _init_user_alloc                          - Undefined Weak Reference
    _initio                                   - Undefined Weak Reference
    _printf_post_padding                      - Undefined Weak Reference
    _printf_pre_padding                       - Undefined Weak Reference
    _printf_truncate_signed                   - Undefined Weak Reference
    _printf_truncate_unsigned                 - Undefined Weak Reference
    _rand_init                                - Undefined Weak Reference
    _signal_finish                            - Undefined Weak Reference
    _signal_init                              - Undefined Weak Reference
    _terminate_alloc                          - Undefined Weak Reference
    _terminate_user_alloc                     - Undefined Weak Reference
    _terminateio                              - Undefined Weak Reference
    __Vectors_Size                           0x00000150   Number         0  startup_stm32f10x_cl.o ABSOLUTE
    __Vectors                                0x08000000   Data           4  startup_stm32f10x_cl.o(RESET)
    __Vectors_End                            0x08000150   Data           0  startup_stm32f10x_cl.o(RESET)
    __main                                   0x08000151   Thumb Code     8  __main.o(!!!main)
    __scatterload                            0x08000159   Thumb Code     0  __scatter.o(!!!scatter)
    __scatterload_rt2                        0x08000159   Thumb Code    44  __scatter.o(!!!scatter)
    __scatterload_rt2_thumb_only             0x08000159   Thumb Code     0  __scatter.o(!!!scatter)
    __scatterload_null                       0x08000167   Thumb Code     0  __scatter.o(!!!scatter)
    __decompress                             0x0800018d   Thumb Code    90  __dczerorl2.o(!!dczerorl2)
    __decompress1                            0x0800018d   Thumb Code     0  __dczerorl2.o(!!dczerorl2)
    __scatterload_zeroinit                   0x080001e9   Thumb Code    28  __scatter_zi.o(!!handler_zi)
    _printf_d                                0x08000205   Thumb Code     0  _printf_d.o(.ARM.Collect$$_printf_percent$$00000009)
    _printf_percent                          0x08000205   Thumb Code     0  _printf_percent.o(.ARM.Collect$$_printf_percent$$00000000)
    _printf_percent_end                      0x0800020b   Thumb Code     0  _printf_percent_end.o(.ARM.Collect$$_printf_percent$$00000017)
    __rt_lib_init                            0x0800020f   Thumb Code     0  libinit.o(.ARM.Collect$$libinit$$00000000)
    __rt_lib_init_alloca_1                   0x08000211   Thumb Code     0  libinit2.o(.ARM.Collect$$libinit$$0000002E)
    __rt_lib_init_argv_1                     0x08000211   Thumb Code     0  libinit2.o(.ARM.Collect$$libinit$$0000002C)
    __rt_lib_init_atexit_1                   0x08000211   Thumb Code     0  libinit2.o(.ARM.Collect$$libinit$$0000001B)
    __rt_lib_init_clock_1                    0x08000211   Thumb Code     0  libinit2.o(.ARM.Collect$$libinit$$00000021)
    __rt_lib_init_cpp_1                      0x08000211   Thumb Code     0  libinit2.o(.ARM.Collect$$libinit$$00000032)
    __rt_lib_init_exceptions_1               0x08000211   Thumb Code     0  libinit2.o(.ARM.Collect$$libinit$$00000030)
    __rt_lib_init_fp_1                       0x08000211   Thumb Code     0  libinit2.o(.ARM.Collect$$libinit$$00000002)
    __rt_lib_init_fp_trap_1                  0x08000211   Thumb Code     0  libinit2.o(.ARM.Collect$$libinit$$0000001F)
    __rt_lib_init_getenv_1                   0x08000211   Thumb Code     0  libinit2.o(.ARM.Collect$$libinit$$00000023)
    __rt_lib_init_heap_1                     0x08000211   Thumb Code     0  libinit2.o(.ARM.Collect$$libinit$$0000000A)
    __rt_lib_init_lc_collate_1               0x08000211   Thumb Code     0  libinit2.o(.ARM.Collect$$libinit$$00000011)
    __rt_lib_init_lc_ctype_1                 0x08000211   Thumb Code     0  libinit2.o(.ARM.Collect$$libinit$$00000013)
    __rt_lib_init_lc_monetary_1              0x08000211   Thumb Code     0  libinit2.o(.ARM.Collect$$libinit$$00000015)
    __rt_lib_init_lc_numeric_1               0x08000211   Thumb Code     0  libinit2.o(.ARM.Collect$$libinit$$00000017)
    __rt_lib_init_lc_time_1                  0x08000211   Thumb Code     0  libinit2.o(.ARM.Collect$$libinit$$00000019)
    __rt_lib_init_preinit_1                  0x08000211   Thumb Code     0  libinit2.o(.ARM.Collect$$libinit$$00000004)
    __rt_lib_init_rand_1                     0x08000211   Thumb Code     0  libinit2.o(.ARM.Collect$$libinit$$0000000E)
    __rt_lib_init_return                     0x08000211   Thumb Code     0  libinit2.o(.ARM.Collect$$libinit$$00000033)
    __rt_lib_init_signal_1                   0x08000211   Thumb Code     0  libinit2.o(.ARM.Collect$$libinit$$0000001D)
    __rt_lib_init_stdio_1                    0x08000211   Thumb Code     0  libinit2.o(.ARM.Collect$$libinit$$00000025)
    __rt_lib_init_user_alloc_1               0x08000211   Thumb Code     0  libinit2.o(.ARM.Collect$$libinit$$0000000C)
    __rt_lib_shutdown                        0x08000213   Thumb Code     0  libshutdown.o(.ARM.Collect$$libshutdown$$00000000)
    __rt_lib_shutdown_fp_trap_1              0x08000215   Thumb Code     0  libshutdown2.o(.ARM.Collect$$libshutdown$$00000006)
    __rt_lib_shutdown_heap_1                 0x08000215   Thumb Code     0  libshutdown2.o(.ARM.Collect$$libshutdown$$0000000E)
    __rt_lib_shutdown_return                 0x08000215   Thumb Code     0  libshutdown2.o(.ARM.Collect$$libshutdown$$0000000F)
    __rt_lib_shutdown_signal_1               0x08000215   Thumb Code     0  libshutdown2.o(.ARM.Collect$$libshutdown$$00000009)
    __rt_lib_shutdown_stdio_1                0x08000215   Thumb Code     0  libshutdown2.o(.ARM.Collect$$libshutdown$$00000003)
    __rt_lib_shutdown_user_alloc_1           0x08000215   Thumb Code     0  libshutdown2.o(.ARM.Collect$$libshutdown$$0000000B)
    __rt_entry                               0x08000217   Thumb Code     0  __rtentry.o(.ARM.Collect$$rtentry$$00000000)
    __rt_entry_presh_1                       0x08000217   Thumb Code     0  __rtentry2.o(.ARM.Collect$$rtentry$$00000002)
    __rt_entry_sh                            0x08000217   Thumb Code     0  __rtentry4.o(.ARM.Collect$$rtentry$$00000004)
    __rt_entry_li                            0x0800021d   Thumb Code     0  __rtentry2.o(.ARM.Collect$$rtentry$$0000000A)
    __rt_entry_postsh_1                      0x0800021d   Thumb Code     0  __rtentry2.o(.ARM.Collect$$rtentry$$00000009)
    __rt_entry_main                          0x08000221   Thumb Code     0  __rtentry2.o(.ARM.Collect$$rtentry$$0000000D)
    __rt_entry_postli_1                      0x08000221   Thumb Code     0  __rtentry2.o(.ARM.Collect$$rtentry$$0000000C)
    __rt_exit                                0x08000229   Thumb Code     0  rtexit.o(.ARM.Collect$$rtexit$$00000000)
    __rt_exit_ls                             0x0800022b   Thumb Code     0  rtexit2.o(.ARM.Collect$$rtexit$$00000003)
    __rt_exit_prels_1                        0x0800022b   Thumb Code     0  rtexit2.o(.ARM.Collect$$rtexit$$00000002)
    __rt_exit_exit                           0x0800022f   Thumb Code     0  rtexit2.o(.ARM.Collect$$rtexit$$00000004)
    Reset_Handler                            0x08000235   Thumb Code     8  startup_stm32f10x_cl.o(.text)
    ADC1_2_IRQHandler                        0x0800024f   Thumb Code     0  startup_stm32f10x_cl.o(.text)
    CAN1_RX0_IRQHandler                      0x0800024f   Thumb Code     0  startup_stm32f10x_cl.o(.text)
    CAN1_RX1_IRQHandler                      0x0800024f   Thumb Code     0  startup_stm32f10x_cl.o(.text)
    CAN1_SCE_IRQHandler                      0x0800024f   Thumb Code     0  startup_stm32f10x_cl.o(.text)
    CAN1_TX_IRQHandler                       0x0800024f   Thumb Code     0  startup_stm32f10x_cl.o(.text)
    CAN2_RX0_IRQHandler                      0x0800024f   Thumb Code     0  startup_stm32f10x_cl.o(.text)
    CAN2_RX1_IRQHandler                      0x0800024f   Thumb Code     0  startup_stm32f10x_cl.o(.text)
    CAN2_SCE_IRQHandler                      0x0800024f   Thumb Code     0  startup_stm32f10x_cl.o(.text)
    CAN2_TX_IRQHandler                       0x0800024f   Thumb Code     0  startup_stm32f10x_cl.o(.text)
    DMA1_Channel1_IRQHandler                 0x0800024f   Thumb Code     0  startup_stm32f10x_cl.o(.text)
    DMA1_Channel2_IRQHandler                 0x0800024f   Thumb Code     0  startup_stm32f10x_cl.o(.text)
    DMA1_Channel3_IRQHandler                 0x0800024f   Thumb Code     0  startup_stm32f10x_cl.o(.text)
    DMA1_Channel4_IRQHandler                 0x0800024f   Thumb Code     0  startup_stm32f10x_cl.o(.text)
    DMA1_Channel5_IRQHandler                 0x0800024f   Thumb Code     0  startup_stm32f10x_cl.o(.text)
    DMA2_Channel1_IRQHandler                 0x0800024f   Thumb Code     0  startup_stm32f10x_cl.o(.text)
    DMA2_Channel2_IRQHandler                 0x0800024f   Thumb Code     0  startup_stm32f10x_cl.o(.text)
    DMA2_Channel3_IRQHandler                 0x0800024f   Thumb Code     0  startup_stm32f10x_cl.o(.text)
    DMA2_Channel4_IRQHandler                 0x0800024f   Thumb Code     0  startup_stm32f10x_cl.o(.text)
    DMA2_Channel5_IRQHandler                 0x0800024f   Thumb Code     0  startup_stm32f10x_cl.o(.text)
    ETH_WKUP_IRQHandler                      0x0800024f   Thumb Code     0  startup_stm32f10x_cl.o(.text)
    EXTI0_IRQHandler                         0x0800024f   Thumb Code     0  startup_stm32f10x_cl.o(.text)
    EXTI15_10_IRQHandler                     0x0800024f   Thumb Code     0  startup_stm32f10x_cl.o(.text)
    EXTI1_IRQHandler                         0x0800024f   Thumb Code     0  startup_stm32f10x_cl.o(.text)
    EXTI2_IRQHandler                         0x0800024f   Thumb Code     0  startup_stm32f10x_cl.o(.text)
    EXTI3_IRQHandler                         0x0800024f   Thumb Code     0  startup_stm32f10x_cl.o(.text)
    EXTI4_IRQHandler                         0x0800024f   Thumb Code     0  startup_stm32f10x_cl.o(.text)
    EXTI9_5_IRQHandler                       0x0800024f   Thumb Code     0  startup_stm32f10x_cl.o(.text)
    FLASH_IRQHandler                         0x0800024f   Thumb Code     0  startup_stm32f10x_cl.o(.text)
    I2C1_ER_IRQHandler                       0x0800024f   Thumb Code     0  startup_stm32f10x_cl.o(.text)
    I2C1_EV_IRQHandler                       0x0800024f   Thumb Code     0  startup_stm32f10x_cl.o(.text)
    I2C2_ER_IRQHandler                       0x0800024f   Thumb Code     0  startup_stm32f10x_cl.o(.text)
    I2C2_EV_IRQHandler                       0x0800024f   Thumb Code     0  startup_stm32f10x_cl.o(.text)
    OTG_FS_IRQHandler                        0x0800024f   Thumb Code     0  startup_stm32f10x_cl.o(.text)
    OTG_FS_WKUP_IRQHandler                   0x0800024f   Thumb Code     0  startup_stm32f10x_cl.o(.text)
    PVD_IRQHandler                           0x0800024f   Thumb Code     0  startup_stm32f10x_cl.o(.text)
    RCC_IRQHandler                           0x0800024f   Thumb Code     0  startup_stm32f10x_cl.o(.text)
    RTCAlarm_IRQHandler                      0x0800024f   Thumb Code     0  startup_stm32f10x_cl.o(.text)
    RTC_IRQHandler                           0x0800024f   Thumb Code     0  startup_stm32f10x_cl.o(.text)
    SPI1_IRQHandler                          0x0800024f   Thumb Code     0  startup_stm32f10x_cl.o(.text)
    SPI2_IRQHandler                          0x0800024f   Thumb Code     0  startup_stm32f10x_cl.o(.text)
    SPI3_IRQHandler                          0x0800024f   Thumb Code     0  startup_stm32f10x_cl.o(.text)
    TAMPER_IRQHandler                        0x0800024f   Thumb Code     0  startup_stm32f10x_cl.o(.text)
    TIM1_BRK_IRQHandler                      0x0800024f   Thumb Code     0  startup_stm32f10x_cl.o(.text)
    TIM1_CC_IRQHandler                       0x0800024f   Thumb Code     0  startup_stm32f10x_cl.o(.text)
    TIM1_TRG_COM_IRQHandler                  0x0800024f   Thumb Code     0  startup_stm32f10x_cl.o(.text)
    TIM1_UP_IRQHandler                       0x0800024f   Thumb Code     0  startup_stm32f10x_cl.o(.text)
    TIM2_IRQHandler                          0x0800024f   Thumb Code     0  startup_stm32f10x_cl.o(.text)
    TIM4_IRQHandler                          0x0800024f   Thumb Code     0  startup_stm32f10x_cl.o(.text)
    TIM5_IRQHandler                          0x0800024f   Thumb Code     0  startup_stm32f10x_cl.o(.text)
    TIM6_IRQHandler                          0x0800024f   Thumb Code     0  startup_stm32f10x_cl.o(.text)
    TIM7_IRQHandler                          0x0800024f   Thumb Code     0  startup_stm32f10x_cl.o(.text)
    UART4_IRQHandler                         0x0800024f   Thumb Code     0  startup_stm32f10x_cl.o(.text)
    UART5_IRQHandler                         0x0800024f   Thumb Code     0  startup_stm32f10x_cl.o(.text)
    USART1_IRQHandler                        0x0800024f   Thumb Code     0  startup_stm32f10x_cl.o(.text)
    USART3_IRQHandler                        0x0800024f   Thumb Code     0  startup_stm32f10x_cl.o(.text)
    WWDG_IRQHandler                          0x0800024f   Thumb Code     0  startup_stm32f10x_cl.o(.text)
    __user_initial_stackheap                 0x08000251   Thumb Code     0  startup_stm32f10x_cl.o(.text)
    __2sprintf                               0x08000275   Thumb Code    34  noretval__2sprintf.o(.text)
    __printf                                 0x0800029d   Thumb Code   104  __printf.o(.text)
    _printf_int_dec                          0x08000305   Thumb Code   104  _printf_dec.o(.text)
    memcmp                                   0x0800037d   Thumb Code    88  memcmp.o(.text)
    strlen                                   0x080003d5   Thumb Code    62  strlen.o(.text)
    __aeabi_memcpy                           0x08000413   Thumb Code     0  rt_memcpy_v6.o(.text)
    __rt_memcpy                              0x08000413   Thumb Code   138  rt_memcpy_v6.o(.text)
    _memcpy_lastbytes                        0x08000479   Thumb Code     0  rt_memcpy_v6.o(.text)
    __aeabi_memcpy4                          0x0800049d   Thumb Code     0  rt_memcpy_w.o(.text)
    __aeabi_memcpy8                          0x0800049d   Thumb Code     0  rt_memcpy_w.o(.text)
    __rt_memcpy_w                            0x0800049d   Thumb Code   100  rt_memcpy_w.o(.text)
    _memcpy_lastbytes_aligned                0x080004e5   Thumb Code     0  rt_memcpy_w.o(.text)
    __aeabi_memclr4                          0x08000501   Thumb Code     0  rt_memclr_w.o(.text)
    __aeabi_memclr8                          0x08000501   Thumb Code     0  rt_memclr_w.o(.text)
    __rt_memclr_w                            0x08000501   Thumb Code    78  rt_memclr_w.o(.text)
    _memset_w                                0x08000505   Thumb Code     0  rt_memclr_w.o(.text)
    __use_two_region_memory                  0x0800054f   Thumb Code     2  heapauxi.o(.text)
    __rt_heap_escrow$2region                 0x08000551   Thumb Code     2  heapauxi.o(.text)
    __rt_heap_expand$2region                 0x08000553   Thumb Code     2  heapauxi.o(.text)
    _printf_int_common                       0x08000555   Thumb Code   178  _printf_intcommon.o(.text)
    _printf_char_common                      0x08000613   Thumb Code    32  _printf_char_common.o(.text)
    _sputc                                   0x08000639   Thumb Code    10  _sputc.o(.text)
    __user_setup_stackheap                   0x08000643   Thumb Code    74  sys_stackheap_outer.o(.text)
    exit                                     0x0800068d   Thumb Code    12  exit.o(.text)
    __user_libspace                          0x08000699   Thumb Code     8  libspace.o(.text)
    __user_perproc_libspace                  0x08000699   Thumb Code     0  libspace.o(.text)
    __user_perthread_libspace                0x08000699   Thumb Code     0  libspace.o(.text)
    _sys_exit                                0x080006a1   Thumb Code     8  sys_exit.o(.text)
    __I$use$semihosting                      0x080006ad   Thumb Code     0  use_no_semi.o(.text)
    __use_no_semihosting_swi                 0x080006ad   Thumb Code     2  use_no_semi.o(.text)
    BusFault_Handler                         0x080006af   Thumb Code     4  stm32f10x_it.o(i.BusFault_Handler)
    __semihosting_library_function           0x080006af   Thumb Code     0  indicate_semi.o(.text)
    CloseTcp                                 0x080006b3   Thumb Code    54  tcpclient.o(i.CloseTcp)
    DMA1_Channel6_IRQHandler                 0x080006e9   Thumb Code    26  uartcom2.o(i.DMA1_Channel6_IRQHandler)
    DMA1_Channel7_IRQHandler                 0x08000709   Thumb Code    38  uartcom2.o(i.DMA1_Channel7_IRQHandler)
    DMA_ClearFlag                            0x08000739   Thumb Code    18  stm32f10x_dma.o(i.DMA_ClearFlag)
    DMA_Cmd                                  0x08000755   Thumb Code    24  stm32f10x_dma.o(i.DMA_Cmd)
    DMA_DeInit                               0x0800076d   Thumb Code   324  stm32f10x_dma.o(i.DMA_DeInit)
    DMA_GetCurrDataCounter                   0x080008b9   Thumb Code     8  stm32f10x_dma.o(i.DMA_GetCurrDataCounter)
    DMA_GetFlagStatus                        0x080008c1   Thumb Code    36  stm32f10x_dma.o(i.DMA_GetFlagStatus)
    DMA_ITConfig                             0x080008ed   Thumb Code    18  stm32f10x_dma.o(i.DMA_ITConfig)
    DMA_Init                                 0x080008ff   Thumb Code    60  stm32f10x_dma.o(i.DMA_Init)
    DebugMon_Handler                         0x0800093b   Thumb Code     2  stm32f10x_it.o(i.DebugMon_Handler)
    DisableAllLed                            0x0800093d   Thumb Code    14  led.o(i.DisableAllLed)
    DisableSingleLed                         0x08000951   Thumb Code    58  led.o(i.DisableSingleLed)
    ETH_DMAClearITPendingBit                 0x08000991   Thumb Code     6  stm32_eth.o(i.ETH_DMAClearITPendingBit)
    ETH_DMAITConfig                          0x0800099d   Thumb Code    26  stm32_eth.o(i.ETH_DMAITConfig)
    ETH_DMAReceptionCmd                      0x080009bd   Thumb Code    30  stm32_eth.o(i.ETH_DMAReceptionCmd)
    ETH_DMARxDescChainInit                   0x080009e1   Thumb Code    76  stm32_eth.o(i.ETH_DMARxDescChainInit)
    ETH_DMARxDescReceiveITConfig             0x08000a35   Thumb Code    22  stm32_eth.o(i.ETH_DMARxDescReceiveITConfig)
    ETH_DMATransmissionCmd                   0x08000a4d   Thumb Code    30  stm32_eth.o(i.ETH_DMATransmissionCmd)
    ETH_DMATxDescChainInit                   0x08000a71   Thumb Code    70  stm32_eth.o(i.ETH_DMATxDescChainInit)
    ETH_DMATxDescChecksumInsertionConfig     0x08000ac1   Thumb Code     8  stm32_eth.o(i.ETH_DMATxDescChecksumInsertionConfig)
    ETH_DeInit                               0x08000ac9   Thumb Code    22  stm32_eth.o(i.ETH_DeInit)
    ETH_FlushTransmitFIFO                    0x08000afd   Thumb Code    14  stm32_eth.o(i.ETH_FlushTransmitFIFO)
    ETH_GetCurrentTxBuffer                   0x08000b11   Thumb Code     8  ethernetif.o(i.ETH_GetCurrentTxBuffer)
    ETH_GetDMARxDescFrameLength              0x08000b1d   Thumb Code    10  stm32_eth.o(i.ETH_GetDMARxDescFrameLength)
    ETH_GetRxPktSize                         0x08000b29   Thumb Code    66  stm32_eth.o(i.ETH_GetRxPktSize)
    ETH_GetSoftwareResetStatus               0x08000b71   Thumb Code    20  stm32_eth.o(i.ETH_GetSoftwareResetStatus)
    ETH_IRQHandler                           0x08000b89   Thumb Code    32  dp83848.o(i.ETH_IRQHandler)
    ETH_Init                                 0x08000ba9   Thumb Code   576  stm32_eth.o(i.ETH_Init)
    ETH_MACAddressConfig                     0x08000e0d   Thumb Code    46  stm32_eth.o(i.ETH_MACAddressConfig)
    ETH_MACReceptionCmd                      0x08000e41   Thumb Code    30  stm32_eth.o(i.ETH_MACReceptionCmd)
    ETH_MACTransmissionCmd                   0x08000e65   Thumb Code    30  stm32_eth.o(i.ETH_MACTransmissionCmd)
    ETH_ReadPHYRegister                      0x08000e89   Thumb Code    98  stm32_eth.o(i.ETH_ReadPHYRegister)
    ETH_RxPkt_ChainMode                      0x08000ef5   Thumb Code   148  ethernetif.o(i.ETH_RxPkt_ChainMode)
    ETH_SoftwareReset                        0x08000f91   Thumb Code    14  stm32_eth.o(i.ETH_SoftwareReset)
    ETH_Start                                0x08000fa5   Thumb Code    32  stm32_eth.o(i.ETH_Start)
    ETH_StructInit                           0x08000fc5   Thumb Code   164  stm32_eth.o(i.ETH_StructInit)
    ETH_TxPkt_ChainMode                      0x08001069   Thumb Code    94  ethernetif.o(i.ETH_TxPkt_ChainMode)
    ETH_WritePHYRegister                     0x080010d1   Thumb Code    96  stm32_eth.o(i.ETH_WritePHYRegister)
    EnableSingleLed                          0x08001139   Thumb Code    58  led.o(i.EnableSingleLed)
    GPIO_ETH_MediaInterfaceConfig            0x08001339   Thumb Code     6  stm32f10x_gpio.o(i.GPIO_ETH_MediaInterfaceConfig)
    GPIO_Init                                0x08001345   Thumb Code   278  stm32f10x_gpio.o(i.GPIO_Init)
    GPIO_PinRemapConfig                      0x0800145d   Thumb Code   138  stm32f10x_gpio.o(i.GPIO_PinRemapConfig)
    GPIO_ResetBits                           0x080014ed   Thumb Code     4  stm32f10x_gpio.o(i.GPIO_ResetBits)
    GPIO_SetBits                             0x080014f1   Thumb Code     4  stm32f10x_gpio.o(i.GPIO_SetBits)
    HandleLwipPeriodicEvent                  0x080014f5   Thumb Code   136  dp83848.o(i.HandleLwipPeriodicEvent)
    HardFault_Handler                        0x08001591   Thumb Code     4  stm32f10x_it.o(i.HardFault_Handler)
    InitCom2Con                              0x08001595   Thumb Code    20  uartcom2.o(i.InitCom2Con)
    InitEthernet                             0x08001771   Thumb Code    16  dp83848.o(i.InitEthernet)
    InitLedCon                               0x08001781   Thumb Code    44  led.o(i.InitLedCon)
    InitLwipCon                              0x080017b1   Thumb Code   362  dp83848.o(i.InitLwipCon)
    InitTcpClient                            0x080019a5   Thumb Code    66  tcpclient.o(i.InitTcpClient)
    InitTimer3Con                            0x080019f5   Thumb Code    12  timer3.o(i.InitTimer3Con)
    InitTimerCon                             0x08001a67   Thumb Code     8  totaltimer.o(i.InitTimerCon)
    InitUartCon                              0x08001a6f   Thumb Code     8  uart.o(i.InitUartCon)
    LwIP_Pkt_Handle                          0x08001a79   Thumb Code    10  dp83848.o(i.LwIP_Pkt_Handle)
    MemManage_Handler                        0x08001a89   Thumb Code     4  stm32f10x_it.o(i.MemManage_Handler)
    NMI_Handler                              0x08001a8d   Thumb Code     2  stm32f10x_it.o(i.NMI_Handler)
    NVIC_Init                                0x08001ac5   Thumb Code   100  misc.o(i.NVIC_Init)
    NVIC_PriorityGroupConfig                 0x08001b35   Thumb Code    10  misc.o(i.NVIC_PriorityGroupConfig)
    NVIC_SetVectorTable                      0x08001b49   Thumb Code    12  misc.o(i.NVIC_SetVectorTable)
    PendSV_Handler                           0x08001b5d   Thumb Code     2  stm32f10x_it.o(i.PendSV_Handler)
    RCC_AHBPeriphClockCmd                    0x08001b61   Thumb Code    26  stm32f10x_rcc.o(i.RCC_AHBPeriphClockCmd)
    RCC_AHBPeriphResetCmd                    0x08001b81   Thumb Code    26  stm32f10x_rcc.o(i.RCC_AHBPeriphResetCmd)
    RCC_APB1PeriphClockCmd                   0x08001ba1   Thumb Code    26  stm32f10x_rcc.o(i.RCC_APB1PeriphClockCmd)
    RCC_APB2PeriphClockCmd                   0x08001bc1   Thumb Code    26  stm32f10x_rcc.o(i.RCC_APB2PeriphClockCmd)
    RCC_GetClocksFreq                        0x08001be1   Thumb Code   374  stm32f10x_rcc.o(i.RCC_GetClocksFreq)
    RCC_GetFlagStatus                        0x08001d71   Thumb Code    56  stm32f10x_rcc.o(i.RCC_GetFlagStatus)
    RCC_MCOConfig                            0x08001dad   Thumb Code     6  stm32f10x_rcc.o(i.RCC_MCOConfig)
    RCC_PLL3Cmd                              0x08001db9   Thumb Code     6  stm32f10x_rcc.o(i.RCC_PLL3Cmd)
    RCC_PLL3Config                           0x08001dc5   Thumb Code    18  stm32f10x_rcc.o(i.RCC_PLL3Config)
    ReadCom2Data                             0x08001ddd   Thumb Code    82  uartcom2.o(i.ReadCom2Data)
    ReadUartData                             0x08001e3d   Thumb Code    26  uart.o(i.ReadUartData)
    ReceiveTcpDataAsClient                   0x08001e57   Thumb Code    54  tcpclient.o(i.ReceiveTcpDataAsClient)
    SVC_Handler                              0x08001e8d   Thumb Code     2  stm32f10x_it.o(i.SVC_Handler)
    SendCom2Data                             0x08001e91   Thumb Code   194  uartcom2.o(i.SendCom2Data)
    SendTcpDataAsClient                      0x08001f65   Thumb Code   124  tcpclient.o(i.SendTcpDataAsClient)
    SendUartData                             0x08001fed   Thumb Code    34  uart.o(i.SendUartData)
    SysTick_CLKSourceConfig                  0x08002131   Thumb Code    40  misc.o(i.SysTick_CLKSourceConfig)
    SysTick_Handler                          0x08002159   Thumb Code     2  stm32f10x_it.o(i.SysTick_Handler)
    SystemInit                               0x0800215d   Thumb Code    92  system_stm32f10x.o(i.SystemInit)
    TIM3_IRQHandler                          0x080021c9   Thumb Code    38  timer3.o(i.TIM3_IRQHandler)
    TIM_ClearITPendingBit                    0x080021f5   Thumb Code     6  stm32f10x_tim.o(i.TIM_ClearITPendingBit)
    TIM_Cmd                                  0x080021fb   Thumb Code    24  stm32f10x_tim.o(i.TIM_Cmd)
    TIM_GetITStatus                          0x08002213   Thumb Code    34  stm32f10x_tim.o(i.TIM_GetITStatus)
    TIM_ITConfig                             0x08002235   Thumb Code    18  stm32f10x_tim.o(i.TIM_ITConfig)
    TIM_TimeBaseInit                         0x08002249   Thumb Code   122  stm32f10x_tim.o(i.TIM_TimeBaseInit)
    TcpConnected                             0x080022ed   Thumb Code    20  tcpclient.o(i.TcpConnected)
    USART2_IRQHandler                        0x08002305   Thumb Code    38  uartcom2.o(i.USART2_IRQHandler)
    USART_Cmd                                0x08002335   Thumb Code    24  stm32f10x_usart.o(i.USART_Cmd)
    USART_DMACmd                             0x0800234d   Thumb Code    18  stm32f10x_usart.o(i.USART_DMACmd)
    USART_GetITStatus                        0x0800235f   Thumb Code    84  stm32f10x_usart.o(i.USART_GetITStatus)
    USART_ITConfig                           0x080023b3   Thumb Code    74  stm32f10x_usart.o(i.USART_ITConfig)
    USART_Init                               0x080023fd   Thumb Code   210  stm32f10x_usart.o(i.USART_Init)
    USART_StructInit                         0x080024d5   Thumb Code    24  stm32f10x_usart.o(i.USART_StructInit)
    UsageFault_Handler                       0x080024ed   Thumb Code     4  stm32f10x_it.o(i.UsageFault_Handler)
    delay_init                               0x0800250d   Thumb Code    12  delay.o(i.delay_init)
    etharp_output                            0x0800280d   Thumb Code   332  etharp.o(i.etharp_output)
    etharp_query                             0x080029e5   Thumb Code   394  etharp.o(i.etharp_query)
    etharp_request                           0x08002c49   Thumb Code    36  etharp.o(i.etharp_request)
    etharp_tmr                               0x08002cb9   Thumb Code   136  etharp.o(i.etharp_tmr)
    ethernet_input                           0x08002e09   Thumb Code   182  etharp.o(i.ethernet_input)
    ethernetif_init                          0x08002ec5   Thumb Code    32  ethernetif.o(i.ethernetif_init)
    ethernetif_input                         0x08002eed   Thumb Code    44  ethernetif.o(i.ethernetif_input)
    getHostName                              0x08002f19   Thumb Code     4  dp83848.o(i.getHostName)
    getLwipTime                              0x08002f21   Thumb Code     6  dp83848.o(i.getLwipTime)
    getMacAddr                               0x08002f2d   Thumb Code     4  dp83848.o(i.getMacAddr)
    getServerIpAddr                          0x08002f35   Thumb Code     4  dp83848.o(i.getServerIpAddr)
    getServerPort                            0x08002f3d   Thumb Code     6  dp83848.o(i.getServerPort)
    getTcpLocalPort                          0x08002f49   Thumb Code     6  dp83848.o(i.getTcpLocalPort)
    icmp_dest_unreach                        0x08002f55   Thumb Code    18  icmp.o(i.icmp_dest_unreach)
    icmp_input                               0x08002f69   Thumb Code   378  icmp.o(i.icmp_input)
    icmp_time_exceeded                       0x08003167   Thumb Code    18  icmp.o(i.icmp_time_exceeded)
    inet_chksum                              0x08003179   Thumb Code    20  inet_chksum.o(i.inet_chksum)
    inet_chksum_pbuf                         0x0800318d   Thumb Code    86  inet_chksum.o(i.inet_chksum_pbuf)
    ip4_addr_isbroadcast                     0x080031e3   Thumb Code    78  ip_addr.o(i.ip4_addr_isbroadcast)
    ip_frag                                  0x08003231   Thumb Code   434  ip_frag.o(i.ip_frag)
    ip_input                                 0x0800340d   Thumb Code   376  ip.o(i.ip_input)
    ip_output                                0x08003599   Thumb Code    66  ip.o(i.ip_output)
    ip_output_if                             0x080035dd   Thumb Code   212  ip.o(i.ip_output_if)
    ip_reass                                 0x080036b5   Thumb Code   386  ip_frag.o(i.ip_reass)
    ip_reass_tmr                             0x08003be1   Thumb Code    48  ip_frag.o(i.ip_reass_tmr)
    ip_route                                 0x08003c15   Thumb Code    76  ip.o(i.ip_route)
    lwip_htonl                               0x08003de1   Thumb Code    26  def.o(i.lwip_htonl)
    lwip_htons                               0x08003dfb   Thumb Code    12  def.o(i.lwip_htons)
    lwip_init                                0x08003e07   Thumb Code    28  init.o(i.lwip_init)
    lwip_ntohl                               0x08003e23   Thumb Code    12  def.o(i.lwip_ntohl)
    lwip_ntohs                               0x08003e2f   Thumb Code    12  def.o(i.lwip_ntohs)
    main                                     0x08003e99   Thumb Code    88  main.o(i.main)
    mem_free                                 0x08003ef9   Thumb Code   106  mem.o(i.mem_free)
    mem_init                                 0x08003f71   Thumb Code    74  mem.o(i.mem_init)
    mem_malloc                               0x08003fcd   Thumb Code   282  mem.o(i.mem_malloc)
    mem_trim                                 0x080040f5   Thumb Code   316  mem.o(i.mem_trim)
    memp_free                                0x0800423d   Thumb Code    38  memp.o(i.memp_free)
    memp_init                                0x08004269   Thumb Code    82  memp.o(i.memp_init)
    memp_malloc                              0x080042cd   Thumb Code    54  memp.o(i.memp_malloc)
    netif_add                                0x08004309   Thumb Code   106  netif.o(i.netif_add)
    netif_init                               0x0800437d   Thumb Code     2  netif.o(i.netif_init)
    netif_set_addr                           0x0800437f   Thumb Code    40  netif.o(i.netif_set_addr)
    netif_set_default                        0x080043a9   Thumb Code     6  netif.o(i.netif_set_default)
    netif_set_gw                             0x080043b5   Thumb Code    12  netif.o(i.netif_set_gw)
    netif_set_ipaddr                         0x080043c1   Thumb Code   110  netif.o(i.netif_set_ipaddr)
    netif_set_netmask                        0x08004439   Thumb Code    12  netif.o(i.netif_set_netmask)
    netif_set_up                             0x08004445   Thumb Code    54  netif.o(i.netif_set_up)
    pbuf_alloc                               0x0800447b   Thumb Code   514  pbuf.o(i.pbuf_alloc)
    pbuf_alloced_custom                      0x0800467d   Thumb Code   112  pbuf.o(i.pbuf_alloced_custom)
    pbuf_cat                                 0x080046ed   Thumb Code    80  pbuf.o(i.pbuf_cat)
    pbuf_clen                                0x0800473d   Thumb Code    18  pbuf.o(i.pbuf_clen)
    pbuf_copy                                0x0800474f   Thumb Code   228  pbuf.o(i.pbuf_copy)
    pbuf_copy_partial                        0x08004833   Thumb Code   154  pbuf.o(i.pbuf_copy_partial)
    pbuf_free                                0x080048cd   Thumb Code   186  pbuf.o(i.pbuf_free)
    pbuf_header                              0x08004987   Thumb Code   140  pbuf.o(i.pbuf_header)
    pbuf_realloc                             0x08004a13   Thumb Code   176  pbuf.o(i.pbuf_realloc)
    pbuf_ref                                 0x08004ac3   Thumb Code    10  pbuf.o(i.pbuf_ref)
    raw_input                                0x08004b81   Thumb Code   102  raw.o(i.raw_input)
    setLwipTime                              0x08004bf5   Thumb Code     6  dp83848.o(i.setLwipTime)
    sys_now                                  0x08004c01   Thumb Code     8  sys_arch.o(i.sys_now)
    sys_timeout                              0x08004c09   Thumb Code   158  timers.o(i.sys_timeout)
    sys_timeouts_init                        0x08004cad   Thumb Code    36  timers.o(i.sys_timeouts_init)
    tcp_abandon                              0x08004cdd   Thumb Code   146  tcp.o(i.tcp_abandon)
    tcp_abort                                0x08004d7d   Thumb Code    14  tcp.o(i.tcp_abort)
    tcp_alloc                                0x08004d8d   Thumb Code   172  tcp.o(i.tcp_alloc)
    tcp_arg                                  0x08004e49   Thumb Code     4  tcp.o(i.tcp_arg)
    tcp_bind                                 0x08004e4d   Thumb Code   146  tcp.o(i.tcp_bind)
    tcp_close                                0x08004ee9   Thumb Code    28  tcp.o(i.tcp_close)
    tcp_connect                              0x080050d9   Thumb Code   328  tcp.o(i.tcp_connect)
    tcp_eff_send_mss                         0x080052dd   Thumb Code    46  tcp.o(i.tcp_eff_send_mss)
    tcp_enqueue_flags                        0x0800530b   Thumb Code   326  tcp_out.o(i.tcp_enqueue_flags)
    tcp_err                                  0x08005451   Thumb Code    20  tcp.o(i.tcp_err)
    tcp_fasttmr                              0x08005465   Thumb Code   110  tcp.o(i.tcp_fasttmr)
    tcp_init                                 0x080054e1   Thumb Code     2  tcp.o(i.tcp_init)
    tcp_input                                0x080054e5   Thumb Code  1196  tcp_in.o(i.tcp_input)
    tcp_keepalive                            0x080059b5   Thumb Code    68  tcp_out.o(i.tcp_keepalive)
    tcp_new                                  0x08005bb9   Thumb Code    10  tcp.o(i.tcp_new)
    tcp_next_iss                             0x08005c2d   Thumb Code    20  tcp.o(i.tcp_next_iss)
    tcp_output                               0x08005c49   Thumb Code   464  tcp_out.o(i.tcp_output)
    tcp_pcb_purge                            0x080060ad   Thumb Code    64  tcp.o(i.tcp_pcb_purge)
    tcp_pcb_remove                           0x080060ed   Thumb Code   156  tcp.o(i.tcp_pcb_remove)
    tcp_poll                                 0x0800618d   Thumb Code    24  tcp.o(i.tcp_poll)
    tcp_process_refused_data                 0x08006751   Thumb Code   140  tcp.o(i.tcp_process_refused_data)
    tcp_recv                                 0x08006ea1   Thumb Code    18  tcp.o(i.tcp_recv)
    tcp_recv_null                            0x08006eb3   Thumb Code    46  tcp.o(i.tcp_recv_null)
    tcp_recved                               0x08006ee1   Thumb Code    96  tcp.o(i.tcp_recved)
    tcp_rexmit                               0x08006f41   Thumb Code    90  tcp_out.o(i.tcp_rexmit)
    tcp_rexmit_fast                          0x08006f9b   Thumb Code   112  tcp_out.o(i.tcp_rexmit_fast)
    tcp_rexmit_rto                           0x0800700b   Thumb Code    58  tcp_out.o(i.tcp_rexmit_rto)
    tcp_rst                                  0x08007045   Thumb Code   134  tcp_out.o(i.tcp_rst)
    tcp_seg_free                             0x080070cb   Thumb Code    26  tcp.o(i.tcp_seg_free)
    tcp_segs_free                            0x080070e5   Thumb Code    24  tcp.o(i.tcp_segs_free)
    tcp_send_empty_ack                       0x080070fd   Thumb Code    78  tcp_out.o(i.tcp_send_empty_ack)
    tcp_send_fin                             0x0800714b   Thumb Code    74  tcp_out.o(i.tcp_send_fin)
    tcp_sent                                 0x08007195   Thumb Code    18  tcp.o(i.tcp_sent)
    tcp_slowtmr                              0x080071a9   Thumb Code   872  tcp.o(i.tcp_slowtmr)
    tcp_timer_needed                         0x08007531   Thumb Code    38  timers.o(i.tcp_timer_needed)
    tcp_tmr                                  0x08007615   Thumb Code    30  tcp.o(i.tcp_tmr)
    tcp_update_rcv_ann_wnd                   0x08007639   Thumb Code    88  tcp.o(i.tcp_update_rcv_ann_wnd)
    tcp_write                                0x08007691   Thumb Code   998  tcp_out.o(i.tcp_write)
    tcp_zero_window_probe                    0x08007aff   Thumb Code   164  tcp_out.o(i.tcp_zero_window_probe)
    udp_init                                 0x08007bdd   Thumb Code     2  udp.o(i.udp_init)
    udp_input                                0x08007be1   Thumb Code   406  udp.o(i.udp_input)
    ethbroadcast                             0x08007de8   Data           6  etharp.o(.constdata)
    ethzero                                  0x08007dee   Data           6  etharp.o(.constdata)
    ip_addr_any                              0x08007df4   Data           4  ip_addr.o(.constdata)
    ip_addr_broadcast                        0x08007df8   Data           4  ip_addr.o(.constdata)
    tcp_state_str                            0x08007e24   Data          44  tcp.o(.constdata)
    tcp_backoff                              0x08007e50   Data          13  tcp.o(.constdata)
    tcp_persist_backoff                      0x08007e5d   Data           7  tcp.o(.constdata)
    tcp_pcb_lists                            0x08007e64   Data          16  tcp.o(.constdata)
    Region$$Table$$Base                      0x08007eec   Number         0  anon$$obj.o(Region$$Table)
    Region$$Table$$Limit                     0x08007f0c   Number         0  anon$$obj.o(Region$$Table)
    DMATxDescToSet                           0x20000014   Data           4  stm32_eth.o(.data)
    DMARxDescToGet                           0x20000018   Data           4  stm32_eth.o(.data)
    DMAPTPTxDescToSet                        0x2000001c   Data           4  stm32_eth.o(.data)
    DMAPTPRxDescToGet                        0x20000020   Data           4  stm32_eth.o(.data)
    connectFlag                              0x200000b8   Data           1  tcpclient.o(.data)
    tcp_client_pcb                           0x200000bc   Data           4  tcpclient.o(.data)
    current_netif                            0x200000c4   Data           4  ip.o(.data)
    current_header                           0x200000c8   Data           4  ip.o(.data)
    current_iphdr_src                        0x200000cc   Data           4  ip.o(.data)
    current_iphdr_dest                       0x200000d0   Data           4  ip.o(.data)
    netif_list                               0x200000ec   Data           4  netif.o(.data)
    netif_default                            0x200000f0   Data           4  netif.o(.data)
    tcp_ticks                                0x20000100   Data           4  tcp.o(.data)
    tcp_bound_pcbs                           0x20000104   Data           4  tcp.o(.data)
    tcp_listen_pcbs                          0x20000108   Data           4  tcp.o(.data)
    tcp_active_pcbs                          0x2000010c   Data           4  tcp.o(.data)
    tcp_tw_pcbs                              0x20000110   Data           4  tcp.o(.data)
    tcp_tmp_pcb                              0x20000114   Data           4  tcp.o(.data)
    tcp_active_pcbs_changed                  0x20000118   Data           1  tcp.o(.data)
    tcp_input_pcb                            0x2000013c   Data           4  tcp_in.o(.data)
    udp_pcbs                                 0x20000150   Data           4  udp.o(.data)
    DP83848_netif                            0x200001ec   Data          52  dp83848.o(.bss)
    DMARxDscrTab                             0x200002e8   Data          80  ethernetif.o(.bss)
    DMATxDscrTab                             0x20000338   Data          80  ethernetif.o(.bss)
    Rx_Buff                                  0x20000388   Data        7600  ethernetif.o(.bss)
    Tx_Buff                                  0x20002138   Data        7600  ethernetif.o(.bss)
    ram_heap                                 0x20003ee8   Data       16020  mem.o(.bss)
    __libspace_start                         0x2000b2b0   Data          96  libspace.o(.bss)
    __temporary_stack_top$libspace           0x2000b310   Data           0  libspace.o(.bss)



==============================================================================

Memory Map of the image

  Image Entry point : 0x08000151

  Load Region LR_IROM1 (Base: 0x08000000, Size: 0x00008060, Max: 0x00040000, ABSOLUTE, COMPRESSED[0x00007f4c])

    Execution Region ER_IROM1 (Base: 0x08000000, Size: 0x00007f0c, Max: 0x00040000, ABSOLUTE)

    Base Addr    Size         Type   Attr      Idx    E Section Name        Object

    0x08000000   0x00000150   Data   RO           19    RESET               startup_stm32f10x_cl.o
    0x08000150   0x00000008   Code   RO         5952  * !!!main             c_w.l(__main.o)
    0x08000158   0x00000034   Code   RO         6119    !!!scatter          c_w.l(__scatter.o)
    0x0800018c   0x0000005a   Code   RO         6117    !!dczerorl2         c_w.l(__dczerorl2.o)
    0x080001e6   0x00000002   PAD
    0x080001e8   0x0000001c   Code   RO         6121    !!handler_zi        c_w.l(__scatter_zi.o)
    0x08000204   0x00000000   Code   RO         5935    .ARM.Collect$$_printf_percent$$00000000  c_w.l(_printf_percent.o)
    0x08000204   0x00000006   Code   RO         5934    .ARM.Collect$$_printf_percent$$00000009  c_w.l(_printf_d.o)
    0x0800020a   0x00000004   Code   RO         5961    .ARM.Collect$$_printf_percent$$00000017  c_w.l(_printf_percent_end.o)
    0x0800020e   0x00000002   Code   RO         5988    .ARM.Collect$$libinit$$00000000  c_w.l(libinit.o)
    0x08000210   0x00000000   Code   RO         5995    .ARM.Collect$$libinit$$00000002  c_w.l(libinit2.o)
    0x08000210   0x00000000   Code   RO         5997    .ARM.Collect$$libinit$$00000004  c_w.l(libinit2.o)
    0x08000210   0x00000000   Code   RO         6000    .ARM.Collect$$libinit$$0000000A  c_w.l(libinit2.o)
    0x08000210   0x00000000   Code   RO         6002    .ARM.Collect$$libinit$$0000000C  c_w.l(libinit2.o)
    0x08000210   0x00000000   Code   RO         6004    .ARM.Collect$$libinit$$0000000E  c_w.l(libinit2.o)
    0x08000210   0x00000000   Code   RO         6007    .ARM.Collect$$libinit$$00000011  c_w.l(libinit2.o)
    0x08000210   0x00000000   Code   RO         6009    .ARM.Collect$$libinit$$00000013  c_w.l(libinit2.o)
    0x08000210   0x00000000   Code   RO         6011    .ARM.Collect$$libinit$$00000015  c_w.l(libinit2.o)
    0x08000210   0x00000000   Code   RO         6013    .ARM.Collect$$libinit$$00000017  c_w.l(libinit2.o)
    0x08000210   0x00000000   Code   RO         6015    .ARM.Collect$$libinit$$00000019  c_w.l(libinit2.o)
    0x08000210   0x00000000   Code   RO         6017    .ARM.Collect$$libinit$$0000001B  c_w.l(libinit2.o)
    0x08000210   0x00000000   Code   RO         6019    .ARM.Collect$$libinit$$0000001D  c_w.l(libinit2.o)
    0x08000210   0x00000000   Code   RO         6021    .ARM.Collect$$libinit$$0000001F  c_w.l(libinit2.o)
    0x08000210   0x00000000   Code   RO         6023    .ARM.Collect$$libinit$$00000021  c_w.l(libinit2.o)
    0x08000210   0x00000000   Code   RO         6025    .ARM.Collect$$libinit$$00000023  c_w.l(libinit2.o)
    0x08000210   0x00000000   Code   RO         6027    .ARM.Collect$$libinit$$00000025  c_w.l(libinit2.o)
    0x08000210   0x00000000   Code   RO         6031    .ARM.Collect$$libinit$$0000002C  c_w.l(libinit2.o)
    0x08000210   0x00000000   Code   RO         6033    .ARM.Collect$$libinit$$0000002E  c_w.l(libinit2.o)
    0x08000210   0x00000000   Code   RO         6035    .ARM.Collect$$libinit$$00000030  c_w.l(libinit2.o)
    0x08000210   0x00000000   Code   RO         6037    .ARM.Collect$$libinit$$00000032  c_w.l(libinit2.o)
    0x08000210   0x00000002   Code   RO         6038    .ARM.Collect$$libinit$$00000033  c_w.l(libinit2.o)
    0x08000212   0x00000002   Code   RO         6058    .ARM.Collect$$libshutdown$$00000000  c_w.l(libshutdown.o)
    0x08000214   0x00000000   Code   RO         6072    .ARM.Collect$$libshutdown$$00000003  c_w.l(libshutdown2.o)
    0x08000214   0x00000000   Code   RO         6075    .ARM.Collect$$libshutdown$$00000006  c_w.l(libshutdown2.o)
    0x08000214   0x00000000   Code   RO         6078    .ARM.Collect$$libshutdown$$00000009  c_w.l(libshutdown2.o)
    0x08000214   0x00000000   Code   RO         6080    .ARM.Collect$$libshutdown$$0000000B  c_w.l(libshutdown2.o)
    0x08000214   0x00000000   Code   RO         6083    .ARM.Collect$$libshutdown$$0000000E  c_w.l(libshutdown2.o)
    0x08000214   0x00000002   Code   RO         6084    .ARM.Collect$$libshutdown$$0000000F  c_w.l(libshutdown2.o)
    0x08000216   0x00000000   Code   RO         5954    .ARM.Collect$$rtentry$$00000000  c_w.l(__rtentry.o)
    0x08000216   0x00000000   Code   RO         5963    .ARM.Collect$$rtentry$$00000002  c_w.l(__rtentry2.o)
    0x08000216   0x00000006   Code   RO         5975    .ARM.Collect$$rtentry$$00000004  c_w.l(__rtentry4.o)
    0x0800021c   0x00000000   Code   RO         5965    .ARM.Collect$$rtentry$$00000009  c_w.l(__rtentry2.o)
    0x0800021c   0x00000004   Code   RO         5966    .ARM.Collect$$rtentry$$0000000A  c_w.l(__rtentry2.o)
    0x08000220   0x00000000   Code   RO         5968    .ARM.Collect$$rtentry$$0000000C  c_w.l(__rtentry2.o)
    0x08000220   0x00000008   Code   RO         5969    .ARM.Collect$$rtentry$$0000000D  c_w.l(__rtentry2.o)
    0x08000228   0x00000002   Code   RO         5992    .ARM.Collect$$rtexit$$00000000  c_w.l(rtexit.o)
    0x0800022a   0x00000000   Code   RO         6040    .ARM.Collect$$rtexit$$00000002  c_w.l(rtexit2.o)
    0x0800022a   0x00000004   Code   RO         6041    .ARM.Collect$$rtexit$$00000003  c_w.l(rtexit2.o)
    0x0800022e   0x00000006   Code   RO         6042    .ARM.Collect$$rtexit$$00000004  c_w.l(rtexit2.o)
    0x08000234   0x00000040   Code   RO           20    .text               startup_stm32f10x_cl.o
    0x08000274   0x00000028   Code   RO         5908    .text               c_w.l(noretval__2sprintf.o)
    0x0800029c   0x00000068   Code   RO         5910    .text               c_w.l(__printf.o)
    0x08000304   0x00000078   Code   RO         5912    .text               c_w.l(_printf_dec.o)
    0x0800037c   0x00000058   Code   RO         5936    .text               c_w.l(memcmp.o)
    0x080003d4   0x0000003e   Code   RO         5940    .text               c_w.l(strlen.o)
    0x08000412   0x0000008a   Code   RO         5942    .text               c_w.l(rt_memcpy_v6.o)
    0x0800049c   0x00000064   Code   RO         5944    .text               c_w.l(rt_memcpy_w.o)
    0x08000500   0x0000004e   Code   RO         5948    .text               c_w.l(rt_memclr_w.o)
    0x0800054e   0x00000006   Code   RO         5950    .text               c_w.l(heapauxi.o)
    0x08000554   0x000000b2   Code   RO         5955    .text               c_w.l(_printf_intcommon.o)
    0x08000606   0x00000002   PAD
    0x08000608   0x00000030   Code   RO         5957    .text               c_w.l(_printf_char_common.o)
    0x08000638   0x0000000a   Code   RO         5959    .text               c_w.l(_sputc.o)
    0x08000642   0x0000004a   Code   RO         5979    .text               c_w.l(sys_stackheap_outer.o)
    0x0800068c   0x0000000c   Code   RO         5981    .text               c_w.l(exit.o)
    0x08000698   0x00000008   Code   RO         5989    .text               c_w.l(libspace.o)
    0x080006a0   0x0000000c   Code   RO         6050    .text               c_w.l(sys_exit.o)
    0x080006ac   0x00000002   Code   RO         6061    .text               c_w.l(use_no_semi.o)
    0x080006ae   0x00000000   Code   RO         6063    .text               c_w.l(indicate_semi.o)
    0x080006ae   0x00000004   Code   RO         3739    i.BusFault_Handler  stm32f10x_it.o
    0x080006b2   0x00000036   Code   RO         4386    i.CloseTcp          tcpclient.o
    0x080006e8   0x00000020   Code   RO         4070    i.DMA1_Channel6_IRQHandler  uartcom2.o
    0x08000708   0x00000030   Code   RO         4071    i.DMA1_Channel7_IRQHandler  uartcom2.o
    0x08000738   0x0000001c   Code   RO          832    i.DMA_ClearFlag     stm32f10x_dma.o
    0x08000754   0x00000018   Code   RO          834    i.DMA_Cmd           stm32f10x_dma.o
    0x0800076c   0x0000014c   Code   RO          835    i.DMA_DeInit        stm32f10x_dma.o
    0x080008b8   0x00000008   Code   RO          836    i.DMA_GetCurrDataCounter  stm32f10x_dma.o
    0x080008c0   0x0000002c   Code   RO          837    i.DMA_GetFlagStatus  stm32f10x_dma.o
    0x080008ec   0x00000012   Code   RO          839    i.DMA_ITConfig      stm32f10x_dma.o
    0x080008fe   0x0000003c   Code   RO          840    i.DMA_Init          stm32f10x_dma.o
    0x0800093a   0x00000002   Code   RO         3740    i.DebugMon_Handler  stm32f10x_it.o
    0x0800093c   0x00000014   Code   RO         3952    i.DisableAllLed     led.o
    0x08000950   0x00000040   Code   RO         3953    i.DisableSingleLed  led.o
    0x08000990   0x0000000c   Code   RO         3130    i.ETH_DMAClearITPendingBit  stm32_eth.o
    0x0800099c   0x00000020   Code   RO         3131    i.ETH_DMAITConfig   stm32_eth.o
    0x080009bc   0x00000024   Code   RO         3134    i.ETH_DMAReceptionCmd  stm32_eth.o
    0x080009e0   0x00000054   Code   RO         3135    i.ETH_DMARxDescChainInit  stm32_eth.o
    0x08000a34   0x00000016   Code   RO         3137    i.ETH_DMARxDescReceiveITConfig  stm32_eth.o
    0x08000a4a   0x00000002   PAD
    0x08000a4c   0x00000024   Code   RO         3140    i.ETH_DMATransmissionCmd  stm32_eth.o
    0x08000a70   0x00000050   Code   RO         3143    i.ETH_DMATxDescChainInit  stm32_eth.o
    0x08000ac0   0x00000008   Code   RO         3144    i.ETH_DMATxDescChecksumInsertionConfig  stm32_eth.o
    0x08000ac8   0x00000016   Code   RO         3152    i.ETH_DeInit        stm32_eth.o
    0x08000ade   0x0000001c   Code   RO         3153    i.ETH_Delay         stm32_eth.o
    0x08000afa   0x00000002   PAD
    0x08000afc   0x00000014   Code   RO         3158    i.ETH_FlushTransmitFIFO  stm32_eth.o
    0x08000b10   0x0000000c   Code   RO         4537    i.ETH_GetCurrentTxBuffer  ethernetif.o
    0x08000b1c   0x0000000a   Code   RO         3169    i.ETH_GetDMARxDescFrameLength  stm32_eth.o
    0x08000b26   0x00000002   PAD
    0x08000b28   0x00000048   Code   RO         3184    i.ETH_GetRxPktSize  stm32_eth.o
    0x08000b70   0x00000018   Code   RO         3185    i.ETH_GetSoftwareResetStatus  stm32_eth.o
    0x08000b88   0x00000020   Code   RO         4135    i.ETH_IRQHandler    dp83848.o
    0x08000ba8   0x00000264   Code   RO         3192    i.ETH_Init          stm32_eth.o
    0x08000e0c   0x00000034   Code   RO         3195    i.ETH_MACAddressConfig  stm32_eth.o
    0x08000e40   0x00000024   Code   RO         3200    i.ETH_MACReceptionCmd  stm32_eth.o
    0x08000e64   0x00000024   Code   RO         3201    i.ETH_MACTransmissionCmd  stm32_eth.o
    0x08000e88   0x0000006c   Code   RO         3212    i.ETH_ReadPHYRegister  stm32_eth.o
    0x08000ef4   0x0000009c   Code   RO         4538    i.ETH_RxPkt_ChainMode  ethernetif.o
    0x08000f90   0x00000014   Code   RO         3223    i.ETH_SoftwareReset  stm32_eth.o
    0x08000fa4   0x00000020   Code   RO         3224    i.ETH_Start         stm32_eth.o
    0x08000fc4   0x000000a4   Code   RO         3225    i.ETH_StructInit    stm32_eth.o
    0x08001068   0x00000068   Code   RO         4539    i.ETH_TxPkt_ChainMode  ethernetif.o
    0x080010d0   0x00000068   Code   RO         3227    i.ETH_WritePHYRegister  stm32_eth.o
    0x08001138   0x00000040   Code   RO         3955    i.EnableSingleLed   led.o
    0x08001178   0x000000b4   Code   RO         4136    i.Ethernet_Configuration  dp83848.o
    0x0800122c   0x0000010c   Code   RO         4137    i.GPIO_Configuration  dp83848.o
    0x08001338   0x0000000c   Code   RO         1254    i.GPIO_ETH_MediaInterfaceConfig  stm32f10x_gpio.o
    0x08001344   0x00000116   Code   RO         1258    i.GPIO_Init         stm32f10x_gpio.o
    0x0800145a   0x00000002   PAD
    0x0800145c   0x00000090   Code   RO         1260    i.GPIO_PinRemapConfig  stm32f10x_gpio.o
    0x080014ec   0x00000004   Code   RO         1265    i.GPIO_ResetBits    stm32f10x_gpio.o
    0x080014f0   0x00000004   Code   RO         1266    i.GPIO_SetBits      stm32f10x_gpio.o
    0x080014f4   0x0000009c   Code   RO         4138    i.HandleLwipPeriodicEvent  dp83848.o
    0x08001590   0x00000004   Code   RO         3741    i.HardFault_Handler  stm32f10x_it.o
    0x08001594   0x00000014   Code   RO         4072    i.InitCom2Con       uartcom2.o
    0x080015a8   0x000000b8   Code   RO         4073    i.InitCom2Dma       uartcom2.o
    0x08001660   0x00000058   Code   RO         4074    i.InitCom2Nvic      uartcom2.o
    0x080016b8   0x00000060   Code   RO         4075    i.InitCom2Para      uartcom2.o
    0x08001718   0x00000058   Code   RO         4076    i.InitCom2Pin       uartcom2.o
    0x08001770   0x00000010   Code   RO         4139    i.InitEthernet      dp83848.o
    0x08001780   0x00000030   Code   RO         3956    i.InitLedCon        led.o
    0x080017b0   0x000001f4   Code   RO         4140    i.InitLwipCon       dp83848.o
    0x080019a4   0x00000050   Code   RO         4387    i.InitTcpClient     tcpclient.o
    0x080019f4   0x0000000c   Code   RO         4358    i.InitTimer3Con     timer3.o
    0x08001a00   0x00000044   Code   RO         4359    i.InitTimer3Mode    timer3.o
    0x08001a44   0x00000022   Code   RO         4360    i.InitTimer3Nvic    timer3.o
    0x08001a66   0x00000008   Code   RO         4340    i.InitTimerCon      totaltimer.o
    0x08001a6e   0x00000008   Code   RO         4018    i.InitUartCon       uart.o
    0x08001a76   0x00000002   PAD
    0x08001a78   0x00000010   Code   RO         4141    i.LwIP_Pkt_Handle   dp83848.o
    0x08001a88   0x00000004   Code   RO         3742    i.MemManage_Handler  stm32f10x_it.o
    0x08001a8c   0x00000002   Code   RO         3743    i.NMI_Handler       stm32f10x_it.o
    0x08001a8e   0x00000034   Code   RO         4142    i.NVIC_Configuration  dp83848.o
    0x08001ac2   0x00000002   PAD
    0x08001ac4   0x00000070   Code   RO           24    i.NVIC_Init         misc.o
    0x08001b34   0x00000014   Code   RO           25    i.NVIC_PriorityGroupConfig  misc.o
    0x08001b48   0x00000014   Code   RO           26    i.NVIC_SetVectorTable  misc.o
    0x08001b5c   0x00000002   Code   RO         3744    i.PendSV_Handler    stm32f10x_it.o
    0x08001b5e   0x00000002   PAD
    0x08001b60   0x00000020   Code   RO         1673    i.RCC_AHBPeriphClockCmd  stm32f10x_rcc.o
    0x08001b80   0x00000020   Code   RO         1674    i.RCC_AHBPeriphResetCmd  stm32f10x_rcc.o
    0x08001ba0   0x00000020   Code   RO         1675    i.RCC_APB1PeriphClockCmd  stm32f10x_rcc.o
    0x08001bc0   0x00000020   Code   RO         1677    i.RCC_APB2PeriphClockCmd  stm32f10x_rcc.o
    0x08001be0   0x00000190   Code   RO         1685    i.RCC_GetClocksFreq  stm32f10x_rcc.o
    0x08001d70   0x0000003c   Code   RO         1686    i.RCC_GetFlagStatus  stm32f10x_rcc.o
    0x08001dac   0x0000000c   Code   RO         1697    i.RCC_MCOConfig     stm32f10x_rcc.o
    0x08001db8   0x0000000c   Code   RO         1703    i.RCC_PLL3Cmd       stm32f10x_rcc.o
    0x08001dc4   0x00000018   Code   RO         1704    i.RCC_PLL3Config    stm32f10x_rcc.o
    0x08001ddc   0x00000060   Code   RO         4077    i.ReadCom2Data      uartcom2.o
    0x08001e3c   0x0000001a   Code   RO         4019    i.ReadUartData      uart.o
    0x08001e56   0x00000036   Code   RO         4388    i.ReceiveTcpDataAsClient  tcpclient.o
    0x08001e8c   0x00000002   Code   RO         3745    i.SVC_Handler       stm32f10x_it.o
    0x08001e8e   0x00000002   PAD
    0x08001e90   0x000000d4   Code   RO         4078    i.SendCom2Data      uartcom2.o
    0x08001f64   0x00000088   Code   RO         4389    i.SendTcpDataAsClient  tcpclient.o
    0x08001fec   0x00000022   Code   RO         4020    i.SendUartData      uart.o
    0x0800200e   0x00000008   Code   RO         3828    i.SetSysClock       system_stm32f10x.o
    0x08002016   0x00000002   PAD
    0x08002018   0x00000118   Code   RO         3829    i.SetSysClockTo72   system_stm32f10x.o
    0x08002130   0x00000028   Code   RO           28    i.SysTick_CLKSourceConfig  misc.o
    0x08002158   0x00000002   Code   RO         3746    i.SysTick_Handler   stm32f10x_it.o
    0x0800215a   0x00000002   PAD
    0x0800215c   0x0000006c   Code   RO         3831    i.SystemInit        system_stm32f10x.o
    0x080021c8   0x0000002c   Code   RO         4361    i.TIM3_IRQHandler   timer3.o
    0x080021f4   0x00000006   Code   RO         2357    i.TIM_ClearITPendingBit  stm32f10x_tim.o
    0x080021fa   0x00000018   Code   RO         2362    i.TIM_Cmd           stm32f10x_tim.o
    0x08002212   0x00000022   Code   RO         2383    i.TIM_GetITStatus   stm32f10x_tim.o
    0x08002234   0x00000012   Code   RO         2387    i.TIM_ITConfig      stm32f10x_tim.o
    0x08002246   0x00000002   PAD
    0x08002248   0x000000a4   Code   RO         2433    i.TIM_TimeBaseInit  stm32f10x_tim.o
    0x080022ec   0x00000018   Code   RO         4390    i.TcpConnected      tcpclient.o
    0x08002304   0x00000030   Code   RO         4079    i.USART2_IRQHandler  uartcom2.o
    0x08002334   0x00000018   Code   RO         2898    i.USART_Cmd         stm32f10x_usart.o
    0x0800234c   0x00000012   Code   RO         2899    i.USART_DMACmd      stm32f10x_usart.o
    0x0800235e   0x00000054   Code   RO         2902    i.USART_GetITStatus  stm32f10x_usart.o
    0x080023b2   0x0000004a   Code   RO         2904    i.USART_ITConfig    stm32f10x_usart.o
    0x080023fc   0x000000d8   Code   RO         2905    i.USART_Init        stm32f10x_usart.o
    0x080024d4   0x00000018   Code   RO         2921    i.USART_StructInit  stm32f10x_usart.o
    0x080024ec   0x00000004   Code   RO         3747    i.UsageFault_Handler  stm32f10x_it.o
    0x080024f0   0x0000001c   Code   RO         5741    i.arp_timer         timers.o
    0x0800250c   0x0000000c   Code   RO         3991    i.delay_init        delay.o
    0x08002518   0x00000114   Code   RO         4428    i.etharp_arp_input  etharp.o
    0x0800262c   0x000001a0   Code   RO         4431    i.etharp_find_entry  etharp.o
    0x080027cc   0x00000040   Code   RO         4432    i.etharp_free_entry  etharp.o
    0x0800280c   0x00000158   Code   RO         4433    i.etharp_output     etharp.o
    0x08002964   0x00000080   Code   RO         4434    i.etharp_output_to_arp_index  etharp.o
    0x080029e4   0x00000194   Code   RO         4435    i.etharp_query      etharp.o
    0x08002b78   0x000000ce   Code   RO         4436    i.etharp_raw        etharp.o
    0x08002c46   0x00000002   PAD
    0x08002c48   0x0000002c   Code   RO         4437    i.etharp_request    etharp.o
    0x08002c74   0x00000044   Code   RO         4438    i.etharp_send_ip    etharp.o
    0x08002cb8   0x0000008c   Code   RO         4439    i.etharp_tmr        etharp.o
    0x08002d44   0x000000c4   Code   RO         4440    i.etharp_update_arp_entry  etharp.o
    0x08002e08   0x000000bc   Code   RO         4441    i.ethernet_input    etharp.o
    0x08002ec4   0x00000028   Code   RO         4540    i.ethernetif_init   ethernetif.o
    0x08002eec   0x0000002c   Code   RO         4541    i.ethernetif_input  ethernetif.o
    0x08002f18   0x00000008   Code   RO         4144    i.getHostName       dp83848.o
    0x08002f20   0x0000000c   Code   RO         4146    i.getLwipTime       dp83848.o
    0x08002f2c   0x00000008   Code   RO         4147    i.getMacAddr        dp83848.o
    0x08002f34   0x00000008   Code   RO         4148    i.getServerIpAddr   dp83848.o
    0x08002f3c   0x0000000c   Code   RO         4149    i.getServerPort     dp83848.o
    0x08002f48   0x0000000c   Code   RO         4151    i.getTcpLocalPort   dp83848.o
    0x08002f54   0x00000012   Code   RO         4659    i.icmp_dest_unreach  icmp.o
    0x08002f66   0x00000002   PAD
    0x08002f68   0x00000184   Code   RO         4660    i.icmp_input        icmp.o
    0x080030ec   0x0000007a   Code   RO         4661    i.icmp_send_response  icmp.o
    0x08003166   0x00000012   Code   RO         4662    i.icmp_time_exceeded  icmp.o
    0x08003178   0x00000014   Code   RO         4710    i.inet_chksum       inet_chksum.o
    0x0800318c   0x00000056   Code   RO         4711    i.inet_chksum_pbuf  inet_chksum.o
    0x080031e2   0x0000004e   Code   RO         4810    i.ip4_addr_isbroadcast  ip_addr.o
    0x08003230   0x000001b8   Code   RO         4863    i.ip_frag           ip_frag.o
    0x080033e8   0x0000000a   Code   RO         4864    i.ip_frag_alloc_pbuf_custom_ref  ip_frag.o
    0x080033f2   0x00000018   Code   RO         4865    i.ip_frag_free_pbuf_custom_ref  ip_frag.o
    0x0800340a   0x00000002   PAD
    0x0800340c   0x0000018c   Code   RO         4748    i.ip_input          ip.o
    0x08003598   0x00000042   Code   RO         4749    i.ip_output         ip.o
    0x080035da   0x00000002   PAD
    0x080035dc   0x000000d8   Code   RO         4750    i.ip_output_if      ip.o
    0x080036b4   0x0000018c   Code   RO         4866    i.ip_reass          ip_frag.o
    0x08003840   0x000001a8   Code   RO         4867    i.ip_reass_chain_frag_into_datagram_and_validate  ip_frag.o
    0x080039e8   0x00000034   Code   RO         4868    i.ip_reass_dequeue_datagram  ip_frag.o
    0x08003a1c   0x00000054   Code   RO         4869    i.ip_reass_enqueue_new_datagram  ip_frag.o
    0x08003a70   0x000000d8   Code   RO         4870    i.ip_reass_free_complete_datagram  ip_frag.o
    0x08003b48   0x0000007c   Code   RO         4871    i.ip_reass_remove_oldest_datagram  ip_frag.o
    0x08003bc4   0x0000001c   Code   RO         5742    i.ip_reass_timer    timers.o
    0x08003be0   0x00000034   Code   RO         4872    i.ip_reass_tmr      ip_frag.o
    0x08003c14   0x00000054   Code   RO         4751    i.ip_route          ip.o
    0x08003c68   0x0000002e   Code   RO         4873    i.ipfrag_free_pbuf_custom  ip_frag.o
    0x08003c96   0x00000002   PAD
    0x08003c98   0x000000a0   Code   RO         4542    i.low_level_init    ethernetif.o
    0x08003d38   0x00000074   Code   RO         4543    i.low_level_input   ethernetif.o
    0x08003dac   0x00000034   Code   RO         4544    i.low_level_output  ethernetif.o
    0x08003de0   0x0000001a   Code   RO         4932    i.lwip_htonl        def.o
    0x08003dfa   0x0000000c   Code   RO         4933    i.lwip_htons        def.o
    0x08003e06   0x0000001c   Code   RO         4974    i.lwip_init         init.o
    0x08003e22   0x0000000c   Code   RO         4934    i.lwip_ntohl        def.o
    0x08003e2e   0x0000000c   Code   RO         4935    i.lwip_ntohs        def.o
    0x08003e3a   0x0000005e   Code   RO         4714    i.lwip_standard_chksum  inet_chksum.o
    0x08003e98   0x00000060   Code   RO         3862    i.main              main.o
    0x08003ef8   0x00000078   Code   RO         5011    i.mem_free          mem.o
    0x08003f70   0x0000005c   Code   RO         5012    i.mem_init          mem.o
    0x08003fcc   0x00000128   Code   RO         5013    i.mem_malloc        mem.o
    0x080040f4   0x00000148   Code   RO         5014    i.mem_trim          mem.o
    0x0800423c   0x0000002c   Code   RO         5055    i.memp_free         memp.o
    0x08004268   0x00000064   Code   RO         5056    i.memp_init         memp.o
    0x080042cc   0x0000003c   Code   RO         5057    i.memp_malloc       memp.o
    0x08004308   0x00000074   Code   RO         5091    i.netif_add         netif.o
    0x0800437c   0x00000002   Code   RO         5093    i.netif_init        netif.o
    0x0800437e   0x00000028   Code   RO         5095    i.netif_set_addr    netif.o
    0x080043a6   0x00000002   PAD
    0x080043a8   0x0000000c   Code   RO         5096    i.netif_set_default  netif.o
    0x080043b4   0x0000000c   Code   RO         5098    i.netif_set_gw      netif.o
    0x080043c0   0x00000078   Code   RO         5099    i.netif_set_ipaddr  netif.o
    0x08004438   0x0000000c   Code   RO         5102    i.netif_set_netmask  netif.o
    0x08004444   0x00000036   Code   RO         5103    i.netif_set_up      netif.o
    0x0800447a   0x00000202   Code   RO         5185    i.pbuf_alloc        pbuf.o
    0x0800467c   0x00000070   Code   RO         5186    i.pbuf_alloced_custom  pbuf.o
    0x080046ec   0x00000050   Code   RO         5187    i.pbuf_cat          pbuf.o
    0x0800473c   0x00000012   Code   RO         5189    i.pbuf_clen         pbuf.o
    0x0800474e   0x000000e4   Code   RO         5191    i.pbuf_copy         pbuf.o
    0x08004832   0x0000009a   Code   RO         5192    i.pbuf_copy_partial  pbuf.o
    0x080048cc   0x000000ba   Code   RO         5194    i.pbuf_free         pbuf.o
    0x08004986   0x0000008c   Code   RO         5196    i.pbuf_header       pbuf.o
    0x08004a12   0x000000b0   Code   RO         5199    i.pbuf_realloc      pbuf.o
    0x08004ac2   0x0000000a   Code   RO         5200    i.pbuf_ref          pbuf.o
    0x08004acc   0x000000b4   Code   RO         5015    i.plug_holes        mem.o
    0x08004b80   0x00000074   Code   RO         5301    i.raw_input         raw.o
    0x08004bf4   0x0000000c   Code   RO         4155    i.setLwipTime       dp83848.o
    0x08004c00   0x00000008   Code   RO         5883    i.sys_now           sys_arch.o
    0x08004c08   0x000000a4   Code   RO         5745    i.sys_timeout       timers.o
    0x08004cac   0x00000030   Code   RO         5746    i.sys_timeouts_init  timers.o
    0x08004cdc   0x000000a0   Code   RO         5367    i.tcp_abandon       tcp.o
    0x08004d7c   0x0000000e   Code   RO         5368    i.tcp_abort         tcp.o
    0x08004d8a   0x00000002   PAD
    0x08004d8c   0x000000bc   Code   RO         5371    i.tcp_alloc         tcp.o
    0x08004e48   0x00000004   Code   RO         5372    i.tcp_arg           tcp.o
    0x08004e4c   0x0000009c   Code   RO         5373    i.tcp_bind          tcp.o
    0x08004ee8   0x0000001c   Code   RO         5374    i.tcp_close         tcp.o
    0x08004f04   0x000001d4   Code   RO         5375    i.tcp_close_shutdown  tcp.o
    0x080050d8   0x00000158   Code   RO         5376    i.tcp_connect       tcp.o
    0x08005230   0x000000ac   Code   RO         5644    i.tcp_create_segment  tcp_out.o
    0x080052dc   0x0000002e   Code   RO         5378    i.tcp_eff_send_mss  tcp.o
    0x0800530a   0x00000146   Code   RO         5645    i.tcp_enqueue_flags  tcp_out.o
    0x08005450   0x00000014   Code   RO         5379    i.tcp_err           tcp.o
    0x08005464   0x0000007c   Code   RO         5380    i.tcp_fasttmr       tcp.o
    0x080054e0   0x00000002   Code   RO         5381    i.tcp_init          tcp.o
    0x080054e2   0x00000002   PAD
    0x080054e4   0x000004d0   Code   RO         5596    i.tcp_input         tcp_in.o
    0x080059b4   0x00000044   Code   RO         5646    i.tcp_keepalive     tcp_out.o
    0x080059f8   0x00000054   Code   RO         5382    i.tcp_kill_prio     tcp.o
    0x08005a4c   0x0000003c   Code   RO         5383    i.tcp_kill_timewait  tcp.o
    0x08005a88   0x00000130   Code   RO         5597    i.tcp_listen_input  tcp_in.o
    0x08005bb8   0x0000000a   Code   RO         5385    i.tcp_new           tcp.o
    0x08005bc2   0x00000002   PAD
    0x08005bc4   0x00000068   Code   RO         5386    i.tcp_new_port      tcp.o
    0x08005c2c   0x0000001c   Code   RO         5387    i.tcp_next_iss      tcp.o
    0x08005c48   0x000001d4   Code   RO         5647    i.tcp_output        tcp_out.o
    0x08005e1c   0x00000086   Code   RO         5648    i.tcp_output_alloc_header  tcp_out.o
    0x08005ea2   0x00000002   PAD
    0x08005ea4   0x000000d0   Code   RO         5649    i.tcp_output_segment  tcp_out.o
    0x08005f74   0x000000b8   Code   RO         5598    i.tcp_parseopt      tcp_in.o
    0x0800602c   0x00000080   Code   RO         5650    i.tcp_pbuf_prealloc  tcp_out.o
    0x080060ac   0x00000040   Code   RO         5388    i.tcp_pcb_purge     tcp.o
    0x080060ec   0x000000a0   Code   RO         5389    i.tcp_pcb_remove    tcp.o
    0x0800618c   0x00000018   Code   RO         5390    i.tcp_poll          tcp.o
    0x080061a4   0x000005ac   Code   RO         5599    i.tcp_process       tcp_in.o
    0x08006750   0x0000008c   Code   RO         5391    i.tcp_process_refused_data  tcp.o
    0x080067dc   0x000006c4   Code   RO         5600    i.tcp_receive       tcp_in.o
    0x08006ea0   0x00000012   Code   RO         5392    i.tcp_recv          tcp.o
    0x08006eb2   0x0000002e   Code   RO         5393    i.tcp_recv_null     tcp.o
    0x08006ee0   0x00000060   Code   RO         5394    i.tcp_recved        tcp.o
    0x08006f40   0x0000005a   Code   RO         5651    i.tcp_rexmit        tcp_out.o
    0x08006f9a   0x00000070   Code   RO         5652    i.tcp_rexmit_fast   tcp_out.o
    0x0800700a   0x0000003a   Code   RO         5653    i.tcp_rexmit_rto    tcp_out.o
    0x08007044   0x00000086   Code   RO         5654    i.tcp_rst           tcp_out.o
    0x080070ca   0x0000001a   Code   RO         5395    i.tcp_seg_free      tcp.o
    0x080070e4   0x00000018   Code   RO         5396    i.tcp_segs_free     tcp.o
    0x080070fc   0x0000004e   Code   RO         5655    i.tcp_send_empty_ack  tcp_out.o
    0x0800714a   0x0000004a   Code   RO         5656    i.tcp_send_fin      tcp_out.o
    0x08007194   0x00000012   Code   RO         5397    i.tcp_sent          tcp.o
    0x080071a6   0x00000002   PAD
    0x080071a8   0x00000388   Code   RO         5400    i.tcp_slowtmr       tcp.o
    0x08007530   0x00000038   Code   RO         5748    i.tcp_timer_needed  timers.o
    0x08007568   0x000000ac   Code   RO         5601    i.tcp_timewait_input  tcp_in.o
    0x08007614   0x00000024   Code   RO         5401    i.tcp_tmr           tcp.o
    0x08007638   0x00000058   Code   RO         5402    i.tcp_update_rcv_ann_wnd  tcp.o
    0x08007690   0x000003e6   Code   RO         5657    i.tcp_write         tcp_out.o
    0x08007a76   0x00000088   Code   RO         5658    i.tcp_write_checks  tcp_out.o
    0x08007afe   0x000000a4   Code   RO         5659    i.tcp_zero_window_probe  tcp_out.o
    0x08007ba2   0x00000002   PAD
    0x08007ba4   0x00000038   Code   RO         5749    i.tcpip_tcp_timer   timers.o
    0x08007bdc   0x00000002   Code   RO         5803    i.udp_init          udp.o
    0x08007bde   0x00000002   PAD
    0x08007be0   0x000001a4   Code   RO         5804    i.udp_input         udp.o
    0x08007d84   0x00000064   Data   RO         4162    .constdata          dp83848.o
    0x08007de8   0x0000000c   Data   RO         4443    .constdata          etharp.o
    0x08007df4   0x00000008   Data   RO         4817    .constdata          ip_addr.o
    0x08007dfc   0x00000028   Data   RO         5059    .constdata          memp.o
    0x08007e24   0x00000050   Data   RO         5403    .constdata          tcp.o
    0x08007e74   0x00000075   Data   RO         5404    .conststring        tcp.o
    0x08007ee9   0x00000003   PAD
    0x08007eec   0x00000020   Data   RO         6115    Region$$Table       anon$$obj.o


    Execution Region RW_IRAM1 (Base: 0x20000000, Size: 0x0000b910, Max: 0x00010000, ABSOLUTE, COMPRESSED[0x00000040])

    Base Addr    Size         Type   Attr      Idx    E Section Name        Object

    0x20000000   0x00000014   Data   RW         1713    .data               stm32f10x_rcc.o
    0x20000014   0x00000010   Data   RW         3228    .data               stm32_eth.o
    0x20000024   0x00000003   Data   RW         4081    .data               uartcom2.o
    0x20000027   0x00000001   PAD
    0x20000028   0x0000008e   Data   RW         4163    .data               dp83848.o
    0x200000b6   0x00000002   PAD
    0x200000b8   0x00000008   Data   RW         4391    .data               tcpclient.o
    0x200000c0   0x00000001   Data   RW         4444    .data               etharp.o
    0x200000c1   0x00000003   PAD
    0x200000c4   0x00000012   Data   RW         4752    .data               ip.o
    0x200000d6   0x00000002   PAD
    0x200000d8   0x00000006   Data   RW         4874    .data               ip_frag.o
    0x200000de   0x00000002   PAD
    0x200000e0   0x0000000c   Data   RW         5017    .data               mem.o
    0x200000ec   0x00000009   Data   RW         5104    .data               netif.o
    0x200000f5   0x00000003   PAD
    0x200000f8   0x00000004   Data   RW         5307    .data               raw.o
    0x200000fc   0x00000024   Data   RW         5405    .data               tcp.o
    0x20000120   0x00000020   Data   RW         5603    .data               tcp_in.o
    0x20000140   0x0000000c   Data   RW         5750    .data               timers.o
    0x2000014c   0x00000008   Data   RW         5812    .data               udp.o
    0x20000154   0x00000096   Zero   RW         4080    .bss                uartcom2.o
    0x200001ea   0x00000002   PAD
    0x200001ec   0x00000034   Zero   RW         4161    .bss                dp83848.o
    0x20000220   0x000000c8   Zero   RW         4442    .bss                etharp.o
    0x200002e8   0x00003c00   Zero   RW         4545    .bss                ethernetif.o
    0x20003ee8   0x00003e94   Zero   RW         5016    .bss                mem.o
    0x20007d7c   0x00003523   Zero   RW         5058    .bss                memp.o
    0x2000b29f   0x00000001   PAD
    0x2000b2a0   0x00000010   Zero   RW         5602    .bss                tcp_in.o
    0x2000b2b0   0x00000060   Zero   RW         5990    .bss                c_w.l(libspace.o)
    0x2000b310   0x00000200   Zero   RW           18    HEAP                startup_stm32f10x_cl.o
    0x2000b510   0x00000400   Zero   RW           17    STACK               startup_stm32f10x_cl.o


==============================================================================

Image component sizes


      Code (inc. data)   RO Data    RW Data    ZI Data      Debug   Object Name

         0          0          0          0          0       4560   core_cm3.o
        62          0          0          0          0       1892   def.o
        12          0          0          0          0        413   delay.o
      1292        224        100        142         52      10168   dp83848.o
      2474         62         12          1        200      12777   etharp.o
       684         54          0          0      15360       7465   ethernetif.o
       546         10          0          0          0       3402   icmp.o
         0          0          0          0          0       3800   inet.o
       200          0          0          0          0       2449   inet_chksum.o
        28          0          0          0          0        996   init.o
       762         32          0         18          0      16350   ip.o
        78          0          8          0          0       7190   ip_addr.o
      1868         46          0          6          0      10276   ip_frag.o
       196         22          0          0          0       1826   led.o
        96          8          0          0          0      21259   main.o
      1016         70          0         12      16020       4733   mem.o
       204         30         40          0      13603       3018   memp.o
       192         30          0          0          0     281447   misc.o
       368         26          0          9          0       7034   netif.o
      1618          0          0          0          0       8326   pbuf.o
       116         14          0          4          0       1428   raw.o
        64         26        336          0       1536        776   startup_stm32f10x_cl.o
      1650        136          0         16          0      46338   stm32_eth.o
       514         26          0          0          0       5434   stm32f10x_dma.o
       442         12          0          0          0       4218   stm32f10x_gpio.o
        26          0          0          0          0       3582   stm32f10x_it.o
       636         72          0         20          0       8225   stm32f10x_rcc.o
       246         42          0          0          0       3358   stm32f10x_tim.o
       440          6          0          0          0       5320   stm32f10x_usart.o
         8          0          0          0          0        450   sys_arch.o
       396         32          0          0          0       1777   system_stm32f10x.o
      3484        178        197         36          0      28481   tcp.o
      5076        306          0         32         16      16259   tcp_in.o
      3348         10          0          0          0      14079   tcp_out.o
       348         30          0          8          0       3518   tcpclient.o
       158         12          0          0          0       1798   timer3.o
       380         64          0         12          0       3309   timers.o
         8          0          0          0          0        427   totaltimer.o
        68          0          0          0          0     223472   uart.o
       912         88          0          3        150       5766   uartcom2.o
       422         14          0          8          0       3602   udp.o

    ----------------------------------------------------------------------
     30486       1682        728        340      46940     790998   Object Totals
         0          0         32          0          0          0   (incl. Generated)
        48          0          3         13          3          0   (incl. Padding)

    ----------------------------------------------------------------------

      Code (inc. data)   RO Data    RW Data    ZI Data      Debug   Library Member Name

        90          0          0          0          0          0   __dczerorl2.o
         8          0          0          0          0         68   __main.o
       104          0          0          0          0         84   __printf.o
         0          0          0          0          0          0   __rtentry.o
        12          0          0          0          0          0   __rtentry2.o
         6          0          0          0          0          0   __rtentry4.o
        52          8          0          0          0          0   __scatter.o
        28          0          0          0          0          0   __scatter_zi.o
        48          6          0          0          0         96   _printf_char_common.o
         6          0          0          0          0          0   _printf_d.o
       120         16          0          0          0         92   _printf_dec.o
       178          0          0          0          0         88   _printf_intcommon.o
         0          0          0          0          0          0   _printf_percent.o
         4          0          0          0          0          0   _printf_percent_end.o
        10          0          0          0          0         68   _sputc.o
        12          0          0          0          0         72   exit.o
         6          0          0          0          0        152   heapauxi.o
         0          0          0          0          0          0   indicate_semi.o
         2          0          0          0          0          0   libinit.o
         2          0          0          0          0          0   libinit2.o
         2          0          0          0          0          0   libshutdown.o
         2          0          0          0          0          0   libshutdown2.o
         8          4          0          0         96         68   libspace.o
        88          0          0          0          0         76   memcmp.o
        40          6          0          0          0         84   noretval__2sprintf.o
        78          0          0          0          0         80   rt_memclr_w.o
       138          0          0          0          0         68   rt_memcpy_v6.o
       100          0          0          0          0         80   rt_memcpy_w.o
         2          0          0          0          0          0   rtexit.o
        10          0          0          0          0          0   rtexit2.o
        62          0          0          0          0         76   strlen.o
        12          4          0          0          0         68   sys_exit.o
        74          0          0          0          0         80   sys_stackheap_outer.o
         2          0          0          0          0         68   use_no_semi.o

    ----------------------------------------------------------------------
      1310         44          0          0         96       1468   Library Totals
         4          0          0          0          0          0   (incl. Padding)

    ----------------------------------------------------------------------

      Code (inc. data)   RO Data    RW Data    ZI Data      Debug   Library Name

      1306         44          0          0         96       1468   c_w.l

    ----------------------------------------------------------------------
      1310         44          0          0         96       1468   Library Totals

    ----------------------------------------------------------------------

==============================================================================


      Code (inc. data)   RO Data    RW Data    ZI Data      Debug   

     31796       1726        728        340      47036     778942   Grand Totals
     31796       1726        728         64      47036     778942   ELF Image Totals (compressed)
     31796       1726        728         64          0          0   ROM Totals

==============================================================================

    Total RO  Size (Code + RO Data)                32524 (  31.76kB)
    Total RW  Size (RW Data + ZI Data)             47376 (  46.27kB)
    Total ROM Size (Code + RO Data + RW Data)      32588 (  31.82kB)

==============================================================================

