Component: ARM Compiler 5.05 update 1 (build 106) Tool: armlink [4d0efa]

==============================================================================

Section Cross References

    startup_stm32f10x_cl.o(STACK) refers (Special) to heapauxi.o(.text) for __use_two_region_memory
    startup_stm32f10x_cl.o(HEAP) refers (Special) to heapauxi.o(.text) for __use_two_region_memory
    startup_stm32f10x_cl.o(RESET) refers (Special) to heapauxi.o(.text) for __use_two_region_memory
    startup_stm32f10x_cl.o(RESET) refers to startup_stm32f10x_cl.o(STACK) for __initial_sp
    startup_stm32f10x_cl.o(RESET) refers to startup_stm32f10x_cl.o(.text) for Reset_Handler
    startup_stm32f10x_cl.o(RESET) refers to stm32f10x_it.o(i.NMI_Handler) for NMI_Handler
    startup_stm32f10x_cl.o(RESET) refers to stm32f10x_it.o(i.HardFault_Handler) for HardFault_Handler
    startup_stm32f10x_cl.o(RESET) refers to stm32f10x_it.o(i.MemManage_Handler) for MemManage_Handler
    startup_stm32f10x_cl.o(RESET) refers to stm32f10x_it.o(i.BusFault_Handler) for BusFault_Handler
    startup_stm32f10x_cl.o(RESET) refers to stm32f10x_it.o(i.UsageFault_Handler) for UsageFault_Handler
    startup_stm32f10x_cl.o(RESET) refers to stm32f10x_it.o(i.SVC_Handler) for SVC_Handler
    startup_stm32f10x_cl.o(RESET) refers to stm32f10x_it.o(i.DebugMon_Handler) for DebugMon_Handler
    startup_stm32f10x_cl.o(RESET) refers to stm32f10x_it.o(i.PendSV_Handler) for PendSV_Handler
    startup_stm32f10x_cl.o(RESET) refers to stm32f10x_it.o(i.SysTick_Handler) for SysTick_Handler
    startup_stm32f10x_cl.o(RESET) refers to uartcom2.o(i.DMA1_Channel6_IRQHandler) for DMA1_Channel6_IRQHandler
    startup_stm32f10x_cl.o(RESET) refers to uartcom2.o(i.DMA1_Channel7_IRQHandler) for DMA1_Channel7_IRQHandler
    startup_stm32f10x_cl.o(RESET) refers to timer3.o(i.TIM3_IRQHandler) for TIM3_IRQHandler
    startup_stm32f10x_cl.o(RESET) refers to uartcom2.o(i.USART2_IRQHandler) for USART2_IRQHandler
    startup_stm32f10x_cl.o(RESET) refers to dp83848.o(i.ETH_IRQHandler) for ETH_IRQHandler
    startup_stm32f10x_cl.o(.text) refers (Special) to heapauxi.o(.text) for __use_two_region_memory
    startup_stm32f10x_cl.o(.text) refers to system_stm32f10x.o(i.SystemInit) for SystemInit
    startup_stm32f10x_cl.o(.text) refers to __main.o(!!!main) for __main
    startup_stm32f10x_cl.o(.text) refers to startup_stm32f10x_cl.o(HEAP) for Heap_Mem
    startup_stm32f10x_cl.o(.text) refers to startup_stm32f10x_cl.o(STACK) for Stack_Mem
    stm32f10x_adc.o(i.ADC_DeInit) refers to stm32f10x_rcc.o(i.RCC_APB2PeriphResetCmd) for RCC_APB2PeriphResetCmd
    stm32f10x_bkp.o(i.BKP_DeInit) refers to stm32f10x_rcc.o(i.RCC_BackupResetCmd) for RCC_BackupResetCmd
    stm32f10x_can.o(i.CAN_DeInit) refers to stm32f10x_rcc.o(i.RCC_APB1PeriphResetCmd) for RCC_APB1PeriphResetCmd
    stm32f10x_can.o(i.CAN_GetITStatus) refers to stm32f10x_can.o(i.CheckITStatus) for CheckITStatus
    stm32f10x_cec.o(i.CEC_DeInit) refers to stm32f10x_rcc.o(i.RCC_APB1PeriphResetCmd) for RCC_APB1PeriphResetCmd
    stm32f10x_dac.o(i.DAC_DeInit) refers to stm32f10x_rcc.o(i.RCC_APB1PeriphResetCmd) for RCC_APB1PeriphResetCmd
    stm32f10x_flash.o(i.FLASH_EnableWriteProtection) refers to stm32f10x_flash.o(i.FLASH_WaitForLastOperation) for FLASH_WaitForLastOperation
    stm32f10x_flash.o(i.FLASH_EraseAllBank1Pages) refers to stm32f10x_flash.o(i.FLASH_WaitForLastBank1Operation) for FLASH_WaitForLastBank1Operation
    stm32f10x_flash.o(i.FLASH_EraseAllPages) refers to stm32f10x_flash.o(i.FLASH_WaitForLastOperation) for FLASH_WaitForLastOperation
    stm32f10x_flash.o(i.FLASH_EraseOptionBytes) refers to stm32f10x_flash.o(i.FLASH_GetReadOutProtectionStatus) for FLASH_GetReadOutProtectionStatus
    stm32f10x_flash.o(i.FLASH_EraseOptionBytes) refers to stm32f10x_flash.o(i.FLASH_WaitForLastOperation) for FLASH_WaitForLastOperation
    stm32f10x_flash.o(i.FLASH_ErasePage) refers to stm32f10x_flash.o(i.FLASH_WaitForLastOperation) for FLASH_WaitForLastOperation
    stm32f10x_flash.o(i.FLASH_ProgramHalfWord) refers to stm32f10x_flash.o(i.FLASH_WaitForLastOperation) for FLASH_WaitForLastOperation
    stm32f10x_flash.o(i.FLASH_ProgramOptionByteData) refers to stm32f10x_flash.o(i.FLASH_WaitForLastOperation) for FLASH_WaitForLastOperation
    stm32f10x_flash.o(i.FLASH_ProgramWord) refers to stm32f10x_flash.o(i.FLASH_WaitForLastOperation) for FLASH_WaitForLastOperation
    stm32f10x_flash.o(i.FLASH_ReadOutProtection) refers to stm32f10x_flash.o(i.FLASH_WaitForLastOperation) for FLASH_WaitForLastOperation
    stm32f10x_flash.o(i.FLASH_UserOptionByteConfig) refers to stm32f10x_flash.o(i.FLASH_WaitForLastOperation) for FLASH_WaitForLastOperation
    stm32f10x_flash.o(i.FLASH_WaitForLastBank1Operation) refers to stm32f10x_flash.o(i.FLASH_GetBank1Status) for FLASH_GetBank1Status
    stm32f10x_flash.o(i.FLASH_WaitForLastOperation) refers to stm32f10x_flash.o(i.FLASH_GetBank1Status) for FLASH_GetBank1Status
[...]
    .data                                    0x200000fc   Section       36  tcp.o(.data)
    tcp_port                                 0x200000fc   Data           2  tcp.o(.data)
    tcp_timer                                0x20000119   Data           1  tcp.o(.data)
    tcp_timer_ctr                            0x2000011a   Data           1  tcp.o(.data)
    iss                                      0x2000011c   Data           4  tcp.o(.data)
    .data                                    0x20000120   Section       32  tcp_in.o(.data)
    tcphdr                                   0x20000120   Data           4  tcp_in.o(.data)
    iphdr                                    0x20000124   Data           4  tcp_in.o(.data)
    seqno                                    0x20000128   Data           4  tcp_in.o(.data)
    ackno                                    0x2000012c   Data           4  tcp_in.o(.data)
    flags                                    0x20000130   Data           1  tcp_in.o(.data)
    tcplen                                   0x20000132   Data           2  tcp_in.o(.data)
    recv_flags                               0x20000134   Data           1  tcp_in.o(.data)
    recv_data                                0x20000138   Data           4  tcp_in.o(.data)
    .data                                    0x20000140   Section       12  timers.o(.data)
    next_timeout                             0x20000140   Data           4  timers.o(.data)
    timeouts_last_time                       0x20000144   Data           4  timers.o(.data)
    tcpip_tcp_timer_active                   0x20000148   Data           4  timers.o(.data)
    .data                                    0x2000014c   Section        8  udp.o(.data)
    udp_port                                 0x2000014c   Data           2  udp.o(.data)
    .bss                                     0x20000154   Section      150  uartcom2.o(.bss)
    sCom2TxDmaBuf                            0x20000154   Data         100  uartcom2.o(.bss)
    sCom2RxBuf                               0x200001b8   Data          50  uartcom2.o(.bss)
    .bss                                     0x200001ec   Section       52  dp83848.o(.bss)
    .bss                                     0x20000220   Section      200  etharp.o(.bss)
    arp_table                                0x20000220   Data         200  etharp.o(.bss)
    .bss                                     0x200002e8   Section    15360  ethernetif.o(.bss)
    .bss                                     0x20003ee8   Section    16020  mem.o(.bss)
    .bss                                     0x20007d7c   Section    13603  memp.o(.bss)
    memp_tab                                 0x20007d7c   Data          40  memp.o(.bss)
    memp_memory                              0x20007da4   Data       13563  memp.o(.bss)
    .bss                                     0x2000b2a0   Section       16  tcp_in.o(.bss)
    inseg                                    0x2000b2a0   Data          16  tcp_in.o(.bss)
    .bss                                     0x2000b2b0   Section       96  libspace.o(.bss)
    HEAP                                     0x2000b310   Section      512  startup_stm32f10x_cl.o(HEAP)
    Heap_Mem                                 0x2000b310   Data         512  startup_stm32f10x_cl.o(HEAP)
    STACK                                    0x2000b510   Section     1024  startup_stm32f10x_cl.o(STACK)
    Stack_Mem                                0x2000b510   Data        1024  startup_stm32f10x_cl.o(STACK)
    __initial_sp                             0x2000b910   Data           0  startup_stm32f10x_cl.o(STACK)

    Global Symbols

    Symbol Name                              Value     Ov Type        Size  Object(Section)

    BuildAttributes$$THM_ISAv4$P$D$K$B$S$PE$A:L22UL41UL21$X:L11$S22US41US21$IEEE1$IW$USESV6$~STKCKD$USESV7$~SHL$OTIME$ROPI$EBA8$UX$STANDARDLIB$REQ8$PRES8$EABIv2 0x00000000   Number         0  anon$$obj.o ABSOLUTE
    __ARM_use_no_argv                        0x00000000   Number         0  main.o ABSOLUTE
    __ARM_exceptions_init                     - Undefined Weak Reference
    __alloca_initialize                       - Undefined Weak Reference
    __arm_preinit_                            - Undefined Weak Reference
    __cpp_initialize__aeabi_                  - Undefined Weak Reference
    __cxa_finalize                            - Undefined Weak Reference
    __rt_locale                               - Undefined Weak Reference
    __sigvec_lookup                           - Undefined Weak Reference
    __user_heap_extent                        - Undefined Weak Reference
    _atexit_init                              - Undefined Weak Reference
    _call_atexit_fns                          - Undefined Weak Reference
    _clock_init                               - Undefined Weak Reference
    _fp_trap_init                             - Undefined Weak Reference
    _fp_trap_shutdown                         - Undefined Weak Reference
    _get_lc_collate                           - Undefined Weak Reference
    _get_lc_ctype                             - Undefined Weak Reference
    _get_lc_monetary                          - Undefined Weak Reference
    _get_lc_numeric                           - Undefined Weak Reference
    _get_lc_time                              - Undefined Weak Reference
    _getenv_init                              - Undefined Weak Reference
    _handle_redirection                       - Undefined Weak Reference
    _initio                                   - Undefined Weak Reference
    _mutex_acquire                            - Undefined Weak Reference
    _mutex_free                               - Undefined Weak Reference
    _mutex_release                            - Undefined Weak Reference
    _printf_post_padding                      - Undefined Weak Reference
    _printf_pre_padding                       - Undefined Weak Reference
    _printf_truncate_signed                   - Undefined Weak Reference
    _printf_truncate_unsigned                 - Undefined Weak Reference
    _rand_init                                - Undefined Weak Reference
    _signal_finish                            - Undefined Weak Reference
    _signal_init                              - Undefined Weak Reference
    _terminateio                              - Undefined Weak Reference
    __Vectors_Size                           0x00000150   Number         0  startup_stm32f10x_cl.o ABSOLUTE
    __Vectors                                0x08000000   Data           4  startup_stm32f10x_cl.o(RESET)
    __Vectors_End                            0x08000150   Data           0  startup_stm32f10x_cl.o(RESET)
    __main                                   0x08000151   Thumb Code     8  __main.o(!!!main)
    __scatterload                            0x08000159   Thumb Code     0  __scatter.o(!!!scatter)
    __scatterload_rt2                        0x08000159   Thumb Code    44  __scatter.o(!!!scatter)
    __scatterload_rt2_thumb_only             0x08000159   Thumb Code     0  __scatter.o(!!!scatter)
    __scatterload_null                       0x08000167   Thumb Code     0  __scatter.o(!!!scatter)
    __decompress                             0x0800018d   Thumb Code    90  __dczerorl2.o(!!dczerorl2)
    __decompress1                            0x0800018d   Thumb Code     0  __dczerorl2.o(!!dczerorl2)
    __scatterload_zeroinit                   0x080001e9   Thumb Code    28  __scatter_zi.o(!!handler_zi)
    _printf_d                                0x08000205   Thumb Code     0  _printf_d.o(.ARM.Collect$$_printf_percent$$00000009)
    _printf_percent                          0x08000205   Thumb Code     0  _printf_percent.o(.ARM.Collect$$_printf_percent$$00000000)
    _printf_percent_end                      0x0800020b   Thumb Code     0  _printf_percent_end.o(.ARM.Collect$$_printf_percent$$00000017)
    __rt_lib_init                            0x0800020f   Thumb Code     0  libinit.o(.ARM.Collect$$libinit$$00000000)
    __rt_lib_init_fp_1                       0x08000211   Thumb Code     0  libinit2.o(.ARM.Collect$$libinit$$00000002)
    __rt_lib_init_heap_2                     0x08000211   Thumb Code     0  libinit2.o(.ARM.Collect$$libinit$$00000005)
    __rt_lib_init_preinit_1                  0x08000211   Thumb Code     0  libinit2.o(.ARM.Collect$$libinit$$00000004)
    __rt_lib_init_alloca_1                   0x08000219   Thumb Code     0  libinit2.o(.ARM.Collect$$libinit$$0000002E)
    __rt_lib_init_argv_1                     0x08000219   Thumb Code     0  libinit2.o(.ARM.Collect$$libinit$$0000002C)
    __rt_lib_init_atexit_1                   0x08000219   Thumb Code     0  libinit2.o(.ARM.Collect$$libinit$$0000001B)
    __rt_lib_init_clock_1                    0x08000219   Thumb Code     0  libinit2.o(.ARM.Collect$$libinit$$00000021)
    __rt_lib_init_cpp_1                      0x08000219   Thumb Code     0  libinit2.o(.ARM.Collect$$libinit$$00000032)
    __rt_lib_init_exceptions_1               0x08000219   Thumb Code     0  libinit2.o(.ARM.Collect$$libinit$$00000030)
    __rt_lib_init_fp_trap_1                  0x08000219   Thumb Code     0  libinit2.o(.ARM.Collect$$libinit$$0000001F)
    __rt_lib_init_getenv_1                   0x08000219   Thumb Code     0  libinit2.o(.ARM.Collect$$libinit$$00000023)
    __rt_lib_init_heap_1                     0x08000219   Thumb Code     0  libinit2.o(.ARM.Collect$$libinit$$0000000A)
    __rt_lib_init_lc_collate_1               0x08000219   Thumb Code     0  libinit2.o(.ARM.Collect$$libinit$$00000011)
    __rt_lib_init_lc_ctype_1                 0x08000219   Thumb Code     0  libinit2.o(.ARM.Collect$$libinit$$00000013)
    __rt_lib_init_lc_monetary_1              0x08000219   Thumb Code     0  libinit2.o(.ARM.Collect$$libinit$$00000015)
    __rt_lib_init_lc_numeric_1               0x08000219   Thumb Code     0  libinit2.o(.ARM.Collect$$libinit$$00000017)
    __rt_lib_init_lc_time_1                  0x08000219   Thumb Code     0  libinit2.o(.ARM.Collect$$libinit$$00000019)
    __rt_lib_init_rand_1                     0x08000219   Thumb Code     0  libinit2.o(.ARM.Collect$$libinit$$0000000E)
    __rt_lib_init_return                     0x08000219   Thumb Code     0  libinit2.o(.ARM.Collect$$libinit$$00000033)
    __rt_lib_init_signal_1                   0x08000219   Thumb Code     0  libinit2.o(.ARM.Collect$$libinit$$0000001D)
    __rt_lib_init_stdio_1                    0x08000219   Thumb Code     0  libinit2.o(.ARM.Collect$$libinit$$00000025)
    __rt_lib_init_user_alloc_1               0x08000219   Thumb Code     0  libinit2.o(.ARM.Collect$$libinit$$0000000C)
    __rt_lib_shutdown                        0x0800021b   Thumb Code     0  libshutdown.o(.ARM.Collect$$libshutdown$$00000000)
    __rt_lib_shutdown_fp_trap_1              0x0800021d   Thumb Code     0  libshutdown2.o(.ARM.Collect$$libshutdown$$00000006)
    __rt_lib_shutdown_heap_1                 0x0800021d   Thumb Code     0  libshutdown2.o(.ARM.Collect$$libshutdown$$0000000E)
    __rt_lib_shutdown_return                 0x0800021d   Thumb Code     0  libshutdown2.o(.ARM.Collect$$libshutdown$$0000000F)
    __rt_lib_shutdown_signal_1               0x0800021d   Thumb Code     0  libshutdown2.o(.ARM.Collect$$libshutdown$$00000009)
    __rt_lib_shutdown_stdio_1                0x0800021d   Thumb Code     0  libshutdown2.o(.ARM.Collect$$libshutdown$$00000003)
    __rt_lib_shutdown_user_alloc_1           0x0800021d   Thumb Code     0  libshutdown2.o(.ARM.Collect$$libshutdown$$0000000B)
    __rt_entry                               0x0800021f   Thumb Code     0  __rtentry.o(.ARM.Collect$$rtentry$$00000000)
    __rt_entry_presh_1                       0x0800021f   Thumb Code     0  __rtentry2.o(.ARM.Collect$$rtentry$$00000002)
    __rt_entry_sh                            0x0800021f   Thumb Code     0  __rtentry4.o(.ARM.Collect$$rtentry$$00000004)
    __rt_entry_li                            0x08000225   Thumb Code     0  __rtentry2.o(.ARM.Collect$$rtentry$$0000000A)
    __rt_entry_postsh_1                      0x08000225   Thumb Code     0  __rtentry2.o(.ARM.Collect$$rtentry$$00000009)
    __rt_entry_main                          0x08000229   Thumb Code     0  __rtentry2.o(.ARM.Collect$$rtentry$$0000000D)
    __rt_entry_postli_1                      0x08000229   Thumb Code     0  __rtentry2.o(.ARM.Collect$$rtentry$$0000000C)
    __rt_exit                                0x08000231   Thumb Code     0  rtexit.o(.ARM.Collect$$rtexit$$00000000)
    __rt_exit_ls                             0x08000233   Thumb Code     0  rtexit2.o(.ARM.Collect$$rtexit$$00000003)
    __rt_exit_prels_1                        0x08000233   Thumb Code     0  rtexit2.o(.ARM.Collect$$rtexit$$00000002)
    __rt_exit_exit                           0x08000237   Thumb Code     0  rtexit2.o(.ARM.Collect$$rtexit$$00000004)
    Reset_Handler                            0x0800023d   Thumb Code     8  startup_stm32f10x_cl.o(.text)
    _maybe_terminate_alloc                   0x0800023d   Thumb Code     0  maybetermalloc1.o(.emb_text)
    ADC1_2_IRQHandler                        0x08000257   Thumb Code     0  startup_stm32f10x_cl.o(.text)
    CAN1_RX0_IRQHandler                      0x08000257   Thumb Code     0  startup_stm32f10x_cl.o(.text)
    CAN1_RX1_IRQHandler                      0x08000257   Thumb Code     0  startup_stm32f10x_cl.o(.text)
    CAN1_SCE_IRQHandler                      0x08000257   Thumb Code     0  startup_stm32f10x_cl.o(.text)
    CAN1_TX_IRQHandler                       0x08000257   Thumb Code     0  startup_stm32f10x_cl.o(.text)
    CAN2_RX0_IRQHandler                      0x08000257   Thumb Code     0  startup_stm32f10x_cl.o(.text)
    CAN2_RX1_IRQHandler                      0x08000257   Thumb Code     0  startup_stm32f10x_cl.o(.text)
    CAN2_SCE_IRQHandler                      0x08000257   Thumb Code     0  startup_stm32f10x_cl.o(.text)
    CAN2_TX_IRQHandler                       0x08000257   Thumb Code     0  startup_stm32f10x_cl.o(.text)
    DMA1_Channel1_IRQHandler                 0x08000257   Thumb Code     0  startup_stm32f10x_cl.o(.text)
    DMA1_Channel2_IRQHandler                 0x08000257   Thumb Code     0  startup_stm32f10x_cl.o(.text)
    DMA1_Channel3_IRQHandler                 0x08000257   Thumb Code     0  startup_stm32f10x_cl.o(.text)
    DMA1_Channel4_IRQHandler                 0x08000257   Thumb Code     0  startup_stm32f10x_cl.o(.text)
    DMA1_Channel5_IRQHandler                 0x08000257   Thumb Code     0  startup_stm32f10x_cl.o(.text)
    DMA2_Channel1_IRQHandler                 0x08000257   Thumb Code     0  startup_stm32f10x_cl.o(.text)
    DMA2_Channel2_IRQHandler                 0x08000257   Thumb Code     0  startup_stm32f10x_cl.o(.text)
    DMA2_Channel3_IRQHandler                 0x08000257   Thumb Code     0  startup_stm32f10x_cl.o(.text)
    DMA2_Channel4_IRQHandler                 0x08000257   Thumb Code     0  startup_stm32f10x_cl.o(.text)
    DMA2_Channel5_IRQHandler                 0x08000257   Thumb Code     0  startup_stm32f10x_cl.o(.text)
    ETH_WKUP_IRQHandler                      0x08000257   Thumb Code     0  startup_stm32f10x_cl.o(.text)
    EXTI0_IRQHandler                         0x08000257   Thumb Code     0  startup_stm32f10x_cl.o(.text)
    EXTI15_10_IRQHandler                     0x08000257   Thumb Code     0  startup_stm32f10x_cl.o(.text)
    EXTI1_IRQHandler                         0x08000257   Thumb Code     0  startup_stm32f10x_cl.o(.text)
    EXTI2_IRQHandler                         0x08000257   Thumb Code     0  startup_stm32f10x_cl.o(.text)
    EXTI3_IRQHandler                         0x08000257   Thumb Code     0  startup_stm32f10x_cl.o(.text)
    EXTI4_IRQHandler                         0x08000257   Thumb Code     0  startup_stm32f10x_cl.o(.text)
    EXTI9_5_IRQHandler                       0x08000257   Thumb Code     0  startup_stm32f10x_cl.o(.text)
    FLASH_IRQHandler                         0x08000257   Thumb Code     0  startup_stm32f10x_cl.o(.text)
    I2C1_ER_IRQHandler                       0x08000257   Thumb Code     0  startup_stm32f10x_cl.o(.text)
    I2C1_EV_IRQHandler                       0x08000257   Thumb Code     0  startup_stm32f10x_cl.o(.text)
    I2C2_ER_IRQHandler                       0x08000257   Thumb Code     0  startup_stm32f10x_cl.o(.text)
    I2C2_EV_IRQHandler                       0x08000257   Thumb Code     0  startup_stm32f10x_cl.o(.text)
    OTG_FS_IRQHandler                        0x08000257   Thumb Code     0  startup_stm32f10x_cl.o(.text)
    OTG_FS_WKUP_IRQHandler                   0x08000257   Thumb Code     0  startup_stm32f10x_cl.o(.text)
    PVD_IRQHandler                           0x08000257   Thumb Code     0  startup_stm32f10x_cl.o(.text)
    RCC_IRQHandler                           0x08000257   Thumb Code     0  startup_stm32f10x_cl.o(.text)
    RTCAlarm_IRQHandler                      0x08000257   Thumb Code     0  startup_stm32f10x_cl.o(.text)
    RTC_IRQHandler                           0x08000257   Thumb Code     0  startup_stm32f10x_cl.o(.text)
    SPI1_IRQHandler                          0x08000257   Thumb Code     0  startup_stm32f10x_cl.o(.text)
    SPI2_IRQHandler                          0x08000257   Thumb Code     0  startup_stm32f10x_cl.o(.text)
    SPI3_IRQHandler                          0x08000257   Thumb Code     0  startup_stm32f10x_cl.o(.text)
    TAMPER_IRQHandler                        0x08000257   Thumb Code     0  startup_stm32f10x_cl.o(.text)
    TIM1_BRK_IRQHandler                      0x08000257   Thumb Code     0  startup_stm32f10x_cl.o(.text)
    TIM1_CC_IRQHandler                       0x08000257   Thumb Code     0  startup_stm32f10x_cl.o(.text)
    TIM1_TRG_COM_IRQHandler                  0x08000257   Thumb Code     0  startup_stm32f10x_cl.o(.text)
    TIM1_UP_IRQHandler                       0x08000257   Thumb Code     0  startup_stm32f10x_cl.o(.text)
    TIM2_IRQHandler                          0x08000257   Thumb Code     0  startup_stm32f10x_cl.o(.text)
    TIM4_IRQHandler                          0x08000257   Thumb Code     0  startup_stm32f10x_cl.o(.text)
    TIM5_IRQHandler                          0x08000257   Thumb Code     0  startup_stm32f10x_cl.o(.text)
    TIM6_IRQHandler                          0x08000257   Thumb Code     0  startup_stm32f10x_cl.o(.text)
    TIM7_IRQHandler                          0x08000257   Thumb Code     0  startup_stm32f10x_cl.o(.text)
    UART4_IRQHandler                         0x08000257   Thumb Code     0  startup_stm32f10x_cl.o(.text)
    UART5_IRQHandler                         0x08000257   Thumb Code     0  startup_stm32f10x_cl.o(.text)
    USART1_IRQHandler                        0x08000257   Thumb Code     0  startup_stm32f10x_cl.o(.text)
    USART3_IRQHandler                        0x08000257   Thumb Code     0  startup_stm32f10x_cl.o(.text)
    WWDG_IRQHandler                          0x08000257   Thumb Code     0  startup_stm32f10x_cl.o(.text)
    __user_initial_stackheap                 0x08000259   Thumb Code     0  startup_stm32f10x_cl.o(.text)
    calloc                                   0x0800027d   Thumb Code    40  calloc.o(.text)
    free                                     0x080002a5   Thumb Code    78  h1_free.o(.text)
    __2sprintf                               0x080002f5   Thumb Code    34  noretval__2sprintf.o(.text)
    __printf                                 0x0800031d   Thumb Code   104  __printf.o(.text)
    _printf_int_dec                          0x08000385   Thumb Code   104  _printf_dec.o(.text)
    memcmp                                   0x080003fd   Thumb Code    88  memcmp.o(.text)
    strlen                                   0x08000455   Thumb Code    62  strlen.o(.text)
    __aeabi_memcpy                           0x08000493   Thumb Code     0  rt_memcpy_v6.o(.text)
    __rt_memcpy                              0x08000493   Thumb Code   138  rt_memcpy_v6.o(.text)
    _memcpy_lastbytes                        0x080004f9   Thumb Code     0  rt_memcpy_v6.o(.text)
    __aeabi_memclr                           0x0800051d   Thumb Code     0  rt_memclr.o(.text)
    __rt_memclr                              0x0800051d   Thumb Code    68  rt_memclr.o(.text)
    _memset                                  0x08000521   Thumb Code     0  rt_memclr.o(.text)
    __aeabi_memclr4                          0x08000561   Thumb Code     0  rt_memclr_w.o(.text)
    __aeabi_memclr8                          0x08000561   Thumb Code     0  rt_memclr_w.o(.text)
    __rt_memclr_w                            0x08000561   Thumb Code    78  rt_memclr_w.o(.text)
    _memset_w                                0x08000565   Thumb Code     0  rt_memclr_w.o(.text)
    __use_two_region_memory                  0x080005af   Thumb Code     2  heapauxi.o(.text)
    __rt_heap_escrow                         0x080005b1   Thumb Code     2  heapauxi.o(.text)
    __rt_heap_expand                         0x080005b3   Thumb Code     2  heapauxi.o(.text)
    __rt_heap_descriptor                     0x080005b5   Thumb Code     8  rt_heap_descriptor_intlibspace.o(.text)
    __use_no_heap                            0x080005bd   Thumb Code     2  hguard.o(.text)
    __heap$guard                             0x080005bf   Thumb Code     2  hguard.o(.text)
    _terminate_user_alloc                    0x080005c1   Thumb Code     2  init_alloc.o(.text)
    _init_user_alloc                         0x080005c3   Thumb Code     2  init_alloc.o(.text)
    __Heap_Full                              0x080005c5   Thumb Code    34  init_alloc.o(.text)
    __Heap_Broken                            0x080005e7   Thumb Code     6  init_alloc.o(.text)
    _init_alloc                              0x080005ed   Thumb Code    94  init_alloc.o(.text)
    malloc                                   0x0800064b   Thumb Code    94  h1_alloc.o(.text)
    _printf_int_common                       0x080006a9   Thumb Code   178  _printf_intcommon.o(.text)
    _printf_char_common                      0x08000767   Thumb Code    32  _printf_char_common.o(.text)
    _sputc                                   0x0800078d   Thumb Code    10  _sputc.o(.text)
    __aeabi_memcpy4                          0x08000797   Thumb Code     0  rt_memcpy_w.o(.text)
    __aeabi_memcpy8                          0x08000797   Thumb Code     0  rt_memcpy_w.o(.text)
    __rt_memcpy_w                            0x08000797   Thumb Code   100  rt_memcpy_w.o(.text)
    _memcpy_lastbytes_aligned                0x080007df   Thumb Code     0  rt_memcpy_w.o(.text)
    __user_libspace                          0x080007fd   Thumb Code     8  libspace.o(.text)
    __user_perproc_libspace                  0x080007fd   Thumb Code     0  libspace.o(.text)
    __user_perthread_libspace                0x080007fd   Thumb Code     0  libspace.o(.text)
    __Heap_Initialize                        0x08000805   Thumb Code    10  h1_init.o(.text)
    __Heap_DescSize                          0x0800080f   Thumb Code     4  h1_init.o(.text)
    __Heap_ProvideMemory                     0x08000813   Thumb Code    52  h1_extend.o(.text)
    __rt_SIGRTMEM                            0x08000847   Thumb Code    14  defsig_rtmem_outer.o(.text)
    __user_setup_stackheap                   0x08000855   Thumb Code    74  sys_stackheap_outer.o(.text)
    exit                                     0x0800089f   Thumb Code    12  exit.o(.text)
    __sig_exit                               0x080008ab   Thumb Code    10  defsig_exit.o(.text)
    __rt_SIGRTMEM_inner                      0x080008b5   Thumb Code    22  defsig_rtmem_inner.o(.text)
    _sys_exit                                0x08000905   Thumb Code     8  sys_exit.o(.text)
    __I$use$semihosting                      0x08000911   Thumb Code     0  use_no_semi.o(.text)
    __use_no_semihosting_swi                 0x08000911   Thumb Code     2  use_no_semi.o(.text)
    __default_signal_display                 0x08000913   Thumb Code    50  defsig_general.o(.text)
    __semihosting_library_function           0x08000913   Thumb Code     0  indicate_semi.o(.text)
    _ttywrch                                 0x08000945   Thumb Code    14  sys_wrch.o(.text)
    BusFault_Handler                         0x08000953   Thumb Code     4  stm32f10x_it.o(i.BusFault_Handler)
    CloseTcp                                 0x08000957   Thumb Code    54  tcpclient.o(i.CloseTcp)
    DMA1_Channel6_IRQHandler                 0x0800098d   Thumb Code    26  uartcom2.o(i.DMA1_Channel6_IRQHandler)
    DMA1_Channel7_IRQHandler                 0x080009ad   Thumb Code    38  uartcom2.o(i.DMA1_Channel7_IRQHandler)
    DMA_ClearFlag                            0x080009dd   Thumb Code    18  stm32f10x_dma.o(i.DMA_ClearFlag)
    DMA_Cmd                                  0x080009f9   Thumb Code    24  stm32f10x_dma.o(i.DMA_Cmd)
    DMA_DeInit                               0x08000a11   Thumb Code   324  stm32f10x_dma.o(i.DMA_DeInit)
    DMA_GetCurrDataCounter                   0x08000b5d   Thumb Code     8  stm32f10x_dma.o(i.DMA_GetCurrDataCounter)
    DMA_GetFlagStatus                        0x08000b65   Thumb Code    36  stm32f10x_dma.o(i.DMA_GetFlagStatus)
    DMA_ITConfig                             0x08000b91   Thumb Code    18  stm32f10x_dma.o(i.DMA_ITConfig)
    DMA_Init                                 0x08000ba3   Thumb Code    60  stm32f10x_dma.o(i.DMA_Init)
    DebugMon_Handler                         0x08000bdf   Thumb Code     2  stm32f10x_it.o(i.DebugMon_Handler)
    DisableAllLed                            0x08000be1   Thumb Code    14  led.o(i.DisableAllLed)
    ETH_DMAClearITPendingBit                 0x08000bf5   Thumb Code     6  stm32_eth.o(i.ETH_DMAClearITPendingBit)
    ETH_DMAITConfig                          0x08000c01   Thumb Code    26  stm32_eth.o(i.ETH_DMAITConfig)
    ETH_DMAReceptionCmd                      0x08000c21   Thumb Code    30  stm32_eth.o(i.ETH_DMAReceptionCmd)
    ETH_DMARxDescChainInit                   0x08000c45   Thumb Code    76  stm32_eth.o(i.ETH_DMARxDescChainInit)
    ETH_DMARxDescReceiveITConfig             0x08000c99   Thumb Code    22  stm32_eth.o(i.ETH_DMARxDescReceiveITConfig)
    ETH_DMATransmissionCmd                   0x08000cb1   Thumb Code    30  stm32_eth.o(i.ETH_DMATransmissionCmd)
    ETH_DMATxDescChainInit                   0x08000cd5   Thumb Code    70  stm32_eth.o(i.ETH_DMATxDescChainInit)
    ETH_DMATxDescChecksumInsertionConfig     0x08000d25   Thumb Code     8  stm32_eth.o(i.ETH_DMATxDescChecksumInsertionConfig)
    ETH_DeInit                               0x08000d2d   Thumb Code    22  stm32_eth.o(i.ETH_DeInit)
    ETH_FlushTransmitFIFO                    0x08000d61   Thumb Code    14  stm32_eth.o(i.ETH_FlushTransmitFIFO)
    ETH_GetCurrentTxBuffer                   0x08000d75   Thumb Code     8  ethernetif.o(i.ETH_GetCurrentTxBuffer)
    ETH_GetDMARxDescFrameLength              0x08000d81   Thumb Code    10  stm32_eth.o(i.ETH_GetDMARxDescFrameLength)
    ETH_GetRxPktSize                         0x08000d8d   Thumb Code    66  stm32_eth.o(i.ETH_GetRxPktSize)
    ETH_GetSoftwareResetStatus               0x08000dd5   Thumb Code    20  stm32_eth.o(i.ETH_GetSoftwareResetStatus)
    ETH_IRQHandler                           0x08000ded   Thumb Code    32  dp83848.o(i.ETH_IRQHandler)
    ETH_Init                                 0x08000e0d   Thumb Code   576  stm32_eth.o(i.ETH_Init)
    ETH_MACAddressConfig                     0x08001071   Thumb Code    46  stm32_eth.o(i.ETH_MACAddressConfig)
    ETH_MACReceptionCmd                      0x080010a5   Thumb Code    30  stm32_eth.o(i.ETH_MACReceptionCmd)
    ETH_MACTransmissionCmd                   0x080010c9   Thumb Code    30  stm32_eth.o(i.ETH_MACTransmissionCmd)
    ETH_ReadPHYRegister                      0x080010ed   Thumb Code    98  stm32_eth.o(i.ETH_ReadPHYRegister)
    ETH_RxPkt_ChainMode                      0x08001159   Thumb Code   148  ethernetif.o(i.ETH_RxPkt_ChainMode)
    ETH_SoftwareReset                        0x080011f5   Thumb Code    14  stm32_eth.o(i.ETH_SoftwareReset)
    ETH_Start                                0x08001209   Thumb Code    32  stm32_eth.o(i.ETH_Start)
    ETH_StructInit                           0x08001229   Thumb Code   164  stm32_eth.o(i.ETH_StructInit)
    ETH_TxPkt_ChainMode                      0x080012cd   Thumb Code    94  ethernetif.o(i.ETH_TxPkt_ChainMode)
    ETH_WritePHYRegister                     0x08001335   Thumb Code    96  stm32_eth.o(i.ETH_WritePHYRegister)
    GPIO_ETH_MediaInterfaceConfig            0x0800155d   Thumb Code     6  stm32f10x_gpio.o(i.GPIO_ETH_MediaInterfaceConfig)
    GPIO_Init                                0x08001569   Thumb Code   278  stm32f10x_gpio.o(i.GPIO_Init)
    GPIO_PinRemapConfig                      0x08001681   Thumb Code   138  stm32f10x_gpio.o(i.GPIO_PinRemapConfig)
    GPIO_SetBits                             0x08001711   Thumb Code     4  stm32f10x_gpio.o(i.GPIO_SetBits)
    HandleLwipPeriodicEvent                  0x08001715   Thumb Code    40  dp83848.o(i.HandleLwipPeriodicEvent)
    HardFault_Handler                        0x0800173d   Thumb Code     4  stm32f10x_it.o(i.HardFault_Handler)
    InitCom2Con                              0x08001741   Thumb Code    20  uartcom2.o(i.InitCom2Con)
    InitEthernet                             0x0800191d   Thumb Code    16  dp83848.o(i.InitEthernet)
    InitLedCon                               0x0800192d   Thumb Code    44  led.o(i.InitLedCon)
    InitLwipCon                              0x0800195d   Thumb Code   362  dp83848.o(i.InitLwipCon)
    InitTcpClient                            0x08001b51   Thumb Code    66  tcpclient.o(i.InitTcpClient)
    InitTimer3Con                            0x08001ba1   Thumb Code    12  timer3.o(i.InitTimer3Con)
    InitTimerCon                             0x08001c13   Thumb Code     8  totaltimer.o(i.InitTimerCon)
    InitUartCon                              0x08001c1b   Thumb Code     8  uart.o(i.InitUartCon)
    LwIP_Pkt_Handle                          0x08001c25   Thumb Code    10  dp83848.o(i.LwIP_Pkt_Handle)
    MemManage_Handler                        0x08001c35   Thumb Code     4  stm32f10x_it.o(i.MemManage_Handler)
    NMI_Handler                              0x08001c39   Thumb Code     2  stm32f10x_it.o(i.NMI_Handler)
    NVIC_Init                                0x08001c71   Thumb Code   100  misc.o(i.NVIC_Init)
    NVIC_PriorityGroupConfig                 0x08001ce1   Thumb Code    10  misc.o(i.NVIC_PriorityGroupConfig)
    NVIC_SetVectorTable                      0x08001cf5   Thumb Code    12  misc.o(i.NVIC_SetVectorTable)
    OnTcpClientReceiveData                   0x08001d09   Thumb Code    40  tcpclient.o(i.OnTcpClientReceiveData)
    OnTcpConnected                           0x08001d31   Thumb Code    20  tcpclient.o(i.OnTcpConnected)
    PendSV_Handler                           0x08001d49   Thumb Code     2  stm32f10x_it.o(i.PendSV_Handler)
    RCC_AHBPeriphClockCmd                    0x08001d4d   Thumb Code    26  stm32f10x_rcc.o(i.RCC_AHBPeriphClockCmd)
    RCC_AHBPeriphResetCmd                    0x08001d6d   Thumb Code    26  stm32f10x_rcc.o(i.RCC_AHBPeriphResetCmd)
    RCC_APB1PeriphClockCmd                   0x08001d8d   Thumb Code    26  stm32f10x_rcc.o(i.RCC_APB1PeriphClockCmd)
    RCC_APB2PeriphClockCmd                   0x08001dad   Thumb Code    26  stm32f10x_rcc.o(i.RCC_APB2PeriphClockCmd)
    RCC_GetClocksFreq                        0x08001dcd   Thumb Code   374  stm32f10x_rcc.o(i.RCC_GetClocksFreq)
    RCC_GetFlagStatus                        0x08001f5d   Thumb Code    56  stm32f10x_rcc.o(i.RCC_GetFlagStatus)
    RCC_MCOConfig                            0x08001f99   Thumb Code     6  stm32f10x_rcc.o(i.RCC_MCOConfig)
    RCC_PLL3Cmd                              0x08001fa5   Thumb Code     6  stm32f10x_rcc.o(i.RCC_PLL3Cmd)
    RCC_PLL3Config                           0x08001fb1   Thumb Code    18  stm32f10x_rcc.o(i.RCC_PLL3Config)
    ReceiveTcpDataAsClient                   0x08001fc9   Thumb Code    76  tcpclient.o(i.ReceiveTcpDataAsClient)
    SVC_Handler                              0x08002015   Thumb Code     2  stm32f10x_it.o(i.SVC_Handler)
    SendCom2Data                             0x08002019   Thumb Code   194  uartcom2.o(i.SendCom2Data)
    SendTcpDataAsClient                      0x080020ed   Thumb Code   124  tcpclient.o(i.SendTcpDataAsClient)
    SendUartData                             0x08002175   Thumb Code    34  uart.o(i.SendUartData)
    SysTick_CLKSourceConfig                  0x080022b9   Thumb Code    40  misc.o(i.SysTick_CLKSourceConfig)
    SysTick_Handler                          0x080022e1   Thumb Code     2  stm32f10x_it.o(i.SysTick_Handler)
    SystemInit                               0x080022e5   Thumb Code    92  system_stm32f10x.o(i.SystemInit)
    TIM3_IRQHandler                          0x08002351   Thumb Code    94  timer3.o(i.TIM3_IRQHandler)
    TIM_ClearITPendingBit                    0x080023b5   Thumb Code     6  stm32f10x_tim.o(i.TIM_ClearITPendingBit)
    TIM_Cmd                                  0x080023bb   Thumb Code    24  stm32f10x_tim.o(i.TIM_Cmd)
    TIM_GetITStatus                          0x080023d3   Thumb Code    34  stm32f10x_tim.o(i.TIM_GetITStatus)
    TIM_ITConfig                             0x080023f5   Thumb Code    18  stm32f10x_tim.o(i.TIM_ITConfig)
    TIM_TimeBaseInit                         0x08002409   Thumb Code   122  stm32f10x_tim.o(i.TIM_TimeBaseInit)
    USART2_IRQHandler                        0x080024ad   Thumb Code    38  uartcom2.o(i.USART2_IRQHandler)
    USART_Cmd                                0x080024dd   Thumb Code    24  stm32f10x_usart.o(i.USART_Cmd)
    USART_DMACmd                             0x080024f5   Thumb Code    18  stm32f10x_usart.o(i.USART_DMACmd)
    USART_GetITStatus                        0x08002507   Thumb Code    84  stm32f10x_usart.o(i.USART_GetITStatus)
    USART_ITConfig                           0x0800255b   Thumb Code    74  stm32f10x_usart.o(i.USART_ITConfig)
    USART_Init                               0x080025a5   Thumb Code   210  stm32f10x_usart.o(i.USART_Init)
    USART_StructInit                         0x0800267d   Thumb Code    24  stm32f10x_usart.o(i.USART_StructInit)
    UsageFault_Handler                       0x08002695   Thumb Code     4  stm32f10x_it.o(i.UsageFault_Handler)
    addArpTimeIndex                          0x08002699   Thumb Code    12  dp83848.o(i.addArpTimeIndex)
    addTcpTimeIndex                          0x080026a9   Thumb Code    12  dp83848.o(i.addTcpTimeIndex)
    copyArr                                  0x080026d5   Thumb Code    22  commontool.o(i.copyArr)
    delay_init                               0x080026eb   Thumb Code    12  delay.o(i.delay_init)
    etharp_output                            0x080029ed   Thumb Code   332  etharp.o(i.etharp_output)
    etharp_query                             0x08002bc5   Thumb Code   394  etharp.o(i.etharp_query)
    etharp_request                           0x08002e29   Thumb Code    36  etharp.o(i.etharp_request)
    etharp_tmr                               0x08002e99   Thumb Code   136  etharp.o(i.etharp_tmr)
    ethernet_input                           0x08002fe9   Thumb Code   182  etharp.o(i.ethernet_input)
    ethernetif_init                          0x080030a5   Thumb Code    32  ethernetif.o(i.ethernetif_init)
    ethernetif_input                         0x080030cd   Thumb Code    44  ethernetif.o(i.ethernetif_input)
    getArpPeriodFlag                         0x080030f9   Thumb Code     6  dp83848.o(i.getArpPeriodFlag)
    getArpTimeIndex                          0x08003105   Thumb Code     6  dp83848.o(i.getArpTimeIndex)
    getHostName                              0x08003111   Thumb Code     4  dp83848.o(i.getHostName)
    getLwipTime                              0x08003119   Thumb Code     6  dp83848.o(i.getLwipTime)
    getMacAddr                               0x08003125   Thumb Code     4  dp83848.o(i.getMacAddr)
    getServerIpAddr                          0x0800312d   Thumb Code     4  dp83848.o(i.getServerIpAddr)
    getServerPort                            0x08003135   Thumb Code     6  dp83848.o(i.getServerPort)
    getTcpLocalPort                          0x08003141   Thumb Code     6  dp83848.o(i.getTcpLocalPort)
    getTcpPeriodFlag                         0x0800314d   Thumb Code     6  dp83848.o(i.getTcpPeriodFlag)
    getTcpTimeIndex                          0x08003159   Thumb Code     6  dp83848.o(i.getTcpTimeIndex)
    icmp_dest_unreach                        0x08003165   Thumb Code    18  icmp.o(i.icmp_dest_unreach)
    icmp_input                               0x08003179   Thumb Code   378  icmp.o(i.icmp_input)
    icmp_time_exceeded                       0x08003377   Thumb Code    18  icmp.o(i.icmp_time_exceeded)
    inet_chksum                              0x08003389   Thumb Code    20  inet_chksum.o(i.inet_chksum)
    inet_chksum_pbuf                         0x0800339d   Thumb Code    86  inet_chksum.o(i.inet_chksum_pbuf)
    ip4_addr_isbroadcast                     0x080033f3   Thumb Code    78  ip_addr.o(i.ip4_addr_isbroadcast)
    ip_frag                                  0x08003441   Thumb Code   434  ip_frag.o(i.ip_frag)
    ip_input                                 0x0800361d   Thumb Code   376  ip.o(i.ip_input)
    ip_output                                0x080037a9   Thumb Code    66  ip.o(i.ip_output)
    ip_output_if                             0x080037ed   Thumb Code   212  ip.o(i.ip_output_if)
    ip_reass                                 0x080038c5   Thumb Code   386  ip_frag.o(i.ip_reass)
    ip_reass_tmr                             0x08003df1   Thumb Code    48  ip_frag.o(i.ip_reass_tmr)
    ip_route                                 0x08003e25   Thumb Code    76  ip.o(i.ip_route)
    lwip_htonl                               0x08003ff1   Thumb Code    26  def.o(i.lwip_htonl)
    lwip_htons                               0x0800400b   Thumb Code    12  def.o(i.lwip_htons)
    lwip_init                                0x08004017   Thumb Code    28  init.o(i.lwip_init)
    lwip_ntohl                               0x08004033   Thumb Code    12  def.o(i.lwip_ntohl)
    lwip_ntohs                               0x0800403f   Thumb Code    12  def.o(i.lwip_ntohs)
    main                                     0x080040a9   Thumb Code    68  main.o(i.main)
    mem_free                                 0x080040f5   Thumb Code   106  mem.o(i.mem_free)
    mem_init                                 0x0800416d   Thumb Code    74  mem.o(i.mem_init)
    mem_malloc                               0x080041c9   Thumb Code   282  mem.o(i.mem_malloc)
    mem_trim                                 0x080042f1   Thumb Code   316  mem.o(i.mem_trim)
    memp_free                                0x08004439   Thumb Code    38  memp.o(i.memp_free)
    memp_init                                0x08004465   Thumb Code    82  memp.o(i.memp_init)
    memp_malloc                              0x080044c9   Thumb Code    54  memp.o(i.memp_malloc)
    netif_add                                0x08004505   Thumb Code   106  netif.o(i.netif_add)
    netif_init                               0x08004579   Thumb Code     2  netif.o(i.netif_init)
    netif_set_addr                           0x0800457b   Thumb Code    40  netif.o(i.netif_set_addr)
    netif_set_default                        0x080045a5   Thumb Code     6  netif.o(i.netif_set_default)
    netif_set_gw                             0x080045b1   Thumb Code    12  netif.o(i.netif_set_gw)
    netif_set_ipaddr                         0x080045bd   Thumb Code   110  netif.o(i.netif_set_ipaddr)
    netif_set_netmask                        0x08004635   Thumb Code    12  netif.o(i.netif_set_netmask)
    netif_set_up                             0x08004641   Thumb Code    54  netif.o(i.netif_set_up)
    pbuf_alloc                               0x08004677   Thumb Code   514  pbuf.o(i.pbuf_alloc)
    pbuf_alloced_custom                      0x08004879   Thumb Code   112  pbuf.o(i.pbuf_alloced_custom)
    pbuf_cat                                 0x080048e9   Thumb Code    80  pbuf.o(i.pbuf_cat)
    pbuf_clen                                0x08004939   Thumb Code    18  pbuf.o(i.pbuf_clen)
    pbuf_copy                                0x0800494b   Thumb Code   228  pbuf.o(i.pbuf_copy)
    pbuf_copy_partial                        0x08004a2f   Thumb Code   154  pbuf.o(i.pbuf_copy_partial)
    pbuf_free                                0x08004ac9   Thumb Code   186  pbuf.o(i.pbuf_free)
    pbuf_header                              0x08004b83   Thumb Code   140  pbuf.o(i.pbuf_header)
    pbuf_realloc                             0x08004c0f   Thumb Code   176  pbuf.o(i.pbuf_realloc)
    pbuf_ref                                 0x08004cbf   Thumb Code    10  pbuf.o(i.pbuf_ref)
    raw_input                                0x08004d7d   Thumb Code   102  raw.o(i.raw_input)
    setArpPeriodFlag                         0x08004df1   Thumb Code     6  dp83848.o(i.setArpPeriodFlag)
    setArpTimeIndex                          0x08004dfd   Thumb Code     6  dp83848.o(i.setArpTimeIndex)
    setLwipTime                              0x08004e09   Thumb Code     6  dp83848.o(i.setLwipTime)
    setTcpPeriodFlag                         0x08004e15   Thumb Code     6  dp83848.o(i.setTcpPeriodFlag)
    setTcpTimeIndex                          0x08004e21   Thumb Code     6  dp83848.o(i.setTcpTimeIndex)
    sys_now                                  0x08004e2d   Thumb Code     8  sys_arch.o(i.sys_now)
    sys_timeout                              0x08004e35   Thumb Code   158  timers.o(i.sys_timeout)
    sys_timeouts_init                        0x08004ed9   Thumb Code    36  timers.o(i.sys_timeouts_init)
    tcp_abandon                              0x08004f09   Thumb Code   146  tcp.o(i.tcp_abandon)
    tcp_abort                                0x08004fa9   Thumb Code    14  tcp.o(i.tcp_abort)
    tcp_alloc                                0x08004fb9   Thumb Code   172  tcp.o(i.tcp_alloc)
    tcp_arg                                  0x08005075   Thumb Code     4  tcp.o(i.tcp_arg)
    tcp_bind                                 0x08005079   Thumb Code   146  tcp.o(i.tcp_bind)
    tcp_close                                0x08005115   Thumb Code    28  tcp.o(i.tcp_close)
    tcp_connect                              0x08005305   Thumb Code   328  tcp.o(i.tcp_connect)
    tcp_eff_send_mss                         0x08005509   Thumb Code    46  tcp.o(i.tcp_eff_send_mss)
    tcp_enqueue_flags                        0x08005537   Thumb Code   326  tcp_out.o(i.tcp_enqueue_flags)
    tcp_err                                  0x0800567d   Thumb Code    20  tcp.o(i.tcp_err)
    tcp_fasttmr                              0x08005691   Thumb Code   110  tcp.o(i.tcp_fasttmr)
    tcp_init                                 0x0800570d   Thumb Code     2  tcp.o(i.tcp_init)
    tcp_input                                0x08005711   Thumb Code  1196  tcp_in.o(i.tcp_input)
    tcp_keepalive                            0x08005be1   Thumb Code    68  tcp_out.o(i.tcp_keepalive)
    tcp_new                                  0x08005de5   Thumb Code    10  tcp.o(i.tcp_new)
    tcp_next_iss                             0x08005e59   Thumb Code    20  tcp.o(i.tcp_next_iss)
    tcp_output                               0x08005e75   Thumb Code   464  tcp_out.o(i.tcp_output)
    tcp_pcb_purge                            0x080062d9   Thumb Code    64  tcp.o(i.tcp_pcb_purge)
    tcp_pcb_remove                           0x08006319   Thumb Code   156  tcp.o(i.tcp_pcb_remove)
    tcp_poll                                 0x080063b9   Thumb Code    24  tcp.o(i.tcp_poll)
    tcp_process_refused_data                 0x0800697d   Thumb Code   140  tcp.o(i.tcp_process_refused_data)
    tcp_recv                                 0x080070cd   Thumb Code    18  tcp.o(i.tcp_recv)
    tcp_recv_null                            0x080070df   Thumb Code    46  tcp.o(i.tcp_recv_null)
    tcp_recved                               0x0800710d   Thumb Code    96  tcp.o(i.tcp_recved)
    tcp_rexmit                               0x0800716d   Thumb Code    90  tcp_out.o(i.tcp_rexmit)
    tcp_rexmit_fast                          0x080071c7   Thumb Code   112  tcp_out.o(i.tcp_rexmit_fast)
    tcp_rexmit_rto                           0x08007237   Thumb Code    58  tcp_out.o(i.tcp_rexmit_rto)
    tcp_rst                                  0x08007271   Thumb Code   134  tcp_out.o(i.tcp_rst)
    tcp_seg_free                             0x080072f7   Thumb Code    26  tcp.o(i.tcp_seg_free)
    tcp_segs_free                            0x08007311   Thumb Code    24  tcp.o(i.tcp_segs_free)
    tcp_send_empty_ack                       0x08007329   Thumb Code    78  tcp_out.o(i.tcp_send_empty_ack)
    tcp_send_fin                             0x08007377   Thumb Code    74  tcp_out.o(i.tcp_send_fin)
    tcp_sent                                 0x080073c1   Thumb Code    18  tcp.o(i.tcp_sent)
    tcp_slowtmr                              0x080073d5   Thumb Code   872  tcp.o(i.tcp_slowtmr)
    tcp_timer_needed                         0x0800775d   Thumb Code    38  timers.o(i.tcp_timer_needed)
    tcp_tmr                                  0x08007841   Thumb Code    30  tcp.o(i.tcp_tmr)
    tcp_update_rcv_ann_wnd                   0x08007865   Thumb Code    88  tcp.o(i.tcp_update_rcv_ann_wnd)
    tcp_write                                0x080078bd   Thumb Code   998  tcp_out.o(i.tcp_write)
    tcp_zero_window_probe                    0x08007d2b   Thumb Code   164  tcp_out.o(i.tcp_zero_window_probe)
    udp_init                                 0x08007e09   Thumb Code     2  udp.o(i.udp_init)
    udp_input                                0x08007e0d   Thumb Code   406  udp.o(i.udp_input)
    ethbroadcast                             0x08007fb0   Data           6  etharp.o(.constdata)
    ethzero                                  0x08007fb6   Data           6  etharp.o(.constdata)
    ip_addr_any                              0x08007fbc   Data           4  ip_addr.o(.constdata)
    ip_addr_broadcast                        0x08007fc0   Data           4  ip_addr.o(.constdata)
    tcp_state_str                            0x08007fec   Data          44  tcp.o(.constdata)
    tcp_backoff                              0x08008018   Data          13  tcp.o(.constdata)
    tcp_persist_backoff                      0x08008025   Data           7  tcp.o(.constdata)
    tcp_pcb_lists                            0x0800802c   Data          16  tcp.o(.constdata)
    Region$$Table$$Base                      0x080080b4   Number         0  anon$$obj.o(Region$$Table)
    Region$$Table$$Limit                     0x080080d4   Number         0  anon$$obj.o(Region$$Table)
    DMATxDescToSet                           0x20000014   Data           4  stm32_eth.o(.data)
    DMARxDescToGet                           0x20000018   Data           4  stm32_eth.o(.data)
    DMAPTPTxDescToSet                        0x2000001c   Data           4  stm32_eth.o(.data)
    DMAPTPRxDescToGet                        0x20000020   Data           4  stm32_eth.o(.data)
    connectFlag                              0x200000b8   Data           1  tcpclient.o(.data)
    tcp_client_pcb                           0x200000bc   Data           4  tcpclient.o(.data)
    current_netif                            0x200000c4   Data           4  ip.o(.data)
    current_header                           0x200000c8   Data           4  ip.o(.data)
    current_iphdr_src                        0x200000cc   Data           4  ip.o(.data)
    current_iphdr_dest                       0x200000d0   Data           4  ip.o(.data)
    netif_list                               0x200000ec   Data           4  netif.o(.data)
    netif_default                            0x200000f0   Data           4  netif.o(.data)
    tcp_ticks                                0x20000100   Data           4  tcp.o(.data)
    tcp_bound_pcbs                           0x20000104   Data           4  tcp.o(.data)
    tcp_listen_pcbs                          0x20000108   Data           4  tcp.o(.data)
    tcp_active_pcbs                          0x2000010c   Data           4  tcp.o(.data)
    tcp_tw_pcbs                              0x20000110   Data           4  tcp.o(.data)
    tcp_tmp_pcb                              0x20000114   Data           4  tcp.o(.data)
    tcp_active_pcbs_changed                  0x20000118   Data           1  tcp.o(.data)
    tcp_input_pcb                            0x2000013c   Data           4  tcp_in.o(.data)
    udp_pcbs                                 0x20000150   Data           4  udp.o(.data)
    DP83848_netif                            0x200001ec   Data          52  dp83848.o(.bss)
    DMARxDscrTab                             0x200002e8   Data          80  ethernetif.o(.bss)
    DMATxDscrTab                             0x20000338   Data          80  ethernetif.o(.bss)
    Rx_Buff                                  0x20000388   Data        7600  ethernetif.o(.bss)
    Tx_Buff                                  0x20002138   Data        7600  ethernetif.o(.bss)
    ram_heap                                 0x20003ee8   Data       16020  mem.o(.bss)
    __libspace_start                         0x2000b2b0   Data          96  libspace.o(.bss)
    __temporary_stack_top$libspace           0x2000b310   Data           0  libspace.o(.bss)



==============================================================================

Memory Map of the image

  Image Entry point : 0x08000151

  Load Region LR_IROM1 (Base: 0x08000000, Size: 0x00008228, Max: 0x00040000, ABSOLUTE, COMPRESSED[0x00008114])

    Execution Region ER_IROM1 (Base: 0x08000000, Size: 0x000080d4, Max: 0x00040000, ABSOLUTE)

    Base Addr    Size         Type   Attr      Idx    E Section Name        Object

    0x08000000   0x00000150   Data   RO           19    RESET               startup_stm32f10x_cl.o
    0x08000150   0x00000008   Code   RO         6097  * !!!main             c_w.l(__main.o)
    0x08000158   0x00000034   Code   RO         6316    !!!scatter          c_w.l(__scatter.o)
    0x0800018c   0x0000005a   Code   RO         6314    !!dczerorl2         c_w.l(__dczerorl2.o)
    0x080001e6   0x00000002   PAD
    0x080001e8   0x0000001c   Code   RO         6318    !!handler_zi        c_w.l(__scatter_zi.o)
    0x08000204   0x00000000   Code   RO         6082    .ARM.Collect$$_printf_percent$$00000000  c_w.l(_printf_percent.o)
    0x08000204   0x00000006   Code   RO         6081    .ARM.Collect$$_printf_percent$$00000009  c_w.l(_printf_d.o)
    0x0800020a   0x00000004   Code   RO         6135    .ARM.Collect$$_printf_percent$$00000017  c_w.l(_printf_percent_end.o)
    0x0800020e   0x00000002   Code   RO         6245    .ARM.Collect$$libinit$$00000000  c_w.l(libinit.o)
    0x08000210   0x00000000   Code   RO         6178    .ARM.Collect$$libinit$$00000002  c_w.l(libinit2.o)
    0x08000210   0x00000000   Code   RO         6180    .ARM.Collect$$libinit$$00000004  c_w.l(libinit2.o)
    0x08000210   0x00000008   Code   RO         6181    .ARM.Collect$$libinit$$00000005  c_w.l(libinit2.o)
    0x08000218   0x00000000   Code   RO         6183    .ARM.Collect$$libinit$$0000000A  c_w.l(libinit2.o)
    0x08000218   0x00000000   Code   RO         6185    .ARM.Collect$$libinit$$0000000C  c_w.l(libinit2.o)
    0x08000218   0x00000000   Code   RO         6187    .ARM.Collect$$libinit$$0000000E  c_w.l(libinit2.o)
    0x08000218   0x00000000   Code   RO         6190    .ARM.Collect$$libinit$$00000011  c_w.l(libinit2.o)
    0x08000218   0x00000000   Code   RO         6192    .ARM.Collect$$libinit$$00000013  c_w.l(libinit2.o)
    0x08000218   0x00000000   Code   RO         6194    .ARM.Collect$$libinit$$00000015  c_w.l(libinit2.o)
    0x08000218   0x00000000   Code   RO         6196    .ARM.Collect$$libinit$$00000017  c_w.l(libinit2.o)
    0x08000218   0x00000000   Code   RO         6198    .ARM.Collect$$libinit$$00000019  c_w.l(libinit2.o)
    0x08000218   0x00000000   Code   RO         6200    .ARM.Collect$$libinit$$0000001B  c_w.l(libinit2.o)
    0x08000218   0x00000000   Code   RO         6202    .ARM.Collect$$libinit$$0000001D  c_w.l(libinit2.o)
    0x08000218   0x00000000   Code   RO         6204    .ARM.Collect$$libinit$$0000001F  c_w.l(libinit2.o)
    0x08000218   0x00000000   Code   RO         6206    .ARM.Collect$$libinit$$00000021  c_w.l(libinit2.o)
    0x08000218   0x00000000   Code   RO         6208    .ARM.Collect$$libinit$$00000023  c_w.l(libinit2.o)
    0x08000218   0x00000000   Code   RO         6210    .ARM.Collect$$libinit$$00000025  c_w.l(libinit2.o)
    0x08000218   0x00000000   Code   RO         6214    .ARM.Collect$$libinit$$0000002C  c_w.l(libinit2.o)
    0x08000218   0x00000000   Code   RO         6216    .ARM.Collect$$libinit$$0000002E  c_w.l(libinit2.o)
    0x08000218   0x00000000   Code   RO         6218    .ARM.Collect$$libinit$$00000030  c_w.l(libinit2.o)
    0x08000218   0x00000000   Code   RO         6220    .ARM.Collect$$libinit$$00000032  c_w.l(libinit2.o)
    0x08000218   0x00000002   Code   RO         6221    .ARM.Collect$$libinit$$00000033  c_w.l(libinit2.o)
    0x0800021a   0x00000002   Code   RO         6311    .ARM.Collect$$libshutdown$$00000000  c_w.l(libshutdown.o)
    0x0800021c   0x00000000   Code   RO         6269    .ARM.Collect$$libshutdown$$00000003  c_w.l(libshutdown2.o)
    0x0800021c   0x00000000   Code   RO         6272    .ARM.Collect$$libshutdown$$00000006  c_w.l(libshutdown2.o)
    0x0800021c   0x00000000   Code   RO         6275    .ARM.Collect$$libshutdown$$00000009  c_w.l(libshutdown2.o)
    0x0800021c   0x00000000   Code   RO         6277    .ARM.Collect$$libshutdown$$0000000B  c_w.l(libshutdown2.o)
    0x0800021c   0x00000000   Code   RO         6280    .ARM.Collect$$libshutdown$$0000000E  c_w.l(libshutdown2.o)
    0x0800021c   0x00000002   Code   RO         6281    .ARM.Collect$$libshutdown$$0000000F  c_w.l(libshutdown2.o)
    0x0800021e   0x00000000   Code   RO         6101    .ARM.Collect$$rtentry$$00000000  c_w.l(__rtentry.o)
    0x0800021e   0x00000000   Code   RO         6142    .ARM.Collect$$rtentry$$00000002  c_w.l(__rtentry2.o)
    0x0800021e   0x00000006   Code   RO         6154    .ARM.Collect$$rtentry$$00000004  c_w.l(__rtentry4.o)
    0x08000224   0x00000000   Code   RO         6144    .ARM.Collect$$rtentry$$00000009  c_w.l(__rtentry2.o)
    0x08000224   0x00000004   Code   RO         6145    .ARM.Collect$$rtentry$$0000000A  c_w.l(__rtentry2.o)
    0x08000228   0x00000000   Code   RO         6147    .ARM.Collect$$rtentry$$0000000C  c_w.l(__rtentry2.o)
    0x08000228   0x00000008   Code   RO         6148    .ARM.Collect$$rtentry$$0000000D  c_w.l(__rtentry2.o)
    0x08000230   0x00000002   Code   RO         6253    .ARM.Collect$$rtexit$$00000000  c_w.l(rtexit.o)
    0x08000232   0x00000000   Code   RO         6285    .ARM.Collect$$rtexit$$00000002  c_w.l(rtexit2.o)
    0x08000232   0x00000004   Code   RO         6286    .ARM.Collect$$rtexit$$00000003  c_w.l(rtexit2.o)
    0x08000236   0x00000006   Code   RO         6287    .ARM.Collect$$rtexit$$00000004  c_w.l(rtexit2.o)
    0x0800023c   0x00000000   Code   RO         6156    .emb_text           c_w.l(maybetermalloc1.o)
    0x0800023c   0x00000040   Code   RO           20    .text               startup_stm32f10x_cl.o
    0x0800027c   0x00000028   Code   RO         5997    .text               c_w.l(calloc.o)
    0x080002a4   0x0000004e   Code   RO         5999    .text               c_w.l(h1_free.o)
    0x080002f2   0x00000002   PAD
    0x080002f4   0x00000028   Code   RO         6055    .text               c_w.l(noretval__2sprintf.o)
    0x0800031c   0x00000068   Code   RO         6057    .text               c_w.l(__printf.o)
    0x08000384   0x00000078   Code   RO         6059    .text               c_w.l(_printf_dec.o)
    0x080003fc   0x00000058   Code   RO         6083    .text               c_w.l(memcmp.o)
    0x08000454   0x0000003e   Code   RO         6087    .text               c_w.l(strlen.o)
    0x08000492   0x0000008a   Code   RO         6089    .text               c_w.l(rt_memcpy_v6.o)
    0x0800051c   0x00000044   Code   RO         6091    .text               c_w.l(rt_memclr.o)
    0x08000560   0x0000004e   Code   RO         6093    .text               c_w.l(rt_memclr_w.o)
    0x080005ae   0x00000006   Code   RO         6095    .text               c_w.l(heapauxi.o)
    0x080005b4   0x00000008   Code   RO         6105    .text               c_w.l(rt_heap_descriptor_intlibspace.o)
    0x080005bc   0x00000004   Code   RO         6107    .text               c_w.l(hguard.o)
    0x080005c0   0x0000008a   Code   RO         6109    .text               c_w.l(init_alloc.o)
    0x0800064a   0x0000005e   Code   RO         6115    .text               c_w.l(h1_alloc.o)
    0x080006a8   0x000000b2   Code   RO         6129    .text               c_w.l(_printf_intcommon.o)
    0x0800075a   0x00000002   PAD
    0x0800075c   0x00000030   Code   RO         6131    .text               c_w.l(_printf_char_common.o)
    0x0800078c   0x0000000a   Code   RO         6133    .text               c_w.l(_sputc.o)
    0x08000796   0x00000064   Code   RO         6136    .text               c_w.l(rt_memcpy_w.o)
    0x080007fa   0x00000002   PAD
    0x080007fc   0x00000008   Code   RO         6138    .text               c_w.l(libspace.o)
    0x08000804   0x0000000e   Code   RO         6158    .text               c_w.l(h1_init.o)
    0x08000812   0x00000034   Code   RO         6160    .text               c_w.l(h1_extend.o)
    0x08000846   0x0000000e   Code   RO         6168    .text               c_w.l(defsig_rtmem_outer.o)
    0x08000854   0x0000004a   Code   RO         6224    .text               c_w.l(sys_stackheap_outer.o)
    0x0800089e   0x0000000c   Code   RO         6232    .text               c_w.l(exit.o)
    0x080008aa   0x0000000a   Code   RO         6234    .text               c_w.l(defsig_exit.o)
    0x080008b4   0x00000050   Code   RO         6236    .text               c_w.l(defsig_rtmem_inner.o)
    0x08000904   0x0000000c   Code   RO         6248    .text               c_w.l(sys_exit.o)
    0x08000910   0x00000002   Code   RO         6250    .text               c_w.l(use_no_semi.o)
    0x08000912   0x00000000   Code   RO         6252    .text               c_w.l(indicate_semi.o)
    0x08000912   0x00000032   Code   RO         6261    .text               c_w.l(defsig_general.o)
    0x08000944   0x0000000e   Code   RO         6282    .text               c_w.l(sys_wrch.o)
    0x08000952   0x00000004   Code   RO         3739    i.BusFault_Handler  stm32f10x_it.o
    0x08000956   0x00000036   Code   RO         4460    i.CloseTcp          tcpclient.o
    0x0800098c   0x00000020   Code   RO         4085    i.DMA1_Channel6_IRQHandler  uartcom2.o
    0x080009ac   0x00000030   Code   RO         4086    i.DMA1_Channel7_IRQHandler  uartcom2.o
    0x080009dc   0x0000001c   Code   RO          832    i.DMA_ClearFlag     stm32f10x_dma.o
    0x080009f8   0x00000018   Code   RO          834    i.DMA_Cmd           stm32f10x_dma.o
    0x08000a10   0x0000014c   Code   RO          835    i.DMA_DeInit        stm32f10x_dma.o
    0x08000b5c   0x00000008   Code   RO          836    i.DMA_GetCurrDataCounter  stm32f10x_dma.o
    0x08000b64   0x0000002c   Code   RO          837    i.DMA_GetFlagStatus  stm32f10x_dma.o
    0x08000b90   0x00000012   Code   RO          839    i.DMA_ITConfig      stm32f10x_dma.o
    0x08000ba2   0x0000003c   Code   RO          840    i.DMA_Init          stm32f10x_dma.o
    0x08000bde   0x00000002   Code   RO         3740    i.DebugMon_Handler  stm32f10x_it.o
    0x08000be0   0x00000014   Code   RO         3967    i.DisableAllLed     led.o
    0x08000bf4   0x0000000c   Code   RO         3130    i.ETH_DMAClearITPendingBit  stm32_eth.o
    0x08000c00   0x00000020   Code   RO         3131    i.ETH_DMAITConfig   stm32_eth.o
    0x08000c20   0x00000024   Code   RO         3134    i.ETH_DMAReceptionCmd  stm32_eth.o
    0x08000c44   0x00000054   Code   RO         3135    i.ETH_DMARxDescChainInit  stm32_eth.o
    0x08000c98   0x00000016   Code   RO         3137    i.ETH_DMARxDescReceiveITConfig  stm32_eth.o
    0x08000cae   0x00000002   PAD
    0x08000cb0   0x00000024   Code   RO         3140    i.ETH_DMATransmissionCmd  stm32_eth.o
    0x08000cd4   0x00000050   Code   RO         3143    i.ETH_DMATxDescChainInit  stm32_eth.o
    0x08000d24   0x00000008   Code   RO         3144    i.ETH_DMATxDescChecksumInsertionConfig  stm32_eth.o
    0x08000d2c   0x00000016   Code   RO         3152    i.ETH_DeInit        stm32_eth.o
    0x08000d42   0x0000001c   Code   RO         3153    i.ETH_Delay         stm32_eth.o
    0x08000d5e   0x00000002   PAD
    0x08000d60   0x00000014   Code   RO         3158    i.ETH_FlushTransmitFIFO  stm32_eth.o
    0x08000d74   0x0000000c   Code   RO         4626    i.ETH_GetCurrentTxBuffer  ethernetif.o
    0x08000d80   0x0000000a   Code   RO         3169    i.ETH_GetDMARxDescFrameLength  stm32_eth.o
    0x08000d8a   0x00000002   PAD
    0x08000d8c   0x00000048   Code   RO         3184    i.ETH_GetRxPktSize  stm32_eth.o
    0x08000dd4   0x00000018   Code   RO         3185    i.ETH_GetSoftwareResetStatus  stm32_eth.o
    0x08000dec   0x00000020   Code   RO         4150    i.ETH_IRQHandler    dp83848.o
    0x08000e0c   0x00000264   Code   RO         3192    i.ETH_Init          stm32_eth.o
    0x08001070   0x00000034   Code   RO         3195    i.ETH_MACAddressConfig  stm32_eth.o
    0x080010a4   0x00000024   Code   RO         3200    i.ETH_MACReceptionCmd  stm32_eth.o
    0x080010c8   0x00000024   Code   RO         3201    i.ETH_MACTransmissionCmd  stm32_eth.o
    0x080010ec   0x0000006c   Code   RO         3212    i.ETH_ReadPHYRegister  stm32_eth.o
    0x08001158   0x0000009c   Code   RO         4627    i.ETH_RxPkt_ChainMode  ethernetif.o
    0x080011f4   0x00000014   Code   RO         3223    i.ETH_SoftwareReset  stm32_eth.o
    0x08001208   0x00000020   Code   RO         3224    i.ETH_Start         stm32_eth.o
    0x08001228   0x000000a4   Code   RO         3225    i.ETH_StructInit    stm32_eth.o
    0x080012cc   0x00000068   Code   RO         4628    i.ETH_TxPkt_ChainMode  ethernetif.o
    0x08001334   0x00000068   Code   RO         3227    i.ETH_WritePHYRegister  stm32_eth.o
    0x0800139c   0x000000b4   Code   RO         4151    i.Ethernet_Configuration  dp83848.o
    0x08001450   0x0000010c   Code   RO         4152    i.GPIO_Configuration  dp83848.o
    0x0800155c   0x0000000c   Code   RO         1254    i.GPIO_ETH_MediaInterfaceConfig  stm32f10x_gpio.o
    0x08001568   0x00000116   Code   RO         1258    i.GPIO_Init         stm32f10x_gpio.o
    0x0800167e   0x00000002   PAD
    0x08001680   0x00000090   Code   RO         1260    i.GPIO_PinRemapConfig  stm32f10x_gpio.o
    0x08001710   0x00000004   Code   RO         1266    i.GPIO_SetBits      stm32f10x_gpio.o
    0x08001714   0x00000028   Code   RO         4153    i.HandleLwipPeriodicEvent  dp83848.o
    0x0800173c   0x00000004   Code   RO         3741    i.HardFault_Handler  stm32f10x_it.o
    0x08001740   0x00000014   Code   RO         4087    i.InitCom2Con       uartcom2.o
    0x08001754   0x000000b8   Code   RO         4088    i.InitCom2Dma       uartcom2.o
    0x0800180c   0x00000058   Code   RO         4089    i.InitCom2Nvic      uartcom2.o
    0x08001864   0x00000060   Code   RO         4090    i.InitCom2Para      uartcom2.o
    0x080018c4   0x00000058   Code   RO         4091    i.InitCom2Pin       uartcom2.o
    0x0800191c   0x00000010   Code   RO         4154    i.InitEthernet      dp83848.o
    0x0800192c   0x00000030   Code   RO         3971    i.InitLedCon        led.o
    0x0800195c   0x000001f4   Code   RO         4155    i.InitLwipCon       dp83848.o
    0x08001b50   0x00000050   Code   RO         4461    i.InitTcpClient     tcpclient.o
    0x08001ba0   0x0000000c   Code   RO         4432    i.InitTimer3Con     timer3.o
    0x08001bac   0x00000044   Code   RO         4433    i.InitTimer3Mode    timer3.o
    0x08001bf0   0x00000022   Code   RO         4434    i.InitTimer3Nvic    timer3.o
    0x08001c12   0x00000008   Code   RO         4414    i.InitTimerCon      totaltimer.o
    0x08001c1a   0x00000008   Code   RO         4033    i.InitUartCon       uart.o
    0x08001c22   0x00000002   PAD
    0x08001c24   0x00000010   Code   RO         4156    i.LwIP_Pkt_Handle   dp83848.o
    0x08001c34   0x00000004   Code   RO         3742    i.MemManage_Handler  stm32f10x_it.o
    0x08001c38   0x00000002   Code   RO         3743    i.NMI_Handler       stm32f10x_it.o
    0x08001c3a   0x00000034   Code   RO         4157    i.NVIC_Configuration  dp83848.o
    0x08001c6e   0x00000002   PAD
    0x08001c70   0x00000070   Code   RO           24    i.NVIC_Init         misc.o
    0x08001ce0   0x00000014   Code   RO           25    i.NVIC_PriorityGroupConfig  misc.o
    0x08001cf4   0x00000014   Code   RO           26    i.NVIC_SetVectorTable  misc.o
    0x08001d08   0x00000028   Code   RO         4462    i.OnTcpClientReceiveData  tcpclient.o
    0x08001d30   0x00000018   Code   RO         4463    i.OnTcpConnected    tcpclient.o
    0x08001d48   0x00000002   Code   RO         3744    i.PendSV_Handler    stm32f10x_it.o
    0x08001d4a   0x00000002   PAD
    0x08001d4c   0x00000020   Code   RO         1673    i.RCC_AHBPeriphClockCmd  stm32f10x_rcc.o
    0x08001d6c   0x00000020   Code   RO         1674    i.RCC_AHBPeriphResetCmd  stm32f10x_rcc.o
    0x08001d8c   0x00000020   Code   RO         1675    i.RCC_APB1PeriphClockCmd  stm32f10x_rcc.o
    0x08001dac   0x00000020   Code   RO         1677    i.RCC_APB2PeriphClockCmd  stm32f10x_rcc.o
    0x08001dcc   0x00000190   Code   RO         1685    i.RCC_GetClocksFreq  stm32f10x_rcc.o
    0x08001f5c   0x0000003c   Code   RO         1686    i.RCC_GetFlagStatus  stm32f10x_rcc.o
    0x08001f98   0x0000000c   Code   RO         1697    i.RCC_MCOConfig     stm32f10x_rcc.o
    0x08001fa4   0x0000000c   Code   RO         1703    i.RCC_PLL3Cmd       stm32f10x_rcc.o
    0x08001fb0   0x00000018   Code   RO         1704    i.RCC_PLL3Config    stm32f10x_rcc.o
    0x08001fc8   0x0000004c   Code   RO         4464    i.ReceiveTcpDataAsClient  tcpclient.o
    0x08002014   0x00000002   Code   RO         3745    i.SVC_Handler       stm32f10x_it.o
    0x08002016   0x00000002   PAD
    0x08002018   0x000000d4   Code   RO         4093    i.SendCom2Data      uartcom2.o
    0x080020ec   0x00000088   Code   RO         4465    i.SendTcpDataAsClient  tcpclient.o
    0x08002174   0x00000022   Code   RO         4035    i.SendUartData      uart.o
    0x08002196   0x00000008   Code   RO         3828    i.SetSysClock       system_stm32f10x.o
    0x0800219e   0x00000002   PAD
    0x080021a0   0x00000118   Code   RO         3829    i.SetSysClockTo72   system_stm32f10x.o
    0x080022b8   0x00000028   Code   RO           28    i.SysTick_CLKSourceConfig  misc.o
    0x080022e0   0x00000002   Code   RO         3746    i.SysTick_Handler   stm32f10x_it.o
    0x080022e2   0x00000002   PAD
    0x080022e4   0x0000006c   Code   RO         3831    i.SystemInit        system_stm32f10x.o
    0x08002350   0x00000064   Code   RO         4435    i.TIM3_IRQHandler   timer3.o
    0x080023b4   0x00000006   Code   RO         2357    i.TIM_ClearITPendingBit  stm32f10x_tim.o
    0x080023ba   0x00000018   Code   RO         2362    i.TIM_Cmd           stm32f10x_tim.o
    0x080023d2   0x00000022   Code   RO         2383    i.TIM_GetITStatus   stm32f10x_tim.o
    0x080023f4   0x00000012   Code   RO         2387    i.TIM_ITConfig      stm32f10x_tim.o
    0x08002406   0x00000002   PAD
    0x08002408   0x000000a4   Code   RO         2433    i.TIM_TimeBaseInit  stm32f10x_tim.o
    0x080024ac   0x00000030   Code   RO         4094    i.USART2_IRQHandler  uartcom2.o
    0x080024dc   0x00000018   Code   RO         2898    i.USART_Cmd         stm32f10x_usart.o
    0x080024f4   0x00000012   Code   RO         2899    i.USART_DMACmd      stm32f10x_usart.o
    0x08002506   0x00000054   Code   RO         2902    i.USART_GetITStatus  stm32f10x_usart.o
    0x0800255a   0x0000004a   Code   RO         2904    i.USART_ITConfig    stm32f10x_usart.o
    0x080025a4   0x000000d8   Code   RO         2905    i.USART_Init        stm32f10x_usart.o
    0x0800267c   0x00000018   Code   RO         2921    i.USART_StructInit  stm32f10x_usart.o
    0x08002694   0x00000004   Code   RO         3747    i.UsageFault_Handler  stm32f10x_it.o
    0x08002698   0x00000010   Code   RO         4158    i.addArpTimeIndex   dp83848.o
    0x080026a8   0x00000010   Code   RO         4159    i.addTcpTimeIndex   dp83848.o
    0x080026b8   0x0000001c   Code   RO         5830    i.arp_timer         timers.o
    0x080026d4   0x00000016   Code   RO         3952    i.copyArr           commontool.o
    0x080026ea   0x0000000c   Code   RO         4006    i.delay_init        delay.o
    0x080026f6   0x00000114   Code   RO         4520    i.etharp_arp_input  etharp.o
    0x0800280a   0x00000002   PAD
    0x0800280c   0x000001a0   Code   RO         4523    i.etharp_find_entry  etharp.o
    0x080029ac   0x00000040   Code   RO         4524    i.etharp_free_entry  etharp.o
    0x080029ec   0x00000158   Code   RO         4525    i.etharp_output     etharp.o
    0x08002b44   0x00000080   Code   RO         4526    i.etharp_output_to_arp_index  etharp.o
    0x08002bc4   0x00000194   Code   RO         4527    i.etharp_query      etharp.o
    0x08002d58   0x000000ce   Code   RO         4528    i.etharp_raw        etharp.o
    0x08002e26   0x00000002   PAD
    0x08002e28   0x0000002c   Code   RO         4529    i.etharp_request    etharp.o
    0x08002e54   0x00000044   Code   RO         4530    i.etharp_send_ip    etharp.o
    0x08002e98   0x0000008c   Code   RO         4531    i.etharp_tmr        etharp.o
    0x08002f24   0x000000c4   Code   RO         4532    i.etharp_update_arp_entry  etharp.o
    0x08002fe8   0x000000bc   Code   RO         4533    i.ethernet_input    etharp.o
    0x080030a4   0x00000028   Code   RO         4629    i.ethernetif_init   ethernetif.o
    0x080030cc   0x0000002c   Code   RO         4630    i.ethernetif_input  ethernetif.o
    0x080030f8   0x0000000c   Code   RO         4160    i.getArpPeriodFlag  dp83848.o
    0x08003104   0x0000000c   Code   RO         4161    i.getArpTimeIndex   dp83848.o
    0x08003110   0x00000008   Code   RO         4163    i.getHostName       dp83848.o
    0x08003118   0x0000000c   Code   RO         4165    i.getLwipTime       dp83848.o
    0x08003124   0x00000008   Code   RO         4166    i.getMacAddr        dp83848.o
    0x0800312c   0x00000008   Code   RO         4167    i.getServerIpAddr   dp83848.o
    0x08003134   0x0000000c   Code   RO         4168    i.getServerPort     dp83848.o
    0x08003140   0x0000000c   Code   RO         4170    i.getTcpLocalPort   dp83848.o
    0x0800314c   0x0000000c   Code   RO         4171    i.getTcpPeriodFlag  dp83848.o
    0x08003158   0x0000000c   Code   RO         4172    i.getTcpTimeIndex   dp83848.o
    0x08003164   0x00000012   Code   RO         4748    i.icmp_dest_unreach  icmp.o
    0x08003176   0x00000002   PAD
    0x08003178   0x00000184   Code   RO         4749    i.icmp_input        icmp.o
    0x080032fc   0x0000007a   Code   RO         4750    i.icmp_send_response  icmp.o
    0x08003376   0x00000012   Code   RO         4751    i.icmp_time_exceeded  icmp.o
    0x08003388   0x00000014   Code   RO         4799    i.inet_chksum       inet_chksum.o
    0x0800339c   0x00000056   Code   RO         4800    i.inet_chksum_pbuf  inet_chksum.o
    0x080033f2   0x0000004e   Code   RO         4899    i.ip4_addr_isbroadcast  ip_addr.o
    0x08003440   0x000001b8   Code   RO         4952    i.ip_frag           ip_frag.o
    0x080035f8   0x0000000a   Code   RO         4953    i.ip_frag_alloc_pbuf_custom_ref  ip_frag.o
    0x08003602   0x00000018   Code   RO         4954    i.ip_frag_free_pbuf_custom_ref  ip_frag.o
    0x0800361a   0x00000002   PAD
    0x0800361c   0x0000018c   Code   RO         4837    i.ip_input          ip.o
    0x080037a8   0x00000042   Code   RO         4838    i.ip_output         ip.o
    0x080037ea   0x00000002   PAD
    0x080037ec   0x000000d8   Code   RO         4839    i.ip_output_if      ip.o
    0x080038c4   0x0000018c   Code   RO         4955    i.ip_reass          ip_frag.o
    0x08003a50   0x000001a8   Code   RO         4956    i.ip_reass_chain_frag_into_datagram_and_validate  ip_frag.o
    0x08003bf8   0x00000034   Code   RO         4957    i.ip_reass_dequeue_datagram  ip_frag.o
    0x08003c2c   0x00000054   Code   RO         4958    i.ip_reass_enqueue_new_datagram  ip_frag.o
    0x08003c80   0x000000d8   Code   RO         4959    i.ip_reass_free_complete_datagram  ip_frag.o
    0x08003d58   0x0000007c   Code   RO         4960    i.ip_reass_remove_oldest_datagram  ip_frag.o
    0x08003dd4   0x0000001c   Code   RO         5831    i.ip_reass_timer    timers.o
    0x08003df0   0x00000034   Code   RO         4961    i.ip_reass_tmr      ip_frag.o
    0x08003e24   0x00000054   Code   RO         4840    i.ip_route          ip.o
    0x08003e78   0x0000002e   Code   RO         4962    i.ipfrag_free_pbuf_custom  ip_frag.o
    0x08003ea6   0x00000002   PAD
    0x08003ea8   0x000000a0   Code   RO         4631    i.low_level_init    ethernetif.o
    0x08003f48   0x00000074   Code   RO         4632    i.low_level_input   ethernetif.o
    0x08003fbc   0x00000034   Code   RO         4633    i.low_level_output  ethernetif.o
    0x08003ff0   0x0000001a   Code   RO         5021    i.lwip_htonl        def.o
    0x0800400a   0x0000000c   Code   RO         5022    i.lwip_htons        def.o
    0x08004016   0x0000001c   Code   RO         5063    i.lwip_init         init.o
    0x08004032   0x0000000c   Code   RO         5023    i.lwip_ntohl        def.o
    0x0800403e   0x0000000c   Code   RO         5024    i.lwip_ntohs        def.o
    0x0800404a   0x0000005e   Code   RO         4803    i.lwip_standard_chksum  inet_chksum.o
    0x080040a8   0x0000004c   Code   RO         3862    i.main              main.o
    0x080040f4   0x00000078   Code   RO         5100    i.mem_free          mem.o
    0x0800416c   0x0000005c   Code   RO         5101    i.mem_init          mem.o
    0x080041c8   0x00000128   Code   RO         5102    i.mem_malloc        mem.o
    0x080042f0   0x00000148   Code   RO         5103    i.mem_trim          mem.o
    0x08004438   0x0000002c   Code   RO         5144    i.memp_free         memp.o
    0x08004464   0x00000064   Code   RO         5145    i.memp_init         memp.o
    0x080044c8   0x0000003c   Code   RO         5146    i.memp_malloc       memp.o
    0x08004504   0x00000074   Code   RO         5180    i.netif_add         netif.o
    0x08004578   0x00000002   Code   RO         5182    i.netif_init        netif.o
    0x0800457a   0x00000028   Code   RO         5184    i.netif_set_addr    netif.o
    0x080045a2   0x00000002   PAD
    0x080045a4   0x0000000c   Code   RO         5185    i.netif_set_default  netif.o
    0x080045b0   0x0000000c   Code   RO         5187    i.netif_set_gw      netif.o
    0x080045bc   0x00000078   Code   RO         5188    i.netif_set_ipaddr  netif.o
    0x08004634   0x0000000c   Code   RO         5191    i.netif_set_netmask  netif.o
    0x08004640   0x00000036   Code   RO         5192    i.netif_set_up      netif.o
    0x08004676   0x00000202   Code   RO         5274    i.pbuf_alloc        pbuf.o
    0x08004878   0x00000070   Code   RO         5275    i.pbuf_alloced_custom  pbuf.o
    0x080048e8   0x00000050   Code   RO         5276    i.pbuf_cat          pbuf.o
    0x08004938   0x00000012   Code   RO         5278    i.pbuf_clen         pbuf.o
    0x0800494a   0x000000e4   Code   RO         5280    i.pbuf_copy         pbuf.o
    0x08004a2e   0x0000009a   Code   RO         5281    i.pbuf_copy_partial  pbuf.o
    0x08004ac8   0x000000ba   Code   RO         5283    i.pbuf_free         pbuf.o
    0x08004b82   0x0000008c   Code   RO         5285    i.pbuf_header       pbuf.o
    0x08004c0e   0x000000b0   Code   RO         5288    i.pbuf_realloc      pbuf.o
    0x08004cbe   0x0000000a   Code   RO         5289    i.pbuf_ref          pbuf.o
    0x08004cc8   0x000000b4   Code   RO         5104    i.plug_holes        mem.o
    0x08004d7c   0x00000074   Code   RO         5390    i.raw_input         raw.o
    0x08004df0   0x0000000c   Code   RO         4173    i.setArpPeriodFlag  dp83848.o
    0x08004dfc   0x0000000c   Code   RO         4174    i.setArpTimeIndex   dp83848.o
    0x08004e08   0x0000000c   Code   RO         4178    i.setLwipTime       dp83848.o
    0x08004e14   0x0000000c   Code   RO         4184    i.setTcpPeriodFlag  dp83848.o
    0x08004e20   0x0000000c   Code   RO         4185    i.setTcpTimeIndex   dp83848.o
    0x08004e2c   0x00000008   Code   RO         5972    i.sys_now           sys_arch.o
    0x08004e34   0x000000a4   Code   RO         5834    i.sys_timeout       timers.o
    0x08004ed8   0x00000030   Code   RO         5835    i.sys_timeouts_init  timers.o
    0x08004f08   0x000000a0   Code   RO         5456    i.tcp_abandon       tcp.o
    0x08004fa8   0x0000000e   Code   RO         5457    i.tcp_abort         tcp.o
    0x08004fb6   0x00000002   PAD
    0x08004fb8   0x000000bc   Code   RO         5460    i.tcp_alloc         tcp.o
    0x08005074   0x00000004   Code   RO         5461    i.tcp_arg           tcp.o
    0x08005078   0x0000009c   Code   RO         5462    i.tcp_bind          tcp.o
    0x08005114   0x0000001c   Code   RO         5463    i.tcp_close         tcp.o
    0x08005130   0x000001d4   Code   RO         5464    i.tcp_close_shutdown  tcp.o
    0x08005304   0x00000158   Code   RO         5465    i.tcp_connect       tcp.o
    0x0800545c   0x000000ac   Code   RO         5733    i.tcp_create_segment  tcp_out.o
    0x08005508   0x0000002e   Code   RO         5467    i.tcp_eff_send_mss  tcp.o
    0x08005536   0x00000146   Code   RO         5734    i.tcp_enqueue_flags  tcp_out.o
    0x0800567c   0x00000014   Code   RO         5468    i.tcp_err           tcp.o
    0x08005690   0x0000007c   Code   RO         5469    i.tcp_fasttmr       tcp.o
    0x0800570c   0x00000002   Code   RO         5470    i.tcp_init          tcp.o
    0x0800570e   0x00000002   PAD
    0x08005710   0x000004d0   Code   RO         5685    i.tcp_input         tcp_in.o
    0x08005be0   0x00000044   Code   RO         5735    i.tcp_keepalive     tcp_out.o
    0x08005c24   0x00000054   Code   RO         5471    i.tcp_kill_prio     tcp.o
    0x08005c78   0x0000003c   Code   RO         5472    i.tcp_kill_timewait  tcp.o
    0x08005cb4   0x00000130   Code   RO         5686    i.tcp_listen_input  tcp_in.o
    0x08005de4   0x0000000a   Code   RO         5474    i.tcp_new           tcp.o
    0x08005dee   0x00000002   PAD
    0x08005df0   0x00000068   Code   RO         5475    i.tcp_new_port      tcp.o
    0x08005e58   0x0000001c   Code   RO         5476    i.tcp_next_iss      tcp.o
    0x08005e74   0x000001d4   Code   RO         5736    i.tcp_output        tcp_out.o
    0x08006048   0x00000086   Code   RO         5737    i.tcp_output_alloc_header  tcp_out.o
    0x080060ce   0x00000002   PAD
    0x080060d0   0x000000d0   Code   RO         5738    i.tcp_output_segment  tcp_out.o
    0x080061a0   0x000000b8   Code   RO         5687    i.tcp_parseopt      tcp_in.o
    0x08006258   0x00000080   Code   RO         5739    i.tcp_pbuf_prealloc  tcp_out.o
    0x080062d8   0x00000040   Code   RO         5477    i.tcp_pcb_purge     tcp.o
    0x08006318   0x000000a0   Code   RO         5478    i.tcp_pcb_remove    tcp.o
    0x080063b8   0x00000018   Code   RO         5479    i.tcp_poll          tcp.o
    0x080063d0   0x000005ac   Code   RO         5688    i.tcp_process       tcp_in.o
    0x0800697c   0x0000008c   Code   RO         5480    i.tcp_process_refused_data  tcp.o
    0x08006a08   0x000006c4   Code   RO         5689    i.tcp_receive       tcp_in.o
    0x080070cc   0x00000012   Code   RO         5481    i.tcp_recv          tcp.o
    0x080070de   0x0000002e   Code   RO         5482    i.tcp_recv_null     tcp.o
    0x0800710c   0x00000060   Code   RO         5483    i.tcp_recved        tcp.o
    0x0800716c   0x0000005a   Code   RO         5740    i.tcp_rexmit        tcp_out.o
    0x080071c6   0x00000070   Code   RO         5741    i.tcp_rexmit_fast   tcp_out.o
    0x08007236   0x0000003a   Code   RO         5742    i.tcp_rexmit_rto    tcp_out.o
    0x08007270   0x00000086   Code   RO         5743    i.tcp_rst           tcp_out.o
    0x080072f6   0x0000001a   Code   RO         5484    i.tcp_seg_free      tcp.o
    0x08007310   0x00000018   Code   RO         5485    i.tcp_segs_free     tcp.o
    0x08007328   0x0000004e   Code   RO         5744    i.tcp_send_empty_ack  tcp_out.o
    0x08007376   0x0000004a   Code   RO         5745    i.tcp_send_fin      tcp_out.o
    0x080073c0   0x00000012   Code   RO         5486    i.tcp_sent          tcp.o
    0x080073d2   0x00000002   PAD
    0x080073d4   0x00000388   Code   RO         5489    i.tcp_slowtmr       tcp.o
    0x0800775c   0x00000038   Code   RO         5837    i.tcp_timer_needed  timers.o
    0x08007794   0x000000ac   Code   RO         5690    i.tcp_timewait_input  tcp_in.o
    0x08007840   0x00000024   Code   RO         5490    i.tcp_tmr           tcp.o
    0x08007864   0x00000058   Code   RO         5491    i.tcp_update_rcv_ann_wnd  tcp.o
    0x080078bc   0x000003e6   Code   RO         5746    i.tcp_write         tcp_out.o
    0x08007ca2   0x00000088   Code   RO         5747    i.tcp_write_checks  tcp_out.o
    0x08007d2a   0x000000a4   Code   RO         5748    i.tcp_zero_window_probe  tcp_out.o
    0x08007dce   0x00000002   PAD
    0x08007dd0   0x00000038   Code   RO         5838    i.tcpip_tcp_timer   timers.o
    0x08007e08   0x00000002   Code   RO         5892    i.udp_init          udp.o
    0x08007e0a   0x00000002   PAD
    0x08007e0c   0x000001a4   Code   RO         5893    i.udp_input         udp.o
    0x08007fb0   0x0000000c   Data   RO         4535    .constdata          etharp.o
    0x08007fbc   0x00000008   Data   RO         4906    .constdata          ip_addr.o
    0x08007fc4   0x00000028   Data   RO         5148    .constdata          memp.o
    0x08007fec   0x00000050   Data   RO         5492    .constdata          tcp.o
    0x0800803c   0x00000075   Data   RO         5493    .conststring        tcp.o
    0x080080b1   0x00000003   PAD
    0x080080b4   0x00000020   Data   RO         6312    Region$$Table       anon$$obj.o


    Execution Region RW_IRAM1 (Base: 0x20000000, Size: 0x0000b910, Max: 0x00010000, ABSOLUTE, COMPRESSED[0x00000040])

    Base Addr    Size         Type   Attr      Idx    E Section Name        Object

    0x20000000   0x00000014   Data   RW         1713    .data               stm32f10x_rcc.o
    0x20000014   0x00000010   Data   RW         3228    .data               stm32_eth.o
    0x20000024   0x00000003   Data   RW         4096    .data               uartcom2.o
    0x20000027   0x00000001   PAD
    0x20000028   0x0000008e   Data   RW         4187    .data               dp83848.o
    0x200000b6   0x00000002   PAD
    0x200000b8   0x00000008   Data   RW         4466    .data               tcpclient.o
    0x200000c0   0x00000001   Data   RW         4536    .data               etharp.o
    0x200000c1   0x00000003   PAD
    0x200000c4   0x00000012   Data   RW         4841    .data               ip.o
    0x200000d6   0x00000002   PAD
    0x200000d8   0x00000006   Data   RW         4963    .data               ip_frag.o
    0x200000de   0x00000002   PAD
    0x200000e0   0x0000000c   Data   RW         5106    .data               mem.o
    0x200000ec   0x00000009   Data   RW         5193    .data               netif.o
    0x200000f5   0x00000003   PAD
    0x200000f8   0x00000004   Data   RW         5396    .data               raw.o
    0x200000fc   0x00000024   Data   RW         5494    .data               tcp.o
    0x20000120   0x00000020   Data   RW         5692    .data               tcp_in.o
    0x20000140   0x0000000c   Data   RW         5839    .data               timers.o
    0x2000014c   0x00000008   Data   RW         5901    .data               udp.o
    0x20000154   0x00000096   Zero   RW         4095    .bss                uartcom2.o
    0x200001ea   0x00000002   PAD
    0x200001ec   0x00000034   Zero   RW         4186    .bss                dp83848.o
    0x20000220   0x000000c8   Zero   RW         4534    .bss                etharp.o
    0x200002e8   0x00003c00   Zero   RW         4634    .bss                ethernetif.o
    0x20003ee8   0x00003e94   Zero   RW         5105    .bss                mem.o
    0x20007d7c   0x00003523   Zero   RW         5147    .bss                memp.o
    0x2000b29f   0x00000001   PAD
    0x2000b2a0   0x00000010   Zero   RW         5691    .bss                tcp_in.o
    0x2000b2b0   0x00000060   Zero   RW         6139    .bss                c_w.l(libspace.o)
    0x2000b310   0x00000200   Zero   RW           18    HEAP                startup_stm32f10x_cl.o
    0x2000b510   0x00000400   Zero   RW           17    STACK               startup_stm32f10x_cl.o


==============================================================================

Image component sizes


      Code (inc. data)   RO Data    RW Data    ZI Data      Debug   Object Name

        22          0          0          0          0        542   commontool.o
         0          0          0          0          0       4560   core_cm3.o
        62          0          0          0          0       1892   def.o
        12          0          0          0          0        413   delay.o
      1304        260          0        142         52      14428   dp83848.o
      2474         62         12          1        200      12777   etharp.o
       684         54          0          0      15360       7465   ethernetif.o
       546         10          0          0          0       3402   icmp.o
         0          0          0          0          0       3800   inet.o
       200          0          0          0          0       2449   inet_chksum.o
        28          0          0          0          0        996   init.o
       762         32          0         18          0      16350   ip.o
        78          0          8          0          0       7190   ip_addr.o
      1868         46          0          6          0      10276   ip_frag.o
        68         10          0          0          0        865   led.o
        76          8          0          0          0      21247   main.o
      1016         70          0         12      16020       4733   mem.o
       204         30         40          0      13603       3018   memp.o
       192         30          0          0          0     281447   misc.o
       368         26          0          9          0       7034   netif.o
      1618          0          0          0          0       8326   pbuf.o
       116         14          0          4          0       1428   raw.o
        64         26        336          0       1536        776   startup_stm32f10x_cl.o
      1650        136          0         16          0      46338   stm32_eth.o
       514         26          0          0          0       5434   stm32f10x_dma.o
       438         12          0          0          0       3709   stm32f10x_gpio.o
        26          0          0          0          0       3582   stm32f10x_it.o
       636         72          0         20          0       8225   stm32f10x_rcc.o
       246         42          0          0          0       3358   stm32f10x_tim.o
       440          6          0          0          0       5320   stm32f10x_usart.o
         8          0          0          0          0        450   sys_arch.o
       396         32          0          0          0       1777   system_stm32f10x.o
      3484        178        197         36          0      28481   tcp.o
      5076        306          0         32         16      16259   tcp_in.o
      3348         10          0          0          0      14079   tcp_out.o
       410         30          0          8          0       4197   tcpclient.o
       214         12          0          0          0       1842   timer3.o
       380         64          0         12          0       3309   timers.o
         8          0          0          0          0        427   totaltimer.o
        42          0          0          0          0     222933   uart.o
       816         74          0          3        150       5191   uartcom2.o
       422         14          0          8          0       3602   udp.o

    ----------------------------------------------------------------------
     30366       1692        628        340      46940     793927   Object Totals
         0          0         32          0          0          0   (incl. Generated)
        50          0          3         13          3          0   (incl. Padding)

    ----------------------------------------------------------------------

      Code (inc. data)   RO Data    RW Data    ZI Data      Debug   Library Member Name

        90          0          0          0          0          0   __dczerorl2.o
         8          0          0          0          0         68   __main.o
       104          0          0          0          0         84   __printf.o
         0          0          0          0          0          0   __rtentry.o
        12          0          0          0          0          0   __rtentry2.o
         6          0          0          0          0          0   __rtentry4.o
        52          8          0          0          0          0   __scatter.o
        28          0          0          0          0          0   __scatter_zi.o
        48          6          0          0          0         96   _printf_char_common.o
         6          0          0          0          0          0   _printf_d.o
       120         16          0          0          0         92   _printf_dec.o
       178          0          0          0          0         88   _printf_intcommon.o
         0          0          0          0          0          0   _printf_percent.o
         4          0          0          0          0          0   _printf_percent_end.o
        10          0          0          0          0         68   _sputc.o
        40          0          0          0          0         80   calloc.o
        10          0          0          0          0         68   defsig_exit.o
        50          0          0          0          0         88   defsig_general.o
        80         58          0          0          0         76   defsig_rtmem_inner.o
        14          0          0          0          0         80   defsig_rtmem_outer.o
        12          0          0          0          0         72   exit.o
        94          0          0          0          0         80   h1_alloc.o
        52          0          0          0          0         68   h1_extend.o
        78          0          0          0          0         80   h1_free.o
        14          0          0          0          0         84   h1_init.o
         6          0          0          0          0        152   heapauxi.o
         4          0          0          0          0        136   hguard.o
         0          0          0          0          0          0   indicate_semi.o
       138          0          0          0          0        168   init_alloc.o
         2          0          0          0          0          0   libinit.o
        10          0          0          0          0          0   libinit2.o
         2          0          0          0          0          0   libshutdown.o
         2          0          0          0          0          0   libshutdown2.o
         8          4          0          0         96         68   libspace.o
         0          0          0          0          0          0   maybetermalloc1.o
        88          0          0          0          0         76   memcmp.o
        40          6          0          0          0         84   noretval__2sprintf.o
         8          4          0          0          0         68   rt_heap_descriptor_intlibspace.o
        68          0          0          0          0         68   rt_memclr.o
        78          0          0          0          0         80   rt_memclr_w.o
       138          0          0          0          0         68   rt_memcpy_v6.o
       100          0          0          0          0         80   rt_memcpy_w.o
         2          0          0          0          0          0   rtexit.o
        10          0          0          0          0          0   rtexit2.o
        62          0          0          0          0         76   strlen.o
        12          4          0          0          0         68   sys_exit.o
        74          0          0          0          0         80   sys_stackheap_outer.o
        14          0          0          0          0         76   sys_wrch.o
         2          0          0          0          0         68   use_no_semi.o

    ----------------------------------------------------------------------
      1986        106          0          0         96       2688   Library Totals
         8          0          0          0          0          0   (incl. Padding)

    ----------------------------------------------------------------------

      Code (inc. data)   RO Data    RW Data    ZI Data      Debug   Library Name

      1978        106          0          0         96       2688   c_w.l

    ----------------------------------------------------------------------
      1986        106          0          0         96       2688   Library Totals

    ----------------------------------------------------------------------

==============================================================================


      Code (inc. data)   RO Data    RW Data    ZI Data      Debug   

     32352       1798        628        340      47036     781947   Grand Totals
     32352       1798        628         64      47036     781947   ELF Image Totals (compressed)
     32352       1798        628         64          0          0   ROM Totals

==============================================================================

    Total RO  Size (Code + RO Data)                32980 (  32.21kB)
    Total RW  Size (RW Data + ZI Data)             47376 (  46.27kB)
    Total ROM Size (Code + RO Data + RW Data)      33044 (  32.27kB)

==============================================================================

